    total time: 1.39281s
logp_grad time: 1.38882s
logp_grad fraction: 0.997136
        logp_grad calls: 3201
        time per call: 0.00043387s

Adaptation completed.
Macro time = 0.394805
Mass matrix diagonal = [ 0.00142432
 0.00122914
 0.00256996
 0.00190883
0.000103662
2.52338e-05
 0.00101678
0.000123929
 0.00021336
0.000988942
   0.053186
 0.00182716
0.000885866
9.59113e-05
0.000185172
  0.0018337
 0.00126555
 0.00220576
0.000461705
 0.00130168
0.000112498
  0.0020256
0.000103824
0.000153153
 0.00215567
0.000391448
0.000152908
0.000161748
 0.00172836
0.000747798
 0.00314711
0.000443862
0.000371611
0.000392514
0.000660825
0.000180069
 0.00018221
 0.00102729
 0.00115627
0.000108145
0.000127491
0.000351055
0.000155096
   0.001874
5.69347e-05
0.000120833
  0.0121422
  0.0025154
0.000173642
0.000668094
0.000293828
 0.00209597
0.000414768
 0.00136013
 0.00049381
 0.00770991
0.000604053
6.73018e-05
 0.00101025
 0.00191057
 0.00083883
0.000589956
2.04866e-05
 0.00610427
 0.00220036
0.000933586
0.000555369
 7.8755e-05
 0.00011773
 0.00120966
 0.00165421
0.000306514
0.000159526
 0.00016028
0.000227931
0.000307993
 0.00155588
 0.00186458
 0.00180594
0.000418009
 0.00160989
0.000103582
   0.007403
 7.0534e-05
  0.0030985
7.00945e-05
 0.00064808
 0.00375468
 0.00101282
  0.0014905
0.000569246
 0.00141666
0.000622575
 0.00834686
 0.00999902
0.000915145
 0.00266983
0.000736616
  0.0010105
0.000786556
   0.101909
 0.00184805
8.68003e-05
0.000993707
0.000194054
9.82403e-06
  0.0114988
0.000538507
 0.00637058
0.000740184
0.000459743
 0.00249153
 0.00137351
 0.00107048
 0.00055159
6.55607e-05
0.000654392
0.000554006
 0.00163861
  0.0765482
0.000476031
0.000525409
 0.00348779
 0.00040479
0.000231959
2.16293e-05
0.000505878
 0.00153439
0.000385572
0.000201301
0.000894168
0.000419261
 0.00349688
0.000274903
6.13659e-05
0.000104804
  0.0106412
0.000609185
0.000219157
0.000324956
7.00137e-05
 2.1453e-05
5.81035e-05
 0.00544449
  0.0538756
 0.00110983
7.65176e-05
 0.00122623
 0.00249706
 0.00308024
0.000905095
 0.00137407
 0.00162303
 0.00785508
 0.00135167
5.00632e-05
0.000363857
 0.00152216
3.10575e-05
0.000927862
4.27951e-05
 0.00139178
0.000523156
  0.0010799
0.000201983
 0.00194045
  0.0017187
0.000642987
 0.00173703
0.000156636
 0.00514187
 0.00452939
0.000112773
0.000317213
 0.00138369
 0.00783109
0.000116356
 0.00151407
  0.0439658
 0.00011064
0.000704497
0.000128288
 0.00118884
6.73696e-05
  6.522e-05
 0.00117782
0.000243696
8.97244e-05
0.000139422
  0.0104949
 0.00137464
 0.00168779
 0.00637414
 0.00139849
0.000834402
6.36177e-05
0.000651154
0.000739753
  0.0108805
 0.00036814
 0.00258839
6.24391e-06
  0.0042062
 5.0126e-05
0.000477797
0.000601976
 0.00277265
0.000189126
0.000819483
0.000522891
 0.00356735
0.000856518
0.000532406
0.000315414
  0.0076286
 0.00288504
    0.15747
 1.2547e-05
 0.00072057
 0.00150487
 0.00171545
0.000667468
  0.0027036
3.78134e-05
 0.00183334
7.93838e-05
8.91255e-05
 0.00114505
0.000519074
 0.00287982
0.000755522
0.000796618
 0.00768923
 0.00165082
0.000296372
0.000651751
 0.00174611
0.000176815
 0.00108416
0.000332085
 0.00958781
0.000723625
4.67447e-05
 0.00104342
0.000265865
0.000519403
0.000485295
6.26117e-05
0.000793388
6.41934e-05
0.000372721
 0.00225153
 0.00194669
0.000900016
 0.00132464
0.000335352
  0.0019175
0.000285311
  0.0144934
  0.0014359
0.000342312
0.000992351
0.000834632
 5.7058e-05
0.000309928
0.000506002
  4.361e-05
 0.00039302
 0.00633398
 0.00430758
0.000251633
2.86006e-05
0.000631875
  0.0151555
0.000154772
0.000863044
0.000808568
 0.00128315
  0.0004347
0.000399247
 0.00532616
2.88768e-05
 0.00100371
  0.0156648
0.000373561
  0.0012481
0.000221108
  0.0011911
5.62769e-05
  0.0145384
0.000344968
0.000150895
 0.00019717
  0.0431725
0.000356342
0.000511606
 0.00795349
0.000364146
0.000204774
0.000961858
0.000319527
0.000153399
 0.00623406
0.000564471
 0.00284884
 0.00176042
 0.00101194
 0.00121614
 0.00216673
0.000938445
0.000691795
 0.00183335
 0.00245453
0.000724808
 0.00354487
 0.00312635
0.000284851
 0.00114392
0.000304935
 0.00212814
0.000142169
0.000279865
0.000214287
3.71288e-05
 0.00121044
0.000318728
0.000784604
0.000674912
0.000984045
 0.00127209
0.000502423
 0.00327792
0.000135684
0.000344248
 0.00158213
0.000180464
3.24432e-05
0.000491645
0.000712606
 0.00472258
 0.00121212
0.000252818
 0.00573527
0.000195247
0.000382064
 0.00154974
 0.00525018
0.000657441
0.000265457
  0.0130666
 0.00039207
0.000655599
 0.00021943
0.000707676
 0.00057415
 0.00057434
0.000391448
0.000469943
0.000894749
 0.00255243
0.000681337
 0.00752976
0.000193466
0.000547165
 0.00181359
0.000162774
 0.00108212
0.000142882
0.000104327
 0.00027305
0.000107725
0.000442325
 0.00146851
0.000251909
 0.00599857
0.000271619
0.000451305
0.000260516
 7.6283e-05
 0.00193394
0.000909193
0.000554283
0.000253951
 0.00277238
5.91758e-05
0.000246508
1.65015e-05
1.01608e-06
 3.0422e-07]
    total time: 1.32046s
logp_grad time: 1.31517s
logp_grad fraction: 0.99599
        logp_grad calls: 3200
        time per call: 0.00041099s

alpha_raw.1: mean = 0.790922, stddev = 3.34745e-16
alpha_raw.2: mean = -1.57052, stddev = 1.56214e-15
alpha_raw.3: mean = 0.592502, stddev = 3.34745e-16
alpha_raw.4: mean = -1.85527, stddev = 3.57061e-15
... elided 769 rows ...
alpha.384: mean = -5.93955, stddev = 1.60678e-14
alpha.385: mean = -4.40222, stddev = 8.92653e-15
alpha.386: mean = -11.9309, stddev = 7.14122e-15
