    total time: 0.0566071s
logp_grad time: 0.0563647s
logp_grad fraction: 0.995719
        logp_grad calls: 1552
        time per call: 3.63175e-05s

Adaptation completed.
Note: multi-chain mode (walnutpie::adapt) reports a log-mass cross-chain dispersion diagnostic for mode-aware reinit policies; single-chain CLI does not.
Macro time = 0.528592
Mass matrix diagonal = [1.62589e-05
0.000669333
0.000384532
0.000707921
0.000736679
 0.00309398
 0.00517566
0.000949192
0.000901954
 0.00308887
0.000819207
 0.00228405
 0.00590892
 0.00100899
0.000480848
 0.00169655
 0.00161093
0.000477562
0.000501276
   0.322852
0.000614328
0.000161655
1.84186e-05
2.10427e-05
4.40792e-05
1.10792e-06]
    total time: 0.0539969s
logp_grad time: 0.0538157s
logp_grad fraction: 0.996643
        logp_grad calls: 1550
        time per call: 3.47198e-05s

b.1: mean = 0.0928569, stddev = 4.2056e-17
b.2: mean = -1.55381, stddev = 6.72897e-16
b.3: mean = 0.884616, stddev = 1.00935e-15
b.4: mean = -1.64176, stddev = 1.57009e-15
... elided 21 rows ...
Intercept: mean = 0.971578, stddev = 6.72897e-16
sigma: mean = 1.24349, stddev = 4.48598e-16
b_Intercept: mean = 7.28212, stddev = 2.69159e-15
