    total time: 0.482367s
logp_grad time: 0.470828s
logp_grad fraction: 0.976079
        logp_grad calls: 2762
        time per call: 0.000170466s

Adaptation completed.
Macro time = 0.338578
Mass matrix diagonal = [ 0.0202681
 0.0060929
0.00485048
0.00774319
 0.0128722
  0.670177
  0.662551
  0.663378
  0.656385
  0.657991
  0.662648
  0.669283
  0.680205
  0.652206
  0.642519
  0.649602
  0.657432
  0.666587
    0.6723
  0.665653
  0.674781
  0.675292
  0.666419
  0.677616
   0.67783
  0.675589
  0.661804
  0.664187
  0.668158
  0.667766
  0.654774
  0.663007
   0.67868
  0.701241
  0.699583
  0.693136
  0.667396
  0.682797
  0.680583
  0.669724
  0.670427
  0.664501
   0.65425
  0.668691
  0.667506
  0.690085
  0.707136
  0.685383
  0.706644
  0.707521
  0.686857
  0.687764
  0.692078
  0.692678
  0.681542
   0.70511
  0.735233
  0.667357
  0.672602
  0.684499
  0.681004
    0.6965
  0.688279
  0.699178
  0.700014
  0.691602
  0.715835
   0.72141
  0.709784
  0.733364
   0.70344
  0.716409
  0.709632
   0.73173
  0.716319
  0.709892
    0.7051
  0.711141
  0.710492
  0.712974
  0.726555
  0.681822
  0.661016
  0.647075
  0.658484
  0.653788
  0.678536
  0.672544
  0.666902
  0.667976
  0.665664
  0.683781
  0.661717
  0.670701
  0.675484
  0.663143
  0.677544
   1.17091
  0.666976
  0.659864
    0.6576
   0.66135
  0.661998
  0.658071
  0.671281
  0.682897
  0.676433
  0.690876
  0.669872
  0.665411
  0.662584
  0.670957
  0.684503
  0.662301
  0.668168
  0.671634
  0.645693
    0.6652
  0.663925
  0.656489
  0.663061
  0.656785
  0.668871
  0.664803
  0.679257
  0.675415
  0.665453
  0.663298
   0.65757
  0.684952
  0.658862
  0.689291
  0.667054
  0.668096
   0.69622
  0.675394
   0.69158
  0.692264
  0.686924
  0.671335
  0.684943
  0.689734
   0.67527
  0.675462
  0.685828
  0.709967
  0.725012
  0.686625
   0.66765
   0.69448
  0.691074
  0.670543
  0.682094
  0.690993
  0.677671
  0.694838
  0.706629
  0.704169
  0.715593
  0.712704
  0.699314
  0.675556
  0.688576
  0.681072
  0.679937
  0.704962
  0.680344
  0.695419
   0.68307
  0.707438
  0.686233
  0.692282
  0.684504
  0.686732
  0.711116
  0.676005
  0.689183
  0.682878
  0.700068
  0.670601
  0.689751
  0.682746
  0.697357
  0.681747
  0.719979
   0.68402
  0.691063
  0.694656
  0.732338
   0.71844
  0.700808
  0.717246
  0.682995
  0.703696
  0.679392
  0.688983
  0.686034
  0.687449
  0.679429
  0.681897
  0.689974
  0.676641
  0.695053
  0.703418
  0.685976
  0.677752
  0.707749
  0.720849
  0.681569
  0.699648
  0.686544
  0.680396
  0.695226
  0.694567
  0.677401
  0.659477
  0.677199
  0.673249
  0.704471
  0.690241
  0.686319
  0.685718
   0.70978
  0.700533
  0.692916
  0.684052
  0.684179
  0.689005
  0.691396
  0.695141
  0.685512
   0.70384
  0.695762
  0.686332
  0.700753
  0.686419
  0.686558
   0.73336
  0.688875
  0.684188
  0.669088
  0.694974
  0.689193
  0.691452
  0.694962
  0.693594
  0.684285
    0.6903
  0.698199
  0.699511
  0.704901
  0.691069
  0.703785
  0.686249
  0.681786
  0.695322
  0.682693
   0.68072
  0.708357
  0.710884
  0.691436
  0.703162
  0.746098
  0.709976
  0.711765
  0.710369
  0.742674
  0.699491
  0.713254
  0.712129
  0.690408
  0.726542
  0.709282
  0.737384
  0.712646
  0.710662
  0.713312
  0.715888
   0.70878
  0.722499
  0.707004
  0.700306
  0.734241
  0.759309
  0.710966
  0.699972
  0.714244
  0.721744
  0.706773
  0.722218
  0.722725
  0.714635
  0.729851
  0.726813
  0.709244
  0.717558
  0.724263
  0.723102
  0.710038
  0.726457
  0.713388
   0.71983
  0.737087
  0.706519
  0.710478
  0.721117
  0.751114
  0.737144
  0.725491
  0.731015
  0.736548
  0.695667
    0.7102
  0.716358
  0.710862
  0.724413
  0.704978
  0.727035
  0.750477
  0.700137
  0.723655
  0.752567
  0.717611
  0.691011
  0.717943
  0.715205
  0.717423
  0.722668
  0.732869
  0.718603
  0.713306
  0.732882
  0.707051
  0.725989
  0.716113
  0.715874
  0.697502
  0.697099
  0.708128
  0.712691
  0.720187
  0.676081
  0.651941
  0.669802
  0.680893
  0.703904
  0.669392
   0.67101
  0.671789
  0.667486
   0.74623
  0.672386
  0.666318
  0.678056
  0.665407
  0.662653
   0.66856
  0.709501
   0.69593
  0.685763
  0.697628
  0.678855
  0.697416
   0.67997
  0.691793
  0.689586
  0.696311
  0.699578
  0.689272
  0.700887
  0.694394
  0.699918
   0.68831
  0.689963
  0.686353
  0.686829
  0.694632
  0.682231
  0.685182
  0.695455
  0.694889
  0.690874
  0.688564
  0.668038
  0.681729
  0.676577
  0.678577
  0.694838
  0.694172
  0.685315
  0.692104
  0.705767
  0.692681
  0.694419
  0.692666
  0.693008
  0.704567
   0.69469
  0.685912
  0.695775
  0.702352
  0.675519
  0.697264
  0.686997
  0.697074
  0.689091
  0.693667
  0.684778
  0.677428
  0.683634
  0.705272
  0.687181
  0.674147
  0.691455
  0.677237
  0.678156
  0.676245
  0.682014
  0.700416
   1.06736
  0.689745
  0.700794
  0.687385
  0.685817
  0.688255
   0.69048
  0.683761
  0.695717
  0.681813
  0.705979
  0.694694
  0.704182
  0.708039
  0.703053
  0.703319
  0.728784
  0.721895
  0.716704
  0.738465
   0.73067
  0.711256
  0.742074
  0.706861
  0.707926
   0.71885
   0.71988
  0.726353
  0.720735
  0.713585
  0.733139
  0.724385
  0.753239
  0.703978
  0.713587
   0.70441
  0.723589
  0.711217
  0.712911
  0.738462
  0.725885
  0.716036
  0.772034
  0.709282
  0.745298
   0.70555
  0.740551
  0.727493
  0.701873
  0.726444
   0.70319
  0.713277
   0.76393
  0.733422
  0.708186
  0.723168
  0.714165
  0.719309
  0.718428
  0.721188
  0.711483
  0.721453
  0.709877
  0.721725
  0.713023
  0.715697
  0.736874
  0.713754
  0.720475
  0.720003
  0.704393
  0.714185
  0.721028
  0.711974
  0.723798
  0.700565
  0.729462
  0.708299
  0.710808
  0.723526
    0.7292
  0.731658
  0.719663
  0.711764
  0.715756
  0.721172
   0.72093
  0.706993
  0.730718
  0.726613
  0.719045
   0.70518
  0.703267
  0.700106
  0.716412
   0.71742
  0.710366
  0.719391
   0.71246
   0.71059
  0.716883
  0.728341
  0.712681
  0.720914
  0.721281
  0.723711
   0.71475
  0.703425
  0.714362
  0.731651
  0.713951
  0.719463
  0.719775
  0.727503
  0.725565
   0.72536
   0.74999
  0.723182
  0.726085
  0.741533
  0.736023
  0.705186
  0.734912
  0.716624
  0.712363
  0.721178
  0.707997
  0.722987
  0.704915
  0.734308
     0.712
  0.716726
  0.722443
  0.714713
  0.714108
   0.73319
  0.716562
  0.725993
   0.72216
  0.722345
  0.735334
  0.720014
  0.708146
  0.724699
  0.708766
  0.717099
  0.713607
  0.714931
  0.712599
  0.727282
  0.736369
  0.716257
  0.731281
  0.712718
  0.711426
  0.709679
  0.730857
  0.726115
  0.729124
  0.692918
  0.705251
  0.722257
  0.707671
  0.708036
  0.711123
  0.725782
  0.681421
   0.71615
  0.705271
  0.715345
  0.730481
  0.734887
  0.710154
  0.718971
  0.707852
  0.718662
  0.714706
  0.710465
  0.720912
  0.713936
  0.718547
   0.72849
  0.733449
  0.704428
   0.72598
  0.736784
  0.712466
  0.725241
  0.680408
  0.677321
  0.680464
   0.68369
  0.682072
  0.691884
  0.706377
  0.686552
  0.682815
  0.702736
   0.68647
  0.708051
  0.694139
  0.721774
  0.721379
  0.715914
   1.13748
   0.71518
  0.750319
  0.739706
  0.720615
   0.72451
  0.724832
  0.723885
  0.717215
  0.711434
  0.721418
  0.717379
  0.725497
   0.69794
  0.712332
  0.695809
  0.726177
  0.714019
  0.723996
  0.708726
  0.716171
  0.723221
  0.733015
  0.724564
   0.72208
  0.717656
  0.720683
  0.730711
  0.730305
  0.745067
  0.713541
  0.737975
  0.714532
  0.709882
  0.715006
   0.71596
  0.714793
  0.727743
  0.712837
  0.722682
  0.741087
  0.718978
  0.704513
  0.721227
  0.723548
  0.717231
  0.724018
  0.719065
  0.719937
   0.74362
  0.707824
  0.725917
  0.716262
  0.706135
  0.713871
   0.71126
  0.720299
  0.714193
  0.709316
  0.704532
  0.719672
  0.740619
  0.723163
  0.720026
  0.734721
  0.700304
  0.700263
  0.719401
  0.725106
  0.716117
  0.700742
   0.72405
  0.709089
  0.713912
  0.730056
  0.732055
  0.728117
  0.721103
  0.720158
  0.706537
   0.71016
  0.716211
  0.720701
  0.729833
  0.761979
   0.76578
  0.774146
  0.752156
   0.74907
  0.740248
   0.75997
  0.744435
  0.754093
   0.77951
  0.759105
  0.760475
  0.753242
  0.756447
   0.75275
  0.773685
  0.735326
   0.74124
  0.765428
  0.747648
  0.747133
  0.762159
  0.753673
  0.756632
  0.755127
  0.732246
  0.765529
  0.746195
  0.764759
  0.754327
  0.774682
  0.761291
  0.755143
  0.749994
  0.751561
  0.742626
  0.782774
  0.760897
  0.736126
  0.736888
  0.756599
  0.757452
  0.759109
  0.759875
  0.755303
  0.747404
  0.781523
  0.788698
  0.758995
  0.754135
  0.747016
  0.764345
  0.771002
   0.75334
  0.793094
  0.746652
  0.765045
  0.780275
  0.721172
  0.751541
  0.751639
  0.750136
  0.738384
  0.747476
   0.75736
  0.753843
  0.740285
  0.784451
  0.741347
  0.744557
  0.745346
  0.755109
  0.757876
  0.757604
  0.739051
   0.75736
  0.753794
   0.76102
  0.748067
  0.768371
   0.75298
  0.748639
  0.711278
  0.731138
  0.749237
  0.756268
  0.762191
  0.742817
  0.769656
  0.760755
  0.756208
  0.771467
  0.764651
   0.77183
  0.771728
  0.755418
   0.75163
  0.760583
  0.749207
  0.750145
  0.771362
   0.73067
  0.749703
  0.745741
  0.757804
  0.752089
  0.749637
  0.730777
  0.757299
  0.735202
  0.734039
  0.747714
  0.743255
  0.766019
  0.764971
    0.7668
  0.762774
  0.753498
  0.743434
  0.755144
  0.760737
  0.765556
  0.747914
  0.762165
  0.751822
  0.785391
  0.757677
  0.747176
  0.749444
  0.786185
  0.757613
  0.770439
  0.747528
  0.736194
  0.742794
  0.746639
  0.772538
  0.743519
  0.768069
  0.776763
  0.753518
  0.752834
  0.752336
  0.744819
  0.740144
   0.77066
  0.760855
  0.744372
   0.75569
  0.753116
  0.745711
  0.741096
  0.765878
  0.755798
  0.741425
    0.7646
   0.75276
  0.766204
  0.725102
  0.764719
  0.767084
  0.749306
  0.742457
  0.720949
  0.749394
  0.752962
  0.744483
  0.750249
  0.739099
  0.743117
  0.748971
  0.762326
  0.762739
  0.757501
  0.758408
  0.764806
  0.776658
   0.74996
  0.759997
   0.77202
   0.75711
  0.732834
  0.759923
  0.774753
  0.759788
  0.747368
  0.758594
   0.74531
   0.75699
  0.746433
  0.747094
  0.773194
  0.752368
  0.760445
  0.767248
  0.744077
  0.755229
  0.765228
  0.756346
  0.772228
  0.758527
  0.744738
  0.779872
  0.753021
  0.753454
  0.784425
  0.768297
  0.750571
  0.742625
  0.761174
  0.752846
  0.742937
  0.728072
  0.741046
   0.75565
  0.757094
  0.753644
  0.747436
  0.746964
  0.757532
  0.756791
  0.748786
  0.749089
  0.735448
  0.733328
  0.755045
  0.751137
  0.750068
  0.762951
  0.771005
  0.760479
  0.739743
  0.747859
  0.764076
  0.749368
  0.740139
  0.767524
  0.761568
  0.744447
  0.760113
  0.739193
  0.797346
  0.777617
  0.765021
  0.761463
  0.732101
  0.744607
  0.779409
  0.740826
   0.76318
  0.753292
  0.745033
  0.766311
  0.748136
  0.753221
  0.760259
   0.75577
  0.761708
   0.75305
  0.751765
  0.740484
  0.754684
  0.775659
  0.745046
  0.740729
  0.756813
  0.765088
  0.749557
  0.742648
  0.763787
   0.74613
  0.763276
  0.765844
  0.759056
  0.745497
  0.740191
  0.757199
  0.736587
  0.747056
  0.753588
    0.7636
  0.750895
  0.762768
  0.761713
  0.763792
  0.752595
  0.757085
  0.771818
  0.740883
  0.748833
  0.755053
  0.744384
  0.738223
   0.77106
   0.73268
  0.764945
  0.781771
  0.744516
0.00834145]
    total time: 0.290464s
logp_grad time: 0.279077s
logp_grad fraction: 0.960798
        logp_grad calls: 1735
        time per call: 0.000160851s

alpha.1: mean = -2.7375, stddev = 0.163478
alpha.2: mean = -0.992216, stddev = 0.0730962
alpha.3: mean = -0.241682, stddev = 0.0739762
alpha.4: mean = -1.31413, stddev = 0.0930903
... elided 1006 rows ...
a.3: mean = 1.23692, stddev = 0.0747749
a.4: mean = 0.164472, stddev = 0.0808947
a.5: mean = -0.628881, stddev = 0.0781594
