Error in logp_grad: log_density_gradient() failed with exception: Exception: lkj_corr_cholesky_lpdf: Random variable[20] is 0, but must be positive! (in '/home/m0hawk/Documents/apin/stan/scratch/w50/kronecker_gp_nme/kronecker_gp.stan', line 73, column 2 to column 27)

Error in logp_grad: log_density_gradient() failed with exception: Exception: lkj_corr_cholesky_lpdf: Random variable[13] is 0, but must be positive! (in '/home/m0hawk/Documents/apin/stan/scratch/w50/kronecker_gp_nme/kronecker_gp.stan', line 73, column 2 to column 27)

Error in logp_grad: log_density_gradient() failed with exception: Exception: lkj_corr_cholesky_lpdf: Random variable[20] is 0, but must be positive! (in '/home/m0hawk/Documents/apin/stan/scratch/w50/kronecker_gp_nme/kronecker_gp.stan', line 73, column 2 to column 27)

Error in logp_grad: log_density_gradient() failed with exception: Exception: lkj_corr_cholesky_lpdf: Random variable[20] is 0, but must be positive! (in '/home/m0hawk/Documents/apin/stan/scratch/w50/kronecker_gp_nme/kronecker_gp.stan', line 73, column 2 to column 27)

Error in logp_grad: log_density_gradient() failed with exception: Exception: lkj_corr_cholesky_lpdf: Random variable[20] is 0, but must be positive! (in '/home/m0hawk/Documents/apin/stan/scratch/w50/kronecker_gp_nme/kronecker_gp.stan', line 73, column 2 to column 27)

Error in logp_grad: log_density_gradient() failed with exception: Exception: lkj_corr_cholesky_lpdf: Random variable[20] is 0, but must be positive! (in '/home/m0hawk/Documents/apin/stan/scratch/w50/kronecker_gp_nme/kronecker_gp.stan', line 73, column 2 to column 27)

Error in logp_grad: log_density_gradient() failed with exception: Exception: lkj_corr_cholesky_lpdf: Random variable[20] is 0, but must be positive! (in '/home/m0hawk/Documents/apin/stan/scratch/w50/kronecker_gp_nme/kronecker_gp.stan', line 73, column 2 to column 27)

Error in logp_grad: log_density_gradient() failed with exception: Exception: lkj_corr_cholesky_lpdf: Random variable[20] is 0, but must be positive! (in '/home/m0hawk/Documents/apin/stan/scratch/w50/kronecker_gp_nme/kronecker_gp.stan', line 73, column 2 to column 27)

Error in logp_grad: log_density_gradient() failed with exception: Exception: lkj_corr_cholesky_lpdf: Random variable[20] is 0, but must be positive! (in '/home/m0hawk/Documents/apin/stan/scratch/w50/kronecker_gp_nme/kronecker_gp.stan', line 73, column 2 to column 27)

Error in logp_grad: log_density_gradient() failed with exception: Exception: lkj_corr_cholesky_lpdf: Random variable[20] is 0, but must be positive! (in '/home/m0hawk/Documents/apin/stan/scratch/w50/kronecker_gp_nme/kronecker_gp.stan', line 73, column 2 to column 27)

Error in logp_grad: log_density_gradient() failed with exception: Exception: lkj_corr_cholesky_lpdf: Random variable[20] is 0, but must be positive! (in '/home/m0hawk/Documents/apin/stan/scratch/w50/kronecker_gp_nme/kronecker_gp.stan', line 73, column 2 to column 27)

Error in logp_grad: log_density_gradient() failed with exception: Exception: lkj_corr_cholesky_lpdf: Random variable[20] is 0, but must be positive! (in '/home/m0hawk/Documents/apin/stan/scratch/w50/kronecker_gp_nme/kronecker_gp.stan', line 73, column 2 to column 27)

Error in logp_grad: log_density_gradient() failed with exception: Exception: lkj_corr_cholesky_lpdf: Random variable[20] is 0, but must be positive! (in '/home/m0hawk/Documents/apin/stan/scratch/w50/kronecker_gp_nme/kronecker_gp.stan', line 73, column 2 to column 27)

Error in logp_grad: log_density_gradient() failed with exception: Exception: lkj_corr_cholesky_lpdf: Random variable[20] is 0, but must be positive! (in '/home/m0hawk/Documents/apin/stan/scratch/w50/kronecker_gp_nme/kronecker_gp.stan', line 73, column 2 to column 27)

Error in logp_grad: log_density_gradient() failed with exception: Exception: lkj_corr_cholesky_lpdf: Random variable[20] is 0, but must be positive! (in '/home/m0hawk/Documents/apin/stan/scratch/w50/kronecker_gp_nme/kronecker_gp.stan', line 73, column 2 to column 27)

Error in logp_grad: log_density_gradient() failed with exception: Exception: lkj_corr_cholesky_lpdf: Random variable[20] is 0, but must be positive! (in '/home/m0hawk/Documents/apin/stan/scratch/w50/kronecker_gp_nme/kronecker_gp.stan', line 73, column 2 to column 27)

Error in logp_grad: log_density_gradient() failed with exception: Exception: lkj_corr_cholesky_lpdf: Random variable[20] is 0, but must be positive! (in '/home/m0hawk/Documents/apin/stan/scratch/w50/kronecker_gp_nme/kronecker_gp.stan', line 73, column 2 to column 27)

Error in logp_grad: log_density_gradient() failed with exception: Exception: lkj_corr_cholesky_lpdf: Random variable[20] is 0, but must be positive! (in '/home/m0hawk/Documents/apin/stan/scratch/w50/kronecker_gp_nme/kronecker_gp.stan', line 73, column 2 to column 27)

Error in logp_grad: log_density_gradient() failed with exception: Exception: lkj_corr_cholesky_lpdf: Random variable[20] is 0, but must be positive! (in '/home/m0hawk/Documents/apin/stan/scratch/w50/kronecker_gp_nme/kronecker_gp.stan', line 73, column 2 to column 27)

Error in logp_grad: log_density_gradient() failed with exception: Exception: lkj_corr_cholesky_lpdf: Random variable[20] is 0, but must be positive! (in '/home/m0hawk/Documents/apin/stan/scratch/w50/kronecker_gp_nme/kronecker_gp.stan', line 73, column 2 to column 27)

Error in logp_grad: log_density_gradient() failed with exception: Exception: lkj_corr_cholesky_lpdf: Random variable[20] is 0, but must be positive! (in '/home/m0hawk/Documents/apin/stan/scratch/w50/kronecker_gp_nme/kronecker_gp.stan', line 73, column 2 to column 27)

Error in logp_grad: log_density_gradient() failed with exception: Exception: lkj_corr_cholesky_lpdf: Random variable[20] is 0, but must be positive! (in '/home/m0hawk/Documents/apin/stan/scratch/w50/kronecker_gp_nme/kronecker_gp.stan', line 73, column 2 to column 27)

Error in logp_grad: log_density_gradient() failed with exception: Exception: lkj_corr_cholesky_lpdf: Random variable[20] is 0, but must be positive! (in '/home/m0hawk/Documents/apin/stan/scratch/w50/kronecker_gp_nme/kronecker_gp.stan', line 73, column 2 to column 27)

Error in logp_grad: log_density_gradient() failed with exception: Exception: lkj_corr_cholesky_lpdf: Random variable[20] is 0, but must be positive! (in '/home/m0hawk/Documents/apin/stan/scratch/w50/kronecker_gp_nme/kronecker_gp.stan', line 73, column 2 to column 27)

Error in logp_grad: log_density_gradient() failed with exception: Exception: lkj_corr_cholesky_lpdf: Random variable[20] is 0, but must be positive! (in '/home/m0hawk/Documents/apin/stan/scratch/w50/kronecker_gp_nme/kronecker_gp.stan', line 73, column 2 to column 27)

Error in logp_grad: log_density_gradient() failed with exception: Exception: lkj_corr_cholesky_lpdf: Random variable[20] is 0, but must be positive! (in '/home/m0hawk/Documents/apin/stan/scratch/w50/kronecker_gp_nme/kronecker_gp.stan', line 73, column 2 to column 27)

Error in logp_grad: log_density_gradient() failed with exception: Exception: lkj_corr_cholesky_lpdf: Random variable[20] is 0, but must be positive! (in '/home/m0hawk/Documents/apin/stan/scratch/w50/kronecker_gp_nme/kronecker_gp.stan', line 73, column 2 to column 27)

Error in logp_grad: log_density_gradient() failed with exception: Exception: lkj_corr_cholesky_lpdf: Random variable[20] is 0, but must be positive! (in '/home/m0hawk/Documents/apin/stan/scratch/w50/kronecker_gp_nme/kronecker_gp.stan', line 73, column 2 to column 27)

Error in logp_grad: log_density_gradient() failed with exception: Exception: lkj_corr_cholesky_lpdf: Random variable[20] is 0, but must be positive! (in '/home/m0hawk/Documents/apin/stan/scratch/w50/kronecker_gp_nme/kronecker_gp.stan', line 73, column 2 to column 27)

Error in logp_grad: log_density_gradient() failed with exception: Exception: lkj_corr_cholesky_lpdf: Random variable[20] is 0, but must be positive! (in '/home/m0hawk/Documents/apin/stan/scratch/w50/kronecker_gp_nme/kronecker_gp.stan', line 73, column 2 to column 27)

Error in logp_grad: log_density_gradient() failed with exception: Exception: lkj_corr_cholesky_lpdf: Random variable[20] is 0, but must be positive! (in '/home/m0hawk/Documents/apin/stan/scratch/w50/kronecker_gp_nme/kronecker_gp.stan', line 73, column 2 to column 27)

Error in logp_grad: log_density_gradient() failed with exception: Exception: lkj_corr_cholesky_lpdf: Random variable[20] is 0, but must be positive! (in '/home/m0hawk/Documents/apin/stan/scratch/w50/kronecker_gp_nme/kronecker_gp.stan', line 73, column 2 to column 27)

Error in logp_grad: log_density_gradient() failed with exception: Exception: lkj_corr_cholesky_lpdf: Random variable[20] is 0, but must be positive! (in '/home/m0hawk/Documents/apin/stan/scratch/w50/kronecker_gp_nme/kronecker_gp.stan', line 73, column 2 to column 27)

Error in logp_grad: log_density_gradient() failed with exception: Exception: lkj_corr_cholesky_lpdf: Random variable[20] is 0, but must be positive! (in '/home/m0hawk/Documents/apin/stan/scratch/w50/kronecker_gp_nme/kronecker_gp.stan', line 73, column 2 to column 27)

Error in logp_grad: log_density_gradient() failed with exception: Exception: lkj_corr_cholesky_lpdf: Random variable[20] is 0, but must be positive! (in '/home/m0hawk/Documents/apin/stan/scratch/w50/kronecker_gp_nme/kronecker_gp.stan', line 73, column 2 to column 27)

Error in logp_grad: log_density_gradient() failed with exception: Exception: lkj_corr_cholesky_lpdf: Random variable[20] is 0, but must be positive! (in '/home/m0hawk/Documents/apin/stan/scratch/w50/kronecker_gp_nme/kronecker_gp.stan', line 73, column 2 to column 27)

Error in logp_grad: log_density_gradient() failed with exception: Exception: lkj_corr_cholesky_lpdf: Random variable[20] is 0, but must be positive! (in '/home/m0hawk/Documents/apin/stan/scratch/w50/kronecker_gp_nme/kronecker_gp.stan', line 73, column 2 to column 27)

Error in logp_grad: log_density_gradient() failed with exception: Exception: lkj_corr_cholesky_lpdf: Random variable[20] is 0, but must be positive! (in '/home/m0hawk/Documents/apin/stan/scratch/w50/kronecker_gp_nme/kronecker_gp.stan', line 73, column 2 to column 27)

Error in logp_grad: log_density_gradient() failed with exception: Exception: lkj_corr_cholesky_lpdf: Random variable[20] is 0, but must be positive! (in '/home/m0hawk/Documents/apin/stan/scratch/w50/kronecker_gp_nme/kronecker_gp.stan', line 73, column 2 to column 27)

Error in logp_grad: log_density_gradient() failed with exception: Exception: lkj_corr_cholesky_lpdf: Random variable[20] is 0, but must be positive! (in '/home/m0hawk/Documents/apin/stan/scratch/w50/kronecker_gp_nme/kronecker_gp.stan', line 73, column 2 to column 27)

Error in logp_grad: log_density_gradient() failed with exception: Exception: lkj_corr_cholesky_lpdf: Random variable[20] is 0, but must be positive! (in '/home/m0hawk/Documents/apin/stan/scratch/w50/kronecker_gp_nme/kronecker_gp.stan', line 73, column 2 to column 27)

Error in logp_grad: log_density_gradient() failed with exception: Exception: lkj_corr_cholesky_lpdf: Random variable[20] is 0, but must be positive! (in '/home/m0hawk/Documents/apin/stan/scratch/w50/kronecker_gp_nme/kronecker_gp.stan', line 73, column 2 to column 27)

Error in logp_grad: log_density_gradient() failed with exception: Exception: lkj_corr_cholesky_lpdf: Random variable[20] is 0, but must be positive! (in '/home/m0hawk/Documents/apin/stan/scratch/w50/kronecker_gp_nme/kronecker_gp.stan', line 73, column 2 to column 27)

Error in logp_grad: log_density_gradient() failed with exception: Exception: lkj_corr_cholesky_lpdf: Random variable[20] is 0, but must be positive! (in '/home/m0hawk/Documents/apin/stan/scratch/w50/kronecker_gp_nme/kronecker_gp.stan', line 73, column 2 to column 27)

Error in logp_grad: log_density_gradient() failed with exception: Exception: lkj_corr_cholesky_lpdf: Random variable[20] is 0, but must be positive! (in '/home/m0hawk/Documents/apin/stan/scratch/w50/kronecker_gp_nme/kronecker_gp.stan', line 73, column 2 to column 27)

Error in logp_grad: log_density_gradient() failed with exception: Exception: lkj_corr_cholesky_lpdf: Random variable[20] is 0, but must be positive! (in '/home/m0hawk/Documents/apin/stan/scratch/w50/kronecker_gp_nme/kronecker_gp.stan', line 73, column 2 to column 27)

Error in logp_grad: log_density_gradient() failed with exception: Exception: lkj_corr_cholesky_lpdf: Random variable[20] is 0, but must be positive! (in '/home/m0hawk/Documents/apin/stan/scratch/w50/kronecker_gp_nme/kronecker_gp.stan', line 73, column 2 to column 27)

Error in logp_grad: log_density_gradient() failed with exception: Exception: lkj_corr_cholesky_lpdf: Random variable[20] is 0, but must be positive! (in '/home/m0hawk/Documents/apin/stan/scratch/w50/kronecker_gp_nme/kronecker_gp.stan', line 73, column 2 to column 27)

Error in logp_grad: log_density_gradient() failed with exception: Exception: lkj_corr_cholesky_lpdf: Random variable[20] is 0, but must be positive! (in '/home/m0hawk/Documents/apin/stan/scratch/w50/kronecker_gp_nme/kronecker_gp.stan', line 73, column 2 to column 27)

Error in logp_grad: log_density_gradient() failed with exception: Exception: lkj_corr_cholesky_lpdf: Random variable[20] is 0, but must be positive! (in '/home/m0hawk/Documents/apin/stan/scratch/w50/kronecker_gp_nme/kronecker_gp.stan', line 73, column 2 to column 27)

Error in logp_grad: log_density_gradient() failed with exception: Exception: lkj_corr_cholesky_lpdf: Random variable[20] is 0, but must be positive! (in '/home/m0hawk/Documents/apin/stan/scratch/w50/kronecker_gp_nme/kronecker_gp.stan', line 73, column 2 to column 27)

Error in logp_grad: log_density_gradient() failed with exception: Exception: lkj_corr_cholesky_lpdf: Random variable[20] is 0, but must be positive! (in '/home/m0hawk/Documents/apin/stan/scratch/w50/kronecker_gp_nme/kronecker_gp.stan', line 73, column 2 to column 27)

Error in logp_grad: log_density_gradient() failed with exception: Exception: lkj_corr_cholesky_lpdf: Random variable[20] is 0, but must be positive! (in '/home/m0hawk/Documents/apin/stan/scratch/w50/kronecker_gp_nme/kronecker_gp.stan', line 73, column 2 to column 27)

Error in logp_grad: log_density_gradient() failed with exception: Exception: lkj_corr_cholesky_lpdf: Random variable[20] is 0, but must be positive! (in '/home/m0hawk/Documents/apin/stan/scratch/w50/kronecker_gp_nme/kronecker_gp.stan', line 73, column 2 to column 27)

Error in logp_grad: log_density_gradient() failed with exception: Exception: lkj_corr_cholesky_lpdf: Random variable[20] is 0, but must be positive! (in '/home/m0hawk/Documents/apin/stan/scratch/w50/kronecker_gp_nme/kronecker_gp.stan', line 73, column 2 to column 27)

Error in logp_grad: log_density_gradient() failed with exception: Exception: lkj_corr_cholesky_lpdf: Random variable[20] is 0, but must be positive! (in '/home/m0hawk/Documents/apin/stan/scratch/w50/kronecker_gp_nme/kronecker_gp.stan', line 73, column 2 to column 27)

Error in logp_grad: log_density_gradient() failed with exception: Exception: lkj_corr_cholesky_lpdf: Random variable[20] is 0, but must be positive! (in '/home/m0hawk/Documents/apin/stan/scratch/w50/kronecker_gp_nme/kronecker_gp.stan', line 73, column 2 to column 27)

Error in logp_grad: log_density_gradient() failed with exception: Exception: lkj_corr_cholesky_lpdf: Random variable[20] is 0, but must be positive! (in '/home/m0hawk/Documents/apin/stan/scratch/w50/kronecker_gp_nme/kronecker_gp.stan', line 73, column 2 to column 27)

Error in logp_grad: log_density_gradient() failed with exception: Exception: lkj_corr_cholesky_lpdf: Random variable[20] is 0, but must be positive! (in '/home/m0hawk/Documents/apin/stan/scratch/w50/kronecker_gp_nme/kronecker_gp.stan', line 73, column 2 to column 27)

Error in logp_grad: log_density_gradient() failed with exception: Exception: lkj_corr_cholesky_lpdf: Random variable[20] is 0, but must be positive! (in '/home/m0hawk/Documents/apin/stan/scratch/w50/kronecker_gp_nme/kronecker_gp.stan', line 73, column 2 to column 27)

Error in logp_grad: log_density_gradient() failed with exception: Exception: lkj_corr_cholesky_lpdf: Random variable[20] is 0, but must be positive! (in '/home/m0hawk/Documents/apin/stan/scratch/w50/kronecker_gp_nme/kronecker_gp.stan', line 73, column 2 to column 27)

Error in logp_grad: log_density_gradient() failed with exception: Exception: lkj_corr_cholesky_lpdf: Random variable[20] is 0, but must be positive! (in '/home/m0hawk/Documents/apin/stan/scratch/w50/kronecker_gp_nme/kronecker_gp.stan', line 73, column 2 to column 27)

Error in logp_grad: log_density_gradient() failed with exception: Exception: lkj_corr_cholesky_lpdf: Random variable[20] is 0, but must be positive! (in '/home/m0hawk/Documents/apin/stan/scratch/w50/kronecker_gp_nme/kronecker_gp.stan', line 73, column 2 to column 27)

Error in logp_grad: log_density_gradient() failed with exception: Exception: lkj_corr_cholesky_lpdf: Random variable[20] is 0, but must be positive! (in '/home/m0hawk/Documents/apin/stan/scratch/w50/kronecker_gp_nme/kronecker_gp.stan', line 73, column 2 to column 27)

Error in logp_grad: log_density_gradient() failed with exception: Exception: lkj_corr_cholesky_lpdf: Random variable[20] is 0, but must be positive! (in '/home/m0hawk/Documents/apin/stan/scratch/w50/kronecker_gp_nme/kronecker_gp.stan', line 73, column 2 to column 27)

Error in logp_grad: log_density_gradient() failed with exception: Exception: lkj_corr_cholesky_lpdf: Random variable[26] is 0, but must be positive! (in '/home/m0hawk/Documents/apin/stan/scratch/w50/kronecker_gp_nme/kronecker_gp.stan', line 73, column 2 to column 27)

Error in logp_grad: log_density_gradient() failed with exception: Exception: lkj_corr_cholesky_lpdf: Random variable[20] is 0, but must be positive! (in '/home/m0hawk/Documents/apin/stan/scratch/w50/kronecker_gp_nme/kronecker_gp.stan', line 73, column 2 to column 27)

Error in logp_grad: log_density_gradient() failed with exception: Exception: lkj_corr_cholesky_lpdf: Random variable[20] is 0, but must be positive! (in '/home/m0hawk/Documents/apin/stan/scratch/w50/kronecker_gp_nme/kronecker_gp.stan', line 73, column 2 to column 27)

Error in logp_grad: log_density_gradient() failed with exception: Exception: lkj_corr_cholesky_lpdf: Random variable[20] is 0, but must be positive! (in '/home/m0hawk/Documents/apin/stan/scratch/w50/kronecker_gp_nme/kronecker_gp.stan', line 73, column 2 to column 27)

Error in logp_grad: log_density_gradient() failed with exception: Exception: lkj_corr_cholesky_lpdf: Random variable[20] is 0, but must be positive! (in '/home/m0hawk/Documents/apin/stan/scratch/w50/kronecker_gp_nme/kronecker_gp.stan', line 73, column 2 to column 27)

Error in logp_grad: log_density_gradient() failed with exception: Exception: lkj_corr_cholesky_lpdf: Random variable[20] is 0, but must be positive! (in '/home/m0hawk/Documents/apin/stan/scratch/w50/kronecker_gp_nme/kronecker_gp.stan', line 73, column 2 to column 27)

Error in logp_grad: log_density_gradient() failed with exception: Exception: lkj_corr_cholesky_lpdf: Random variable[20] is 0, but must be positive! (in '/home/m0hawk/Documents/apin/stan/scratch/w50/kronecker_gp_nme/kronecker_gp.stan', line 73, column 2 to column 27)

Error in logp_grad: log_density_gradient() failed with exception: Exception: lkj_corr_cholesky_lpdf: Random variable[20] is 0, but must be positive! (in '/home/m0hawk/Documents/apin/stan/scratch/w50/kronecker_gp_nme/kronecker_gp.stan', line 73, column 2 to column 27)

Error in logp_grad: log_density_gradient() failed with exception: Exception: lkj_corr_cholesky_lpdf: Random variable[20] is 0, but must be positive! (in '/home/m0hawk/Documents/apin/stan/scratch/w50/kronecker_gp_nme/kronecker_gp.stan', line 73, column 2 to column 27)

Error in logp_grad: log_density_gradient() failed with exception: Exception: lkj_corr_cholesky_lpdf: Random variable[20] is 0, but must be positive! (in '/home/m0hawk/Documents/apin/stan/scratch/w50/kronecker_gp_nme/kronecker_gp.stan', line 73, column 2 to column 27)

Error in logp_grad: log_density_gradient() failed with exception: Exception: lkj_corr_cholesky_lpdf: Random variable[20] is 0, but must be positive! (in '/home/m0hawk/Documents/apin/stan/scratch/w50/kronecker_gp_nme/kronecker_gp.stan', line 73, column 2 to column 27)

Error in logp_grad: log_density_gradient() failed with exception: Exception: lkj_corr_cholesky_lpdf: Random variable[20] is 0, but must be positive! (in '/home/m0hawk/Documents/apin/stan/scratch/w50/kronecker_gp_nme/kronecker_gp.stan', line 73, column 2 to column 27)

Error in logp_grad: log_density_gradient() failed with exception: Exception: lkj_corr_cholesky_lpdf: Random variable[20] is 0, but must be positive! (in '/home/m0hawk/Documents/apin/stan/scratch/w50/kronecker_gp_nme/kronecker_gp.stan', line 73, column 2 to column 27)

Error in logp_grad: log_density_gradient() failed with exception: Exception: lkj_corr_cholesky_lpdf: Random variable[20] is 0, but must be positive! (in '/home/m0hawk/Documents/apin/stan/scratch/w50/kronecker_gp_nme/kronecker_gp.stan', line 73, column 2 to column 27)

Error in logp_grad: log_density_gradient() failed with exception: Exception: lkj_corr_cholesky_lpdf: Random variable[20] is 0, but must be positive! (in '/home/m0hawk/Documents/apin/stan/scratch/w50/kronecker_gp_nme/kronecker_gp.stan', line 73, column 2 to column 27)

Error in logp_grad: log_density_gradient() failed with exception: Exception: lkj_corr_cholesky_lpdf: Random variable[20] is 0, but must be positive! (in '/home/m0hawk/Documents/apin/stan/scratch/w50/kronecker_gp_nme/kronecker_gp.stan', line 73, column 2 to column 27)

Error in logp_grad: log_density_gradient() failed with exception: Exception: lkj_corr_cholesky_lpdf: Random variable[20] is 0, but must be positive! (in '/home/m0hawk/Documents/apin/stan/scratch/w50/kronecker_gp_nme/kronecker_gp.stan', line 73, column 2 to column 27)

Error in logp_grad: log_density_gradient() failed with exception: Exception: lkj_corr_cholesky_lpdf: Random variable[20] is 0, but must be positive! (in '/home/m0hawk/Documents/apin/stan/scratch/w50/kronecker_gp_nme/kronecker_gp.stan', line 73, column 2 to column 27)

Error in logp_grad: log_density_gradient() failed with exception: Exception: lkj_corr_cholesky_lpdf: Random variable[20] is 0, but must be positive! (in '/home/m0hawk/Documents/apin/stan/scratch/w50/kronecker_gp_nme/kronecker_gp.stan', line 73, column 2 to column 27)

Error in logp_grad: log_density_gradient() failed with exception: Exception: lkj_corr_cholesky_lpdf: Random variable[20] is 0, but must be positive! (in '/home/m0hawk/Documents/apin/stan/scratch/w50/kronecker_gp_nme/kronecker_gp.stan', line 73, column 2 to column 27)

Error in logp_grad: log_density_gradient() failed with exception: Exception: lkj_corr_cholesky_lpdf: Random variable[20] is 0, but must be positive! (in '/home/m0hawk/Documents/apin/stan/scratch/w50/kronecker_gp_nme/kronecker_gp.stan', line 73, column 2 to column 27)

Error in logp_grad: log_density_gradient() failed with exception: Exception: lkj_corr_cholesky_lpdf: Random variable[20] is 0, but must be positive! (in '/home/m0hawk/Documents/apin/stan/scratch/w50/kronecker_gp_nme/kronecker_gp.stan', line 73, column 2 to column 27)

Error in logp_grad: log_density_gradient() failed with exception: Exception: lkj_corr_cholesky_lpdf: Random variable[20] is 0, but must be positive! (in '/home/m0hawk/Documents/apin/stan/scratch/w50/kronecker_gp_nme/kronecker_gp.stan', line 73, column 2 to column 27)

Error in logp_grad: log_density_gradient() failed with exception: Exception: lkj_corr_cholesky_lpdf: Random variable[20] is 0, but must be positive! (in '/home/m0hawk/Documents/apin/stan/scratch/w50/kronecker_gp_nme/kronecker_gp.stan', line 73, column 2 to column 27)

Error in logp_grad: log_density_gradient() failed with exception: Exception: lkj_corr_cholesky_lpdf: Random variable[20] is 0, but must be positive! (in '/home/m0hawk/Documents/apin/stan/scratch/w50/kronecker_gp_nme/kronecker_gp.stan', line 73, column 2 to column 27)

Error in logp_grad: log_density_gradient() failed with exception: Exception: lkj_corr_cholesky_lpdf: Random variable[20] is 0, but must be positive! (in '/home/m0hawk/Documents/apin/stan/scratch/w50/kronecker_gp_nme/kronecker_gp.stan', line 73, column 2 to column 27)

Error in logp_grad: log_density_gradient() failed with exception: Exception: lkj_corr_cholesky_lpdf: Random variable[20] is 0, but must be positive! (in '/home/m0hawk/Documents/apin/stan/scratch/w50/kronecker_gp_nme/kronecker_gp.stan', line 73, column 2 to column 27)

Error in logp_grad: log_density_gradient() failed with exception: Exception: lkj_corr_cholesky_lpdf: Random variable[20] is 0, but must be positive! (in '/home/m0hawk/Documents/apin/stan/scratch/w50/kronecker_gp_nme/kronecker_gp.stan', line 73, column 2 to column 27)

Error in logp_grad: log_density_gradient() failed with exception: Exception: lkj_corr_cholesky_lpdf: Random variable[20] is 0, but must be positive! (in '/home/m0hawk/Documents/apin/stan/scratch/w50/kronecker_gp_nme/kronecker_gp.stan', line 73, column 2 to column 27)

Error in logp_grad: log_density_gradient() failed with exception: Exception: lkj_corr_cholesky_lpdf: Random variable[20] is 0, but must be positive! (in '/home/m0hawk/Documents/apin/stan/scratch/w50/kronecker_gp_nme/kronecker_gp.stan', line 73, column 2 to column 27)

Error in logp_grad: log_density_gradient() failed with exception: Exception: lkj_corr_cholesky_lpdf: Random variable[20] is 0, but must be positive! (in '/home/m0hawk/Documents/apin/stan/scratch/w50/kronecker_gp_nme/kronecker_gp.stan', line 73, column 2 to column 27)

Error in logp_grad: log_density_gradient() failed with exception: Exception: lkj_corr_cholesky_lpdf: Random variable[20] is 0, but must be positive! (in '/home/m0hawk/Documents/apin/stan/scratch/w50/kronecker_gp_nme/kronecker_gp.stan', line 73, column 2 to column 27)

Error in logp_grad: log_density_gradient() failed with exception: Exception: lkj_corr_cholesky_lpdf: Random variable[20] is 0, but must be positive! (in '/home/m0hawk/Documents/apin/stan/scratch/w50/kronecker_gp_nme/kronecker_gp.stan', line 73, column 2 to column 27)

Error in logp_grad: log_density_gradient() failed with exception: Exception: lkj_corr_cholesky_lpdf: Random variable[20] is 0, but must be positive! (in '/home/m0hawk/Documents/apin/stan/scratch/w50/kronecker_gp_nme/kronecker_gp.stan', line 73, column 2 to column 27)

Error in logp_grad: log_density_gradient() failed with exception: Exception: lkj_corr_cholesky_lpdf: Random variable[20] is 0, but must be positive! (in '/home/m0hawk/Documents/apin/stan/scratch/w50/kronecker_gp_nme/kronecker_gp.stan', line 73, column 2 to column 27)

Error in logp_grad: log_density_gradient() failed with exception: Exception: lkj_corr_cholesky_lpdf: Random variable[20] is 0, but must be positive! (in '/home/m0hawk/Documents/apin/stan/scratch/w50/kronecker_gp_nme/kronecker_gp.stan', line 73, column 2 to column 27)

Error in logp_grad: log_density_gradient() failed with exception: Exception: lkj_corr_cholesky_lpdf: Random variable[20] is 0, but must be positive! (in '/home/m0hawk/Documents/apin/stan/scratch/w50/kronecker_gp_nme/kronecker_gp.stan', line 73, column 2 to column 27)

Error in logp_grad: log_density_gradient() failed with exception: Exception: lkj_corr_cholesky_lpdf: Random variable[20] is 0, but must be positive! (in '/home/m0hawk/Documents/apin/stan/scratch/w50/kronecker_gp_nme/kronecker_gp.stan', line 73, column 2 to column 27)

Error in logp_grad: log_density_gradient() failed with exception: Exception: lkj_corr_cholesky_lpdf: Random variable[20] is 0, but must be positive! (in '/home/m0hawk/Documents/apin/stan/scratch/w50/kronecker_gp_nme/kronecker_gp.stan', line 73, column 2 to column 27)

Error in logp_grad: log_density_gradient() failed with exception: Exception: lkj_corr_cholesky_lpdf: Random variable[20] is 0, but must be positive! (in '/home/m0hawk/Documents/apin/stan/scratch/w50/kronecker_gp_nme/kronecker_gp.stan', line 73, column 2 to column 27)

Error in logp_grad: log_density_gradient() failed with exception: Exception: lkj_corr_cholesky_lpdf: Random variable[20] is 0, but must be positive! (in '/home/m0hawk/Documents/apin/stan/scratch/w50/kronecker_gp_nme/kronecker_gp.stan', line 73, column 2 to column 27)

Error in logp_grad: log_density_gradient() failed with exception: Exception: lkj_corr_cholesky_lpdf: Random variable[20] is 0, but must be positive! (in '/home/m0hawk/Documents/apin/stan/scratch/w50/kronecker_gp_nme/kronecker_gp.stan', line 73, column 2 to column 27)

Error in logp_grad: log_density_gradient() failed with exception: Exception: lkj_corr_cholesky_lpdf: Random variable[20] is 0, but must be positive! (in '/home/m0hawk/Documents/apin/stan/scratch/w50/kronecker_gp_nme/kronecker_gp.stan', line 73, column 2 to column 27)

Error in logp_grad: log_density_gradient() failed with exception: Exception: lkj_corr_cholesky_lpdf: Random variable[20] is 0, but must be positive! (in '/home/m0hawk/Documents/apin/stan/scratch/w50/kronecker_gp_nme/kronecker_gp.stan', line 73, column 2 to column 27)

Error in logp_grad: log_density_gradient() failed with exception: Exception: lkj_corr_cholesky_lpdf: Random variable[20] is 0, but must be positive! (in '/home/m0hawk/Documents/apin/stan/scratch/w50/kronecker_gp_nme/kronecker_gp.stan', line 73, column 2 to column 27)

Error in logp_grad: log_density_gradient() failed with exception: Exception: lkj_corr_cholesky_lpdf: Random variable[20] is 0, but must be positive! (in '/home/m0hawk/Documents/apin/stan/scratch/w50/kronecker_gp_nme/kronecker_gp.stan', line 73, column 2 to column 27)

Error in logp_grad: log_density_gradient() failed with exception: Exception: lkj_corr_cholesky_lpdf: Random variable[20] is 0, but must be positive! (in '/home/m0hawk/Documents/apin/stan/scratch/w50/kronecker_gp_nme/kronecker_gp.stan', line 73, column 2 to column 27)

Error in logp_grad: log_density_gradient() failed with exception: Exception: lkj_corr_cholesky_lpdf: Random variable[20] is 0, but must be positive! (in '/home/m0hawk/Documents/apin/stan/scratch/w50/kronecker_gp_nme/kronecker_gp.stan', line 73, column 2 to column 27)

Error in logp_grad: log_density_gradient() failed with exception: Exception: lkj_corr_cholesky_lpdf: Random variable[20] is 0, but must be positive! (in '/home/m0hawk/Documents/apin/stan/scratch/w50/kronecker_gp_nme/kronecker_gp.stan', line 73, column 2 to column 27)

Error in logp_grad: log_density_gradient() failed with exception: Exception: lkj_corr_cholesky_lpdf: Random variable[20] is 0, but must be positive! (in '/home/m0hawk/Documents/apin/stan/scratch/w50/kronecker_gp_nme/kronecker_gp.stan', line 73, column 2 to column 27)

Error in logp_grad: log_density_gradient() failed with exception: Exception: lkj_corr_cholesky_lpdf: Random variable[29] is 0, but must be positive! (in '/home/m0hawk/Documents/apin/stan/scratch/w50/kronecker_gp_nme/kronecker_gp.stan', line 73, column 2 to column 27)

Error in logp_grad: log_density_gradient() failed with exception: Exception: lkj_corr_cholesky_lpdf: Random variable[29] is 0, but must be positive! (in '/home/m0hawk/Documents/apin/stan/scratch/w50/kronecker_gp_nme/kronecker_gp.stan', line 73, column 2 to column 27)

Error in logp_grad: log_density_gradient() failed with exception: Exception: lkj_corr_cholesky_lpdf: Random variable[26] is 0, but must be positive! (in '/home/m0hawk/Documents/apin/stan/scratch/w50/kronecker_gp_nme/kronecker_gp.stan', line 73, column 2 to column 27)

Error in logp_grad: log_density_gradient() failed with exception: Exception: lkj_corr_cholesky_lpdf: Random variable[26] is 0, but must be positive! (in '/home/m0hawk/Documents/apin/stan/scratch/w50/kronecker_gp_nme/kronecker_gp.stan', line 73, column 2 to column 27)

Error in logp_grad: log_density_gradient() failed with exception: Exception: lkj_corr_cholesky_lpdf: Random variable[20] is 0, but must be positive! (in '/home/m0hawk/Documents/apin/stan/scratch/w50/kronecker_gp_nme/kronecker_gp.stan', line 73, column 2 to column 27)

Error in logp_grad: log_density_gradient() failed with exception: Exception: lkj_corr_cholesky_lpdf: Random variable[20] is 0, but must be positive! (in '/home/m0hawk/Documents/apin/stan/scratch/w50/kronecker_gp_nme/kronecker_gp.stan', line 73, column 2 to column 27)

Error in logp_grad: log_density_gradient() failed with exception: Exception: lkj_corr_cholesky_lpdf: Random variable[26] is 0, but must be positive! (in '/home/m0hawk/Documents/apin/stan/scratch/w50/kronecker_gp_nme/kronecker_gp.stan', line 73, column 2 to column 27)

Error in logp_grad: log_density_gradient() failed with exception: Exception: lkj_corr_cholesky_lpdf: Random variable[20] is 0, but must be positive! (in '/home/m0hawk/Documents/apin/stan/scratch/w50/kronecker_gp_nme/kronecker_gp.stan', line 73, column 2 to column 27)

Error in logp_grad: log_density_gradient() failed with exception: Exception: log1m: x is 1, but must be less than or equal to 1.000000 (in '/home/m0hawk/Documents/apin/stan/scratch/w50/kronecker_gp_nme/kronecker_gp.stan', line 45, column 2 to column 29)

Error in logp_grad: log_density_gradient() failed with exception: Exception: lkj_corr_cholesky_lpdf: Random variable[20] is 0, but must be positive! (in '/home/m0hawk/Documents/apin/stan/scratch/w50/kronecker_gp_nme/kronecker_gp.stan', line 73, column 2 to column 27)

Error in logp_grad: log_density_gradient() failed with exception: Exception: lkj_corr_cholesky_lpdf: Random variable[20] is 0, but must be positive! (in '/home/m0hawk/Documents/apin/stan/scratch/w50/kronecker_gp_nme/kronecker_gp.stan', line 73, column 2 to column 27)

Error in logp_grad: log_density_gradient() failed with exception: Exception: lkj_corr_cholesky_lpdf: Random variable[20] is 0, but must be positive! (in '/home/m0hawk/Documents/apin/stan/scratch/w50/kronecker_gp_nme/kronecker_gp.stan', line 73, column 2 to column 27)

Error in logp_grad: log_density_gradient() failed with exception: Exception: lkj_corr_cholesky_lpdf: Random variable[20] is 0, but must be positive! (in '/home/m0hawk/Documents/apin/stan/scratch/w50/kronecker_gp_nme/kronecker_gp.stan', line 73, column 2 to column 27)

    total time: 1.42924s
logp_grad time: 1.42512s
logp_grad fraction: 0.997116
        logp_grad calls: 3773
        time per call: 0.000377715s

Adaptation completed.
Note: multi-chain mode (walnutpie::adapt) reports a log-mass cross-chain dispersion diagnostic for mode-aware reinit policies; single-chain CLI does not.
Macro time = 0.254721
Mass matrix diagonal = [0.00301945
0.00604335
 0.0197654
  0.014887
 0.0380718
 0.0248656
  0.014398
 0.0365438
0.00722408
 0.0202655
 0.0314142
  0.029637
  0.015296
 0.0198042
  0.022235
 0.0254682
 0.0355493
 0.0117404
 0.0236391
 0.0328438
 0.0328217
  0.027967
 0.0409564
 0.0145823
 0.0211534
 0.0342102
 0.0278639
 0.0297605
 0.0347611
 0.0891711
 0.0124493
 0.0218024
 0.0199507
 0.0174087
 0.0303667
 0.0286631
 0.0288506
 0.0377261
 0.0169907
 0.0251302
 0.0286168
 0.0172196
 0.0339542
 0.0247991
  0.028671
 0.0305046
 0.0300455
0.00743987
 0.0213589
 0.0237576
 0.0197311
 0.0160956
 0.0199803
 0.0220501
 0.0235207
 0.0277235
 0.0282321
 0.0137244
 0.0260353
  0.025242
 0.0203681
 0.0237657
 0.0255739
  0.024975
 0.0276646
 0.0241763
 0.0279414
 0.0478532
 0.0118866
 0.0190153
 0.0226885
 0.0618496
 0.0207903
 0.0207742
 0.0451778
 0.0388442
 0.0247967
 0.0267324
 0.0427542
 0.0358963
 0.0125994
 0.0185412
  0.028549
 0.0191582
 0.0132399
 0.0283112
 0.0262277
 0.0260836
  0.014677
 0.0284662
 0.0462451
 0.0330397
 0.0299121
 0.0157694
 0.0206241
   0.03253
 0.0125204
 0.0221844
 0.0263639
  0.046804
 0.0282243
 0.0271549
 0.0326556
 0.0311415
 0.0347766
 0.0302493
 0.0352847
 0.0120175
 0.0235447
 0.0343162
 0.0134955
 0.0314687
 0.0702591
 0.0301832
 0.0351062
 0.0274017
  0.038713
 0.0295468
 0.0369578
 0.0193677
 0.0205562
 0.0373643
 0.0206151
  0.025728
 0.0289017
 0.0282315
  0.020919
 0.0309049
 0.0271563
 0.0261198
 0.0260196
 0.0203446
 0.0243913
 0.0276058
 0.0225081
 0.0207954
 0.0428141
 0.0517251
0.00927757
  0.015825
 0.0337021
 0.0338112
  0.022183
 0.0320301
 0.0238596
 0.0308355
 0.0213291
 0.0350008
 0.0267009
 0.0390607
 0.0193026
 0.0410886
 0.0485525
 0.0337135
 0.0504467
 0.0228542
 0.0286989
 0.0314792
 0.0218554
 0.0244758
 0.0318458
 0.0389023
 0.0295458
 0.0329347
 0.0375482
 0.0143074
 0.0454889
 0.0357699
 0.0314932
 0.0526263
 0.0417419
 0.0290516
 0.0759342
  0.014764
 0.0347665
 0.0287871
 0.0165604
  0.020017
 0.0321518
 0.0308461
 0.0343083
 0.0362755
 0.0385872
 0.0222915
 0.0221815
 0.0208945
 0.0338503
 0.0498977
 0.0333392
 0.0252949
  0.558183
 0.0818886
0.00806364
  0.035769
 0.0272517
 0.0171878
 0.0212652
 0.0253912
 0.0257709
 0.0213174
  0.014843
 0.0221426
 0.0303347
  0.033776
 0.0190102
 0.0214857
 0.0302732
  0.029857
 0.0263896
 0.0678406
 0.0434646
 0.0281144
0.00831211
  0.021473
 0.0180326
 0.0264733
 0.0168345
 0.0242298
 0.0242126
 0.0279984
 0.0207121
 0.0249768
  0.016467
 0.0196364
 0.0212453
 0.0189283
 0.0444444
 0.0295087
 0.0519401
 0.0449116
 0.0351974
 0.0612369
 0.0680881
 0.0171903
 0.0203448
 0.0241969
 0.0199362
 0.0127186
 0.0286343
 0.0220132
 0.0254682
 0.0210087
  0.033181
 0.0197275
 0.0203182
 0.0346696
 0.0389636
 0.0379144
  0.050478
 0.0323523
 0.0376075
 0.0383948
 0.0305901
 0.0588533
 0.0281586
  0.021777
 0.0221258
 0.0242595
 0.0246379
 0.0286572
 0.0389876
 0.0298155
 0.0257631
 0.0375518
 0.0366512
 0.0370204
  0.032688
 0.0226203
 0.0280661
 0.0333081
 0.0293395
 0.0492411
 0.0859201
 0.0384011
 0.0436446
 0.0673288
 0.0523109
 0.0751795
 0.0126287
 0.0249444
 0.0198249
 0.0278516
 0.0235231
 0.0296238
 0.0230197
 0.0288962
 0.0274439
 0.0286736
  0.021105
 0.0190225
 0.0336961
 0.0312779
  0.029712
 0.0514438
 0.0315008
 0.0337972
 0.0399129
 0.0321547
 0.0462637
 0.0736285
 0.0493152
 0.0543747
0.00904319
 0.0131271
 0.0255027
 0.0222139
 0.0163941
 0.0233603
 0.0245615
 0.0228049
  0.020544
 0.0173593
 0.0200954
 0.0306923
 0.0226175
 0.0278991
 0.0265353
 0.0180663
 0.0218548
 0.0319819
 0.0502195
 0.0261379
 0.0319629
  0.351611
 0.0351139
 0.0441918
 0.0420553
 0.0101171
 0.0201527
 0.0178279
 0.0182232
 0.0191453
 0.0352995
  0.108236
 0.0238176
 0.0357435
  0.036226
 0.0206567
 0.0331893
 0.0214995
 0.0214836
 0.0215201
 0.0374011
 0.0372391
 0.0337004
 0.0559832
 0.0398363
 0.0471986
 0.0364626
 0.0323538
 0.0533356
  0.073633
  0.086956
  0.018362
 0.0305868
 0.0337499
  0.032154
  0.052132
 0.0162326
 0.0225802
 0.0152982
 0.0334005
 0.0260204
 0.0649914
  0.032881
 0.0263068
 0.0446256
 0.0338067
 0.0289869
 0.0496711
 0.0622306
 0.0493798
 0.0316958
 0.0435323
 0.0567555
 0.0691074
 0.0731404
 0.0485747
 0.0785342
 0.0729527
 0.0183363
 0.0347513
 0.0307149
 0.0227457
 0.0193764
  0.019205
 0.0348443
 0.0302372
    0.0202
 0.0286027
  0.019333
 0.0450896
 0.0293049
 0.0404583
 0.0495502
 0.0203821
 0.0222113
 0.0494033
 0.0578076
   0.05082
 0.0603902
 0.0534999
 0.0570838
 0.0575563
 0.0259716
  0.127079
 0.0825101
  0.171005
 0.0163071
 0.0247654
 0.0402308
 0.0235559
 0.0221071
   0.02055
 0.0192037
  0.016088
 0.0235368
 0.0381822
 0.0165872
 0.0285218
 0.0315126
 0.0360126
 0.0254475
 0.0239737
 0.0422112
 0.0380197
 0.0405339
 0.0256903
 0.0338498
 0.0596346
 0.0653065
 0.0658331
 0.0294047
 0.0928058
  0.174958
  0.157069
  0.169809
 0.0695013]
    total time: 0.371642s
logp_grad time: 0.362748s
logp_grad fraction: 0.976068
        logp_grad calls: 959
        time per call: 0.000378256s

var1: mean = 0.627764, stddev = 0.0332747
bw1: mean = 1.04991, stddev = 0.0442011
L.1.1: mean = 1, stddev = 0
L.2.1: mean = 0.396355, stddev = 0.102937
... elided 5457 rows ...
Lambda.28.30: mean = 0.366207, stddev = 0.15307
Lambda.29.30: mean = 0.306322, stddev = 0.11579
Lambda.30.30: mean = 1, stddev = 1.0757e-16
