warning: Malware checks are experimental and may change without warning. Pass `--preview-features malware-check` to disable this warning.
[bs] eight_schools_noncentered: FAILED module 'bridgestan' has no attribute 'compile_stan_file'
[bs] blr: FAILED module 'bridgestan' has no attribute 'compile_stan_file'
[bs] kidscore_momiq: FAILED module 'bridgestan' has no attribute 'compile_stan_file'
[bs] lsat_model: FAILED module 'bridgestan' has no attribute 'compile_stan_file'
[bs] logmesquite_logvash: FAILED module 'bridgestan' has no attribute 'compile_stan_file'
[bs] wells_dist100_model: FAILED module 'bridgestan' has no attribute 'compile_stan_file'
[bs] diamonds: FAILED module 'bridgestan' has no attribute 'compile_stan_file'
[bs] radon_partially_pooled_noncentered: FAILED module 'bridgestan' has no attribute 'compile_stan_file'
[bs] radon_variable_intercept_slope_noncentered: FAILED module 'bridgestan' has no attribute 'compile_stan_file'
[bs] dogs_hierarchical: FAILED module 'bridgestan' has no attribute 'compile_stan_file'
[bs] pilots: FAILED module 'bridgestan' has no attribute 'compile_stan_file'
[bs] hier_2pl: FAILED module 'bridgestan' has no attribute 'compile_stan_file'
[bs] gp_regr: FAILED module 'bridgestan' has no attribute 'compile_stan_file'
[bs] kronecker_gp: FAILED module 'bridgestan' has no attribute 'compile_stan_file'
[bs] accel_gp: FAILED module 'bridgestan' has no attribute 'compile_stan_file'
[bs] bym2_offset_only: FAILED module 'bridgestan' has no attribute 'compile_stan_file'
[bs] eight_schools_centered: FAILED module 'bridgestan' has no attribute 'compile_stan_file'
[bs] garch11: FAILED module 'bridgestan' has no attribute 'compile_stan_file'
[bs] lotka_volterra: FAILED module 'bridgestan' has no attribute 'compile_stan_file'
[bs] low_dim_gauss_mix: FAILED module 'bridgestan' has no attribute 'compile_stan_file'
[bs] arma11: FAILED module 'bridgestan' has no attribute 'compile_stan_file'
