warning: Malware checks are experimental and may change without warning. Pass `--preview-features malware-check` to disable this warning.
[compile] eight_schools_noncentered/clang_native: 12.4s
[compile] blr/clang_native: 11.8s
[compile] kidscore_momiq/clang_native: 10.2s
[compile] lsat_model/clang_native: 13.2s
[compile] logmesquite_logvash/clang_native: 10.2s
[compile] wells_dist100_model/clang_native: 15.7s
[compile] diamonds/clang_native: 12.9s
[compile] radon_partially_pooled_noncentered/clang_native: 10.8s
[compile] radon_variable_intercept_slope_noncentered/clang_native: 11.1s
[compile] dogs_hierarchical/clang_native: 8.3s
[compile] pilots/clang_native: 9.4s
[compile] hier_2pl/clang_native: 22.4s
[compile] gp_regr/clang_native: 19.3s
[compile] kronecker_gp/clang_native: 30.0s
[compile] accel_gp/clang_native: 25.4s
[compile] bym2_offset_only/clang_native: 27.3s
[compile] eight_schools_centered/clang_native: 13.9s
[compile] garch11/clang_native: 17.4s
[compile] lotka_volterra/clang_native: 30.2s
[compile] low_dim_gauss_mix/clang_native: FAILED make failed: _1.87.0 -I stan/lib/stan_math/lib/sundials_6.1.1/include -I stan/lib/stan_math/lib/sundials_6.1.1/src/sundials    -DBOOST_DISABLE_ASSERTS          -c -include-pch stan/src/stan/model/model_header.hpp.gch/model_header_14_0.hpp.gch -x c++ -o /home/m0hawk/Documents/apin/stan/build/low_dim_gauss_mix__clang_native/model.o /home/m0hawk/Documents/apin/stan/build/low_dim_gauss_mix__clang_native/model.hpp
 since the precompiled header 'stan/src/stan/model/model_header.hpp.gch/model_header_14_0.hpp.gch' was built: mtime changed (was 1784295402, now 1786107474)
note: please rebuild precompiled header 'stan/src/stan/model/model_header.hpp.gch/model_header_14_0.hpp.gch'
1 error generated.
make: *** [make/program:77: /home/m0hawk/Documents/apin/stan/build/low_dim_gauss_mix__clang_native/model.o] Error 1

[compile] arma11/clang_native: FAILED make failed: ib/stan_math/lib/boost_1.87.0 -I stan/lib/stan_math/lib/sundials_6.1.1/include -I stan/lib/stan_math/lib/sundials_6.1.1/src/sundials    -DBOOST_DISABLE_ASSERTS          -c -include-pch stan/src/stan/model/model_header.hpp.gch/model_header_14_0.hpp.gch -x c++ -o /home/m0hawk/Documents/apin/stan/build/arma11__clang_native/model.o /home/m0hawk/Documents/apin/stan/build/arma11__clang_native/model.hpp
 n modified since the precompiled header 'stan/src/stan/model/model_header.hpp.gch/model_header_14_0.hpp.gch' was built: mtime changed (was 1784295402, now 1786107474)
note: please rebuild precompiled header 'stan/src/stan/model/model_header.hpp.gch/model_header_14_0.hpp.gch'
1 error generated.
make: *** [make/program:77: /home/m0hawk/Documents/apin/stan/build/arma11__clang_native/model.o] Error 1

