warning: Malware checks are experimental and may change without warning. Pass `--preview-features malware-check` to disable this warning.
[compile] eight_schools_noncentered/oexp: FAILED make failed: n_math/lib/eigen_3.4.0 -I stan/lib/stan_math/lib/boost_1.87.0 -I stan/lib/stan_math/lib/sundials_6.1.1/include -I stan/lib/stan_math/lib/sundials_6.1.1/src/sundials    -DBOOST_DISABLE_ASSERTS          -c -Wno-ignored-attributes   -x c++ -o /home/m0hawk/Documents/apin/stan/build/eight_schools_noncentered__oexp/model.o /home/m0hawk/Documents/apin/stan/build/eight_schools_noncentered__oexp/model.hpp
 ts, 3 provided
  199 |       stan::model::assign(lcm_sym9__, stan::math::fma(theta_trans, tau, mu),
      |       ~~~~~~~~~~~~~~~~~~~^~~~~~~~~~~~~~~~~~~~~~~~~~~~~~~~~~~~~~~~~~~~~~~~~~~
  200 |         "assigning variable lcm_sym9__");
      |         ~~~~~~~~~~~~~~~~~~~~~~~~~~~~~~~~
make: *** [make/program:77: /home/m0hawk/Documents/apin/stan/build/eight_schools_noncentered__oexp/model.o] Error 1

[compile] blr/oexp: 8.3s
[compile] kidscore_momiq/oexp: 8.2s
[compile] lsat_model/oexp: 12.1s
[compile] logmesquite_logvash/oexp: 10.8s
[compile] wells_dist100_model/oexp: 9.7s
[compile] diamonds/oexp: 11.3s
[compile] radon_partially_pooled_noncentered/oexp: 8.6s
[compile] radon_variable_intercept_slope_noncentered/oexp: 9.4s
[compile] dogs_hierarchical/oexp: 9.1s
[compile] pilots/oexp: 9.2s
[compile] hier_2pl/oexp: 20.2s
[compile] gp_regr/oexp: 19.0s
[compile] kronecker_gp/oexp: 33.2s
[compile] accel_gp/oexp: FAILED make failed: tan/lib/stan_math/ -I stan/lib/stan_math/lib/eigen_3.4.0 -I stan/lib/stan_math/lib/boost_1.87.0 -I stan/lib/stan_math/lib/sundials_6.1.1/include -I stan/lib/stan_math/lib/sundials_6.1.1/src/sundials    -DBOOST_DISABLE_ASSERTS          -c -Wno-ignored-attributes   -x c++ -o /home/m0hawk/Documents/apin/stan/build/accel_gp__oexp/model.o /home/m0hawk/Documents/apin/stan/build/accel_gp__oexp/model.hpp
         stan::math::rep_vector(static_cast<double>(0), N)),
      |               ~~~~~~~~~~~~~~~~~~~~~~~~~~~~~~~~~~~~~~~~~~~~~~~~~~~
 1688 |             inline_gpa_return_sym19__), "assigning variable lcm_sym118__");
      |             ~~~~~~~~~~~~~~~~~~~~~~~~~~~~~~~~~~~~~~~~~~~~~~~~~~~~~~~~~~~~~~
make: *** [make/program:77: /home/m0hawk/Documents/apin/stan/build/accel_gp__oexp/model.o] Error 1

[compile] bym2_offset_only/oexp: FAILED make failed: h/ -I stan/lib/stan_math/lib/eigen_3.4.0 -I stan/lib/stan_math/lib/boost_1.87.0 -I stan/lib/stan_math/lib/sundials_6.1.1/include -I stan/lib/stan_math/lib/sundials_6.1.1/src/sundials    -DBOOST_DISABLE_ASSERTS          -c -Wno-ignored-attributes   -x c++ -o /home/m0hawk/Documents/apin/stan/build/bym2_offset_only__oexp/model.o /home/m0hawk/Documents/apin/stan/build/bym2_offset_only__oexp/model.hpp
 ~~~~~~~~~~~~~~~
  347 |           stan::math::multiply(stan::math::sqrt((rho / scaling_factor)), phi)),
      |           ~~~~~~~~~~~~~~~~~~~~~~~~~~~~~~~~~~~~~~~~~~~~~~~~~~~~~~~~~~~~~~~~~~~~~
  348 |         "assigning variable lcm_sym16__");
      |         ~~~~~~~~~~~~~~~~~~~~~~~~~~~~~~~~~
make: *** [make/program:77: /home/m0hawk/Documents/apin/stan/build/bym2_offset_only__oexp/model.o] Error 1

[compile] eight_schools_centered/oexp: 9.4s
[compile] garch11/oexp: 7.8s
[compile] lotka_volterra/oexp: 12.3s
[compile] low_dim_gauss_mix/oexp: 8.6s
[compile] arma11/oexp: 9.1s
