warning: Malware checks are experimental and may change without warning. Pass `--preview-features malware-check` to disable this warning.
63 ESS jobs
ess_bulk min=727 geomean=2599 rhat_max=1.0049 -> /home/m0hawk/Documents/apin/stan/results/ess/nutpie__accel_gp__rep0.json
ess_bulk min=511 geomean=2256 rhat_max=1.0054 -> /home/m0hawk/Documents/apin/stan/results/ess/nutpie__accel_gp__rep1.json
ess_bulk min=749 geomean=2549 rhat_max=1.0066 -> /home/m0hawk/Documents/apin/stan/results/ess/nutpie__accel_gp__rep2.json
ess_bulk min=4934 geomean=5511 rhat_max=1.0017 -> /home/m0hawk/Documents/apin/stan/results/ess/nutpie__arma11__rep0.json
ess_bulk min=7 geomean=7 rhat_max=1.5279 -> /home/m0hawk/Documents/apin/stan/results/ess/nutpie__arma11__rep1.json
ess_bulk min=5544 geomean=6025 rhat_max=1.0027 -> /home/m0hawk/Documents/apin/stan/results/ess/nutpie__arma11__rep2.json
ess_bulk min=715 geomean=939 rhat_max=1.0034 -> /home/m0hawk/Documents/apin/stan/results/ess/nutpie__blr__rep0.json
ess_bulk min=633 geomean=829 rhat_max=1.0083 -> /home/m0hawk/Documents/apin/stan/results/ess/nutpie__blr__rep1.json
ess_bulk min=686 geomean=880 rhat_max=1.0043 -> /home/m0hawk/Documents/apin/stan/results/ess/nutpie__blr__rep2.json
ess_bulk min=435 geomean=4549 rhat_max=1.0088 -> /home/m0hawk/Documents/apin/stan/results/ess/nutpie__bym2_offset_only__rep0.json
ess_bulk min=7 geomean=20 rhat_max=1.6007 -> /home/m0hawk/Documents/apin/stan/results/ess/nutpie__bym2_offset_only__rep1.json
ess_bulk min=457 geomean=4466 rhat_max=1.0156 -> /home/m0hawk/Documents/apin/stan/results/ess/nutpie__bym2_offset_only__rep2.json
ess_bulk min=387 geomean=2408 rhat_max=1.0086 -> /home/m0hawk/Documents/apin/stan/results/ess/nutpie__diamonds__rep0.json
ess_bulk min=418 geomean=2395 rhat_max=1.0098 -> /home/m0hawk/Documents/apin/stan/results/ess/nutpie__diamonds__rep1.json
ess_bulk min=414 geomean=2526 rhat_max=1.0064 -> /home/m0hawk/Documents/apin/stan/results/ess/nutpie__diamonds__rep2.json
ess_bulk min=2243 geomean=3919 rhat_max=1.0023 -> /home/m0hawk/Documents/apin/stan/results/ess/nutpie__dogs_hierarchical__rep0.json
ess_bulk min=2250 geomean=3928 rhat_max=1.0024 -> /home/m0hawk/Documents/apin/stan/results/ess/nutpie__dogs_hierarchical__rep1.json
ess_bulk min=2300 geomean=3932 rhat_max=1.0034 -> /home/m0hawk/Documents/apin/stan/results/ess/nutpie__dogs_hierarchical__rep2.json
ess_bulk min=140 geomean=556 rhat_max=1.0162 -> /home/m0hawk/Documents/apin/stan/results/ess/nutpie__eight_schools_centered__rep0.json
ess_bulk min=221 geomean=610 rhat_max=1.0110 -> /home/m0hawk/Documents/apin/stan/results/ess/nutpie__eight_schools_centered__rep1.json
ess_bulk min=192 geomean=787 rhat_max=1.0426 -> /home/m0hawk/Documents/apin/stan/results/ess/nutpie__eight_schools_centered__rep2.json
ess_bulk min=2145 geomean=4857 rhat_max=1.0023 -> /home/m0hawk/Documents/apin/stan/results/ess/nutpie__eight_schools_noncentered__rep0.json
ess_bulk min=2251 geomean=4696 rhat_max=1.0026 -> /home/m0hawk/Documents/apin/stan/results/ess/nutpie__eight_schools_noncentered__rep1.json
ess_bulk min=2268 geomean=4897 rhat_max=1.0034 -> /home/m0hawk/Documents/apin/stan/results/ess/nutpie__eight_schools_noncentered__rep2.json
ess_bulk min=1464 geomean=1923 rhat_max=1.0019 -> /home/m0hawk/Documents/apin/stan/results/ess/nutpie__garch11__rep0.json
ess_bulk min=1522 geomean=1901 rhat_max=1.0018 -> /home/m0hawk/Documents/apin/stan/results/ess/nutpie__garch11__rep1.json
ess_bulk min=1328 geomean=1729 rhat_max=1.0009 -> /home/m0hawk/Documents/apin/stan/results/ess/nutpie__garch11__rep2.json
ess_bulk min=5082 geomean=5368 rhat_max=1.0016 -> /home/m0hawk/Documents/apin/stan/results/ess/nutpie__gp_regr__rep0.json
ess_bulk min=5273 geomean=5631 rhat_max=1.0010 -> /home/m0hawk/Documents/apin/stan/results/ess/nutpie__gp_regr__rep1.json
ess_bulk min=5915 geomean=6437 rhat_max=1.0018 -> /home/m0hawk/Documents/apin/stan/results/ess/nutpie__gp_regr__rep2.json
ess_bulk min=865 geomean=4863 rhat_max=1.0070 -> /home/m0hawk/Documents/apin/stan/results/ess/nutpie__hier_2pl__rep0.json
ess_bulk min=897 geomean=5006 rhat_max=1.0074 -> /home/m0hawk/Documents/apin/stan/results/ess/nutpie__hier_2pl__rep1.json
ess_bulk min=813 geomean=4884 rhat_max=1.0108 -> /home/m0hawk/Documents/apin/stan/results/ess/nutpie__hier_2pl__rep2.json
ess_bulk min=696 geomean=1056 rhat_max=1.0054 -> /home/m0hawk/Documents/apin/stan/results/ess/nutpie__kidscore_momiq__rep0.json
ess_bulk min=511 geomean=836 rhat_max=1.0059 -> /home/m0hawk/Documents/apin/stan/results/ess/nutpie__kidscore_momiq__rep1.json
ess_bulk min=537 geomean=845 rhat_max=1.0030 -> /home/m0hawk/Documents/apin/stan/results/ess/nutpie__kidscore_momiq__rep2.json
ess_bulk min=398 geomean=2047 rhat_max=1.0045 -> /home/m0hawk/Documents/apin/stan/results/ess/nutpie__kronecker_gp__rep0.json
ess_bulk min=407 geomean=2035 rhat_max=1.0112 -> /home/m0hawk/Documents/apin/stan/results/ess/nutpie__kronecker_gp__rep1.json
ess_bulk min=439 geomean=1957 rhat_max=1.0143 -> /home/m0hawk/Documents/apin/stan/results/ess/nutpie__kronecker_gp__rep2.json
ess_bulk min=718 geomean=1321 rhat_max=1.0048 -> /home/m0hawk/Documents/apin/stan/results/ess/nutpie__logmesquite_logvash__rep0.json
ess_bulk min=738 geomean=1332 rhat_max=1.0060 -> /home/m0hawk/Documents/apin/stan/results/ess/nutpie__logmesquite_logvash__rep1.json
ess_bulk min=650 geomean=1280 rhat_max=1.0055 -> /home/m0hawk/Documents/apin/stan/results/ess/nutpie__logmesquite_logvash__rep2.json
ess_bulk min=578 geomean=2568 rhat_max=1.0059 -> /home/m0hawk/Documents/apin/stan/results/ess/nutpie__lotka_volterra__rep0.json
ess_bulk min=731 geomean=2750 rhat_max=1.0078 -> /home/m0hawk/Documents/apin/stan/results/ess/nutpie__lotka_volterra__rep1.json
ess_bulk min=7 geomean=8 rhat_max=1.5931 -> /home/m0hawk/Documents/apin/stan/results/ess/nutpie__lotka_volterra__rep2.json
ess_bulk min=2602 geomean=4693 rhat_max=1.0024 -> /home/m0hawk/Documents/apin/stan/results/ess/nutpie__low_dim_gauss_mix__rep0.json
ess_bulk min=2745 geomean=4699 rhat_max=1.0015 -> /home/m0hawk/Documents/apin/stan/results/ess/nutpie__low_dim_gauss_mix__rep1.json
ess_bulk min=2609 geomean=4570 rhat_max=1.0015 -> /home/m0hawk/Documents/apin/stan/results/ess/nutpie__low_dim_gauss_mix__rep2.json
ess_bulk min=1021 geomean=7100 rhat_max=1.0074 -> /home/m0hawk/Documents/apin/stan/results/ess/nutpie__lsat_model__rep0.json
ess_bulk min=883 geomean=6792 rhat_max=1.0093 -> /home/m0hawk/Documents/apin/stan/results/ess/nutpie__lsat_model__rep1.json
ess_bulk min=1032 geomean=7088 rhat_max=1.0073 -> /home/m0hawk/Documents/apin/stan/results/ess/nutpie__lsat_model__rep2.json
ess_bulk min=35 geomean=231 rhat_max=1.2406 -> /home/m0hawk/Documents/apin/stan/results/ess/nutpie__pilots__rep0.json
ess_bulk min=8 geomean=143 rhat_max=1.4749 -> /home/m0hawk/Documents/apin/stan/results/ess/nutpie__pilots__rep1.json
ess_bulk min=19 geomean=192 rhat_max=1.3818 -> /home/m0hawk/Documents/apin/stan/results/ess/nutpie__pilots__rep2.json
ess_bulk min=638 geomean=7822 rhat_max=1.0071 -> /home/m0hawk/Documents/apin/stan/results/ess/nutpie__radon_partially_pooled_noncentered__rep0.json
ess_bulk min=617 geomean=8104 rhat_max=1.0079 -> /home/m0hawk/Documents/apin/stan/results/ess/nutpie__radon_partially_pooled_noncentered__rep1.json
ess_bulk min=414 geomean=7671 rhat_max=1.0126 -> /home/m0hawk/Documents/apin/stan/results/ess/nutpie__radon_partially_pooled_noncentered__rep2.json
ess_bulk min=709 geomean=5991 rhat_max=1.0102 -> /home/m0hawk/Documents/apin/stan/results/ess/nutpie__radon_variable_intercept_slope_noncentered__rep0.json
ess_bulk min=682 geomean=6057 rhat_max=1.0066 -> /home/m0hawk/Documents/apin/stan/results/ess/nutpie__radon_variable_intercept_slope_noncentered__rep1.json
ess_bulk min=855 geomean=5657 rhat_max=1.0087 -> /home/m0hawk/Documents/apin/stan/results/ess/nutpie__radon_variable_intercept_slope_noncentered__rep2.json
ess_bulk min=1253 geomean=1258 rhat_max=1.0025 -> /home/m0hawk/Documents/apin/stan/results/ess/nutpie__wells_dist100_model__rep0.json
ess_bulk min=1049 geomean=1063 rhat_max=1.0029 -> /home/m0hawk/Documents/apin/stan/results/ess/nutpie__wells_dist100_model__rep1.json
ess_bulk min=1165 geomean=1168 rhat_max=1.0020 -> /home/m0hawk/Documents/apin/stan/results/ess/nutpie__wells_dist100_model__rep2.json
ESS DONE
