warning: Malware checks are experimental and may change without warning. Pass `--preview-features malware-check` to disable this warning.
[run] w2_adam_b50_shr/eight_schools_noncentered/rep0: FAILED Unknown format code 'f' for object of type 'str'
[run] w2_adam_b50_shr/blr/rep0: FAILED Unknown format code 'f' for object of type 'str'
[run] w2_adam_b50_shr/kidscore_momiq/rep0: FAILED Unknown format code 'f' for object of type 'str'
[run] w2_adam_b50_shr/lsat_model/rep0: FAILED chain 0 rc=105, see /home/m0hawk/Documents/apin/stan/runs/w2_adam_b50_shr/lsat_model/rep0/chain_0.log
[run] w2_adam_b50_shr/logmesquite_logvash/rep0: wall=0.1s warm=0.1 samp=0.1 lg=208682 logp_frac=0.970898
[run] w2_adam_b50_shr/wells_dist100_model/rep0: wall=0.8s warm=0.4 samp=0.3 lg=53543 logp_frac=0.994085
[run] w2_adam_b50_shr/diamonds/rep0: wall=2.6s warm=1.3 samp=1.3 lg=256004 logp_frac=0.996013
[run] w2_adam_b50_shr/radon_partially_pooled_noncentered/rep0: wall=26.3s warm=13.5 samp=12.2 lg=256004 logp_frac=0.996431
[run] w2_adam_b50_shr/radon_variable_intercept_slope_noncentered/rep0: wall=3.0s warm=0.9 samp=0.5 lg=150623 logp_frac=0.967956
[run] w2_adam_b50_shr/dogs_hierarchical/rep0: wall=0.9s warm=0.3 samp=0.3 lg=47861 logp_frac=0.917303
[run] w2_adam_b50_shr/pilots/rep0: wall=0.3s warm=0.1 samp=0.1 lg=511785 logp_frac=0.934031
[run] w2_adam_b50_shr/hier_2pl/rep0: wall=84.8s warm=38.0 samp=35.8 lg=240742 logp_frac=0.996154
[run] w2_adam_b50_shr/gp_regr/rep0: wall=0.1s warm=0.0 samp=0.0 lg=47039 logp_frac=0.952458
[run] w2_adam_b50_shr/kronecker_gp/rep0: wall=42.3s warm=19.1 samp=21.7 lg=411786 logp_frac=0.98773
[run] w2_adam_b50_shr/accel_gp/rep0: FAILED chain 1 rc=-6, see /home/m0hawk/Documents/apin/stan/runs/w2_adam_b50_shr/accel_gp/rep0/chain_1.log
[run] w2_adam_b50_shr/bym2_offset_only/rep0: wall=15.2s warm=5.2 samp=5.4 lg=256004 logp_frac=0.948313
[run] w2_adam_b50_shr/eight_schools_centered/rep0: wall=0.1s warm=0.0 samp=0.0 lg=143559 logp_frac=0.736504
[run] w2_adam_b50_shr/garch11/rep0: wall=0.3s warm=0.1 samp=0.1 lg=74243 logp_frac=0.975561
[run] w2_adam_b50_shr/lotka_volterra/rep0: wall=6.3s warm=2.9 samp=1.5 lg=196798 logp_frac=0.98231
[run] w2_adam_b50_shr/low_dim_gauss_mix/rep0: wall=5.0s warm=3.1 samp=2.0 lg=87178 logp_frac=0.997512
[run] w2_adam_b50_shr/arma11/rep0: FAILED chain 1 rc=-6, see /home/m0hawk/Documents/apin/stan/runs/w2_adam_b50_shr/arma11/rep0/chain_1.log
[run] w2_adam_b50_shr/eight_schools_noncentered/rep1: wall=0.0s warm=0.0 samp=0.0 lg=70344 logp_frac=0.725126
[run] w2_adam_b50_shr/blr/rep1: wall=0.1s warm=0.0 samp=0.0 lg=256004 logp_frac=0.961315
[run] w2_adam_b50_shr/kidscore_momiq/rep1: wall=0.4s warm=0.2 samp=0.2 lg=256004 logp_frac=0.989492
[run] w2_adam_b50_shr/lsat_model/rep1: wall=6.6s warm=3.6 samp=2.2 lg=136401 logp_frac=0.965544
[run] w2_adam_b50_shr/logmesquite_logvash/rep1: wall=0.1s warm=0.1 samp=0.0 lg=191234 logp_frac=0.916703
[run] w2_adam_b50_shr/wells_dist100_model/rep1: wall=0.9s warm=0.4 samp=0.4 lg=56605 logp_frac=0.992871
[run] w2_adam_b50_shr/diamonds/rep1: wall=2.8s warm=1.2 samp=1.3 lg=256126 logp_frac=0.994924
[run] w2_adam_b50_shr/radon_partially_pooled_noncentered/rep1: wall=26.2s warm=13.5 samp=12.4 lg=224962 logp_frac=0.99645
[run] w2_adam_b50_shr/radon_variable_intercept_slope_noncentered/rep1: wall=3.1s warm=1.5 samp=1.4 lg=191859 logp_frac=0.989263
[run] w2_adam_b50_shr/dogs_hierarchical/rep1: wall=0.9s warm=0.4 samp=0.3 lg=47860 logp_frac=0.920683
[run] w2_adam_b50_shr/pilots/rep1: wall=0.2s warm=0.1 samp=0.1 lg=519320 logp_frac=0.929228
[run] w2_adam_b50_shr/hier_2pl/rep1: wall=78.2s warm=43.5 samp=34.5 lg=224728 logp_frac=0.996498
[run] w2_adam_b50_shr/gp_regr/rep1: wall=0.1s warm=0.0 samp=0.0 lg=46240 logp_frac=0.95388
[run] w2_adam_b50_shr/kronecker_gp/rep1: wall=40.3s warm=10.8 samp=12.0 lg=342557 logp_frac=0.983245
[run] w2_adam_b50_shr/accel_gp/rep1: wall=5.4s warm=0.7 samp=0.6 lg=532147 logp_frac=0.987044
[run] w2_adam_b50_shr/bym2_offset_only/rep1: FAILED chain 1 rc=-6, see /home/m0hawk/Documents/apin/stan/runs/w2_adam_b50_shr/bym2_offset_only/rep1/chain_1.log
[run] w2_adam_b50_shr/eight_schools_centered/rep1: wall=0.0s warm=0.0 samp=0.0 lg=173958 logp_frac=0.759384
[run] w2_adam_b50_shr/garch11/rep1: wall=0.3s warm=0.1 samp=0.1 lg=74963 logp_frac=0.977589
[run] w2_adam_b50_shr/lotka_volterra/rep1: wall=4.0s warm=1.6 samp=1.6 lg=188907 logp_frac=0.988923
[run] w2_adam_b50_shr/low_dim_gauss_mix/rep1: wall=12.2s warm=6.3 samp=5.9 lg=142500 logp_frac=0.999114
[run] w2_adam_b50_shr/arma11/rep1: FAILED chain 0 rc=-6, see /home/m0hawk/Documents/apin/stan/runs/w2_adam_b50_shr/arma11/rep1/chain_0.log
[run] w2_adam_b50_shr/eight_schools_noncentered/rep2: wall=0.0s warm=0.0 samp=0.0 lg=70496 logp_frac=0.715294
[run] w2_adam_b50_shr/blr/rep2: wall=0.1s warm=0.0 samp=0.0 lg=256004 logp_frac=0.962038
[run] w2_adam_b50_shr/kidscore_momiq/rep2: wall=0.4s warm=0.2 samp=0.2 lg=256004 logp_frac=0.990297
[run] w2_adam_b50_shr/lsat_model/rep2: wall=11.9s warm=4.2 samp=1.9 lg=169394 logp_frac=0.965905
[run] w2_adam_b50_shr/logmesquite_logvash/rep2: wall=0.1s warm=0.1 samp=0.1 lg=190666 logp_frac=0.915396
[run] w2_adam_b50_shr/wells_dist100_model/rep2: wall=0.9s warm=0.4 samp=0.4 lg=54468 logp_frac=0.991563
[run] w2_adam_b50_shr/diamonds/rep2: wall=2.6s warm=1.2 samp=1.3 lg=256004 logp_frac=0.995924
[run] w2_adam_b50_shr/radon_partially_pooled_noncentered/rep2: wall=25.5s warm=12.6 samp=12.8 lg=256004 logp_frac=0.996696
[run] w2_adam_b50_shr/radon_variable_intercept_slope_noncentered/rep2: wall=3.3s warm=0.9 samp=0.5 lg=221984 logp_frac=0.971525
[run] w2_adam_b50_shr/dogs_hierarchical/rep2: wall=0.9s warm=0.3 samp=0.4 lg=48396 logp_frac=0.91732
[run] w2_adam_b50_shr/pilots/rep2: wall=0.2s warm=0.1 samp=0.1 lg=484705 logp_frac=0.934242
[run] w2_adam_b50_shr/hier_2pl/rep2: wall=157.4s warm=33.2 samp=17.3 lg=282114 logp_frac=0.995346
[run] w2_adam_b50_shr/gp_regr/rep2: wall=0.1s warm=0.0 samp=0.0 lg=47697 logp_frac=0.950561
[run] w2_adam_b50_shr/kronecker_gp/rep2: wall=39.7s warm=19.7 samp=16.5 lg=372197 logp_frac=0.986161
[run] w2_adam_b50_shr/accel_gp/rep2: wall=1.1s warm=0.5 samp=0.6 lg=256004 logp_frac=0.984934
[run] w2_adam_b50_shr/bym2_offset_only/rep2: FAILED chain 2 rc=-6, see /home/m0hawk/Documents/apin/stan/runs/w2_adam_b50_shr/bym2_offset_only/rep2/chain_2.log
[run] w2_adam_b50_shr/eight_schools_centered/rep2: wall=0.0s warm=0.0 samp=0.0 lg=155554 logp_frac=0.731628
[run] w2_adam_b50_shr/garch11/rep2: wall=0.3s warm=0.1 samp=0.1 lg=75287 logp_frac=0.97911
[run] w2_adam_b50_shr/lotka_volterra/rep2: wall=8.5s warm=1.7 samp=1.1 lg=169740 logp_frac=0.976438
[run] w2_adam_b50_shr/low_dim_gauss_mix/rep2: wall=11.2s warm=5.2 samp=6.0 lg=133480 logp_frac=0.999133
[run] w2_adam_b50_shr/arma11/rep2: FAILED chain 0 rc=-6, see /home/m0hawk/Documents/apin/stan/runs/w2_adam_b50_shr/arma11/rep2/chain_0.log
W2_ADAM_B50_SHR GRID DONE
warning: Malware checks are experimental and may change without warning. Pass `--preview-features malware-check` to disable this warning.
[run] w2_adam_b50_shr_c3/eight_schools_noncentered/rep0: wall=0.0s warm=0.0 samp=0.0 lg=73354 logp_frac=0.752623
[run] w2_adam_b50_shr_c3/blr/rep0: wall=0.1s warm=0.0 samp=0.0 lg=256004 logp_frac=0.964701
[run] w2_adam_b50_shr_c3/kidscore_momiq/rep0: wall=0.4s warm=0.2 samp=0.2 lg=256004 logp_frac=0.989556
[run] w2_adam_b50_shr_c3/lsat_model/rep0: wall=6.3s warm=4.0 samp=2.1 lg=137970 logp_frac=0.964093
[run] w2_adam_b50_shr_c3/logmesquite_logvash/rep0: wall=0.1s warm=0.1 samp=0.1 lg=204792 logp_frac=0.971479
[run] w2_adam_b50_shr_c3/wells_dist100_model/rep0: wall=0.8s warm=0.4 samp=0.4 lg=60542 logp_frac=0.994059
[run] w2_adam_b50_shr_c3/diamonds/rep0: wall=2.7s warm=1.4 samp=1.2 lg=256004 logp_frac=0.996496
[run] w2_adam_b50_shr_c3/radon_partially_pooled_noncentered/rep0: wall=25.4s warm=13.0 samp=12.2 lg=255977 logp_frac=0.996535
[run] w2_adam_b50_shr_c3/radon_variable_intercept_slope_noncentered/rep0: wall=2.9s warm=0.8 samp=0.5 lg=149940 logp_frac=0.972222
[run] w2_adam_b50_shr_c3/dogs_hierarchical/rep0: wall=0.9s warm=0.4 samp=0.4 lg=51105 logp_frac=0.918551
[run] w2_adam_b50_shr_c3/pilots/rep0: wall=0.2s warm=0.1 samp=0.1 lg=531332 logp_frac=0.937325
[run] w2_adam_b50_shr_c3/hier_2pl/rep0: wall=79.5s warm=37.5 samp=37.6 lg=237170 logp_frac=0.996617
[run] w2_adam_b50_shr_c3/gp_regr/rep0: wall=0.1s warm=0.0 samp=0.0 lg=45577 logp_frac=0.959285
[run] w2_adam_b50_shr_c3/kronecker_gp/rep0: wall=39.8s warm=19.5 samp=19.0 lg=412350 logp_frac=0.987969
[run] w2_adam_b50_shr_c3/accel_gp/rep0: FAILED chain 1 rc=-6, see /home/m0hawk/Documents/apin/stan/runs/w2_adam_b50_shr_c3/accel_gp/rep0/chain_1.log
[run] w2_adam_b50_shr_c3/bym2_offset_only/rep0: wall=12.6s warm=4.9 samp=5.0 lg=256004 logp_frac=0.951986
[run] w2_adam_b50_shr_c3/eight_schools_centered/rep0: wall=0.0s warm=0.0 samp=0.0 lg=168247 logp_frac=0.805019
[run] w2_adam_b50_shr_c3/garch11/rep0: wall=0.3s warm=0.1 samp=0.1 lg=77053 logp_frac=0.981019
[run] w2_adam_b50_shr_c3/lotka_volterra/rep0: wall=7.0s warm=1.7 samp=1.8 lg=177292 logp_frac=0.984669
[run] w2_adam_b50_shr_c3/low_dim_gauss_mix/rep0: wall=4.1s warm=2.1 samp=2.0 lg=88845 logp_frac=0.997571
[run] w2_adam_b50_shr_c3/arma11/rep0: FAILED chain 1 rc=-6, see /home/m0hawk/Documents/apin/stan/runs/w2_adam_b50_shr_c3/arma11/rep0/chain_1.log
[run] w2_adam_b50_shr_c3/eight_schools_noncentered/rep1: wall=0.0s warm=0.0 samp=0.0 lg=72630 logp_frac=0.751219
[run] w2_adam_b50_shr_c3/blr/rep1: wall=0.1s warm=0.0 samp=0.0 lg=256004 logp_frac=0.960033
[run] w2_adam_b50_shr_c3/kidscore_momiq/rep1: wall=0.4s warm=0.2 samp=0.2 lg=256004 logp_frac=0.989045
[run] w2_adam_b50_shr_c3/lsat_model/rep1: wall=5.7s warm=3.4 samp=1.9 lg=132771 logp_frac=0.969447
[run] w2_adam_b50_shr_c3/logmesquite_logvash/rep1: wall=0.1s warm=0.1 samp=0.1 lg=218536 logp_frac=0.971934
[run] w2_adam_b50_shr_c3/wells_dist100_model/rep1: wall=0.9s warm=0.4 samp=0.4 lg=61412 logp_frac=0.994173
[run] w2_adam_b50_shr_c3/diamonds/rep1: wall=2.5s warm=1.2 samp=1.2 lg=256126 logp_frac=0.996466
[run] w2_adam_b50_shr_c3/radon_partially_pooled_noncentered/rep1: wall=26.1s warm=12.5 samp=12.5 lg=224736 logp_frac=0.996122
[run] w2_adam_b50_shr_c3/radon_variable_intercept_slope_noncentered/rep1: wall=3.4s warm=1.6 samp=1.7 lg=188881 logp_frac=0.988612
[run] w2_adam_b50_shr_c3/dogs_hierarchical/rep1: wall=1.0s warm=0.4 samp=0.4 lg=50798 logp_frac=0.924222
[run] w2_adam_b50_shr_c3/pilots/rep1: wall=0.2s warm=0.1 samp=0.1 lg=499522 logp_frac=0.935598
[run] w2_adam_b50_shr_c3/hier_2pl/rep1: wall=91.2s warm=48.8 samp=41.7 lg=227859 logp_frac=0.994865
[run] w2_adam_b50_shr_c3/gp_regr/rep1: wall=0.1s warm=0.0 samp=0.0 lg=45563 logp_frac=0.953714
[run] w2_adam_b50_shr_c3/kronecker_gp/rep1: wall=48.1s warm=16.8 samp=29.0 lg=383795 logp_frac=0.988884
[run] w2_adam_b50_shr_c3/accel_gp/rep1: wall=4.6s warm=0.6 samp=0.6 lg=532612 logp_frac=0.984546
[run] w2_adam_b50_shr_c3/bym2_offset_only/rep1: FAILED chain 1 rc=-6, see /home/m0hawk/Documents/apin/stan/runs/w2_adam_b50_shr_c3/bym2_offset_only/rep1/chain_1.log
[run] w2_adam_b50_shr_c3/eight_schools_centered/rep1: wall=0.1s warm=0.0 samp=0.0 lg=165587 logp_frac=0.778229
[run] w2_adam_b50_shr_c3/garch11/rep1: wall=0.3s warm=0.1 samp=0.2 lg=75458 logp_frac=0.976241
[run] w2_adam_b50_shr_c3/lotka_volterra/rep1: wall=9.6s warm=1.9 samp=1.8 lg=224375 logp_frac=0.988032
[run] w2_adam_b50_shr_c3/low_dim_gauss_mix/rep1: wall=12.3s warm=5.9 samp=6.4 lg=143401 logp_frac=0.998656
[run] w2_adam_b50_shr_c3/arma11/rep1: FAILED chain 0 rc=-6, see /home/m0hawk/Documents/apin/stan/runs/w2_adam_b50_shr_c3/arma11/rep1/chain_0.log
[run] w2_adam_b50_shr_c3/eight_schools_noncentered/rep2: wall=0.0s warm=0.0 samp=0.0 lg=73284 logp_frac=0.754304
[run] w2_adam_b50_shr_c3/blr/rep2: wall=0.1s warm=0.0 samp=0.1 lg=256004 logp_frac=0.965751
[run] w2_adam_b50_shr_c3/kidscore_momiq/rep2: wall=0.4s warm=0.2 samp=0.2 lg=256004 logp_frac=0.987774
[run] w2_adam_b50_shr_c3/lsat_model/rep2: wall=13.6s warm=4.5 samp=2.7 lg=169772 logp_frac=0.96099
[run] w2_adam_b50_shr_c3/logmesquite_logvash/rep2: wall=0.2s warm=0.1 samp=0.1 lg=208896 logp_frac=0.968336
[run] w2_adam_b50_shr_c3/wells_dist100_model/rep2: wall=1.0s warm=0.5 samp=0.5 lg=61802 logp_frac=0.994695
[run] w2_adam_b50_shr_c3/diamonds/rep2: wall=3.3s warm=1.7 samp=1.6 lg=256004 logp_frac=0.995952
[run] w2_adam_b50_shr_c3/radon_partially_pooled_noncentered/rep2: wall=37.3s warm=16.6 samp=20.4 lg=256004 logp_frac=0.996073
[run] w2_adam_b50_shr_c3/radon_variable_intercept_slope_noncentered/rep2: wall=3.2s warm=0.4 samp=0.7 lg=193378 logp_frac=0.96463
[run] w2_adam_b50_shr_c3/dogs_hierarchical/rep2: wall=1.3s warm=0.5 samp=0.5 lg=52518 logp_frac=0.921673
[run] w2_adam_b50_shr_c3/pilots/rep2: wall=0.3s warm=0.1 samp=0.1 lg=499245 logp_frac=0.923509
[run] w2_adam_b50_shr_c3/hier_2pl/rep2: wall=98.1s warm=45.9 samp=24.6 lg=209833 logp_frac=0.994102
[run] w2_adam_b50_shr_c3/gp_regr/rep2: wall=0.1s warm=0.0 samp=0.0 lg=46366 logp_frac=0.959032
[run] w2_adam_b50_shr_c3/kronecker_gp/rep2: wall=53.2s warm=26.9 samp=22.8 lg=406263 logp_frac=0.983359
[run] w2_adam_b50_shr_c3/accel_gp/rep2: wall=0.5s warm=0.6 samp=-0.1 lg=256004 logp_frac=1.08507
[run] w2_adam_b50_shr_c3/bym2_offset_only/rep2: FAILED chain 2 rc=-6, see /home/m0hawk/Documents/apin/stan/runs/w2_adam_b50_shr_c3/bym2_offset_only/rep2/chain_2.log
[run] w2_adam_b50_shr_c3/eight_schools_centered/rep2: wall=0.0s warm=0.0 samp=0.0 lg=156845 logp_frac=0.757842
[run] w2_adam_b50_shr_c3/garch11/rep2: wall=0.3s warm=0.2 samp=0.1 lg=76427 logp_frac=0.975603
[run] w2_adam_b50_shr_c3/lotka_volterra/rep2: wall=8.3s warm=2.1 samp=1.4 lg=179121 logp_frac=0.976121
[run] w2_adam_b50_shr_c3/low_dim_gauss_mix/rep2: wall=13.9s warm=7.3 samp=6.6 lg=140680 logp_frac=0.997426
[run] w2_adam_b50_shr_c3/arma11/rep2: FAILED chain 0 rc=-6, see /home/m0hawk/Documents/apin/stan/runs/w2_adam_b50_shr_c3/arma11/rep2/chain_0.log
W2_ADAM_B50_SHR_C3 GRID DONE
warning: Malware checks are experimental and may change without warning. Pass `--preview-features malware-check` to disable this warning.
[run] w2_da_b50_shr_avg/eight_schools_noncentered/rep0: wall=0.0s warm=0.0 samp=0.0 lg=72837 logp_frac=0.688819
[run] w2_da_b50_shr_avg/blr/rep0: wall=0.1s warm=0.0 samp=0.0 lg=104053 logp_frac=0.80831
[run] w2_da_b50_shr_avg/kidscore_momiq/rep0: wall=0.3s warm=0.1 samp=0.1 lg=132453 logp_frac=0.961518
[run] w2_da_b50_shr_avg/lsat_model/rep0: wall=9.4s warm=4.9 samp=4.1 lg=150408 logp_frac=0.955352
[run] w2_da_b50_shr_avg/logmesquite_logvash/rep0: wall=0.1s warm=0.1 samp=0.1 lg=168080 logp_frac=0.869389
[run] w2_da_b50_shr_avg/wells_dist100_model/rep0: wall=1.1s warm=0.6 samp=0.5 lg=57687 logp_frac=0.989102
[run] w2_da_b50_shr_avg/diamonds/rep0: wall=5.4s warm=1.5 samp=1.3 lg=331817 logp_frac=0.984042
[run] w2_da_b50_shr_avg/radon_partially_pooled_noncentered/rep0: wall=23.3s warm=12.9 samp=10.2 lg=158753 logp_frac=0.989933
[run] w2_da_b50_shr_avg/radon_variable_intercept_slope_noncentered/rep0: wall=1.7s warm=0.8 samp=0.7 lg=132940 logp_frac=0.969872
[run] w2_da_b50_shr_avg/dogs_hierarchical/rep0: wall=1.1s warm=0.4 samp=0.5 lg=52934 logp_frac=0.915065
[run] w2_da_b50_shr_avg/pilots/rep0: wall=0.2s warm=0.0 samp=0.1 lg=277610 logp_frac=0.906537
[run] w2_da_b50_shr_avg/hier_2pl/rep0: wall=54.5s warm=30.1 samp=21.0 lg=157676 logp_frac=0.992266
[run] w2_da_b50_shr_avg/gp_regr/rep0: wall=0.1s warm=0.0 samp=0.0 lg=49831 logp_frac=0.950246
[run] w2_da_b50_shr_avg/kronecker_gp/rep0: wall=16.2s warm=7.2 samp=6.7 lg=142652 logp_frac=0.962882
[run] w2_da_b50_shr_avg/accel_gp/rep0: FAILED chain 0 rc=-6, see /home/m0hawk/Documents/apin/stan/runs/w2_da_b50_shr_avg/accel_gp/rep0/chain_0.log
[run] w2_da_b50_shr_avg/bym2_offset_only/rep0: wall=21.0s warm=7.7 samp=10.2 lg=437693 logp_frac=0.931459
[run] w2_da_b50_shr_avg/eight_schools_centered/rep0: wall=0.0s warm=0.0 samp=0.0 lg=168325 logp_frac=0.756879
[run] w2_da_b50_shr_avg/garch11/rep0: wall=0.3s warm=0.2 samp=0.1 lg=78958 logp_frac=0.978895
[run] w2_da_b50_shr_avg/lotka_volterra/rep0: wall=5.3s warm=2.1 samp=1.4 lg=150362 logp_frac=0.981647
[run] w2_da_b50_shr_avg/low_dim_gauss_mix/rep0: wall=5.6s warm=2.1 samp=1.6 lg=91208 logp_frac=0.99743
[run] w2_da_b50_shr_avg/arma11/rep0: FAILED chain 1 rc=-6, see /home/m0hawk/Documents/apin/stan/runs/w2_da_b50_shr_avg/arma11/rep0/chain_1.log
[run] w2_da_b50_shr_avg/eight_schools_noncentered/rep1: wall=0.0s warm=0.0 samp=0.0 lg=73879 logp_frac=0.722155
[run] w2_da_b50_shr_avg/blr/rep1: wall=0.0s warm=0.0 samp=0.0 lg=101159 logp_frac=0.836935
[run] w2_da_b50_shr_avg/kidscore_momiq/rep1: wall=0.2s warm=0.1 samp=0.1 lg=124871 logp_frac=0.967277
[run] w2_da_b50_shr_avg/lsat_model/rep1: wall=6.0s warm=2.8 samp=2.9 lg=149188 logp_frac=0.961094
[run] w2_da_b50_shr_avg/logmesquite_logvash/rep1: wall=0.1s warm=0.1 samp=0.0 lg=158859 logp_frac=0.913163
[run] w2_da_b50_shr_avg/wells_dist100_model/rep1: wall=0.9s warm=0.5 samp=0.4 lg=60136 logp_frac=0.993756
[run] w2_da_b50_shr_avg/diamonds/rep1: wall=3.1s warm=0.9 samp=0.7 lg=234227 logp_frac=0.984676
[run] w2_da_b50_shr_avg/radon_partially_pooled_noncentered/rep1: wall=17.5s warm=8.1 samp=8.2 lg=149783 logp_frac=0.988269
[run] w2_da_b50_shr_avg/radon_variable_intercept_slope_noncentered/rep1: wall=1.8s warm=0.9 samp=0.8 lg=141754 logp_frac=0.969159
[run] w2_da_b50_shr_avg/dogs_hierarchical/rep1: wall=0.9s warm=0.4 samp=0.3 lg=51458 logp_frac=0.925381
[run] w2_da_b50_shr_avg/pilots/rep1: wall=0.2s warm=0.0 samp=0.1 lg=289530 logp_frac=0.912195
[run] w2_da_b50_shr_avg/hier_2pl/rep1: wall=51.5s warm=30.9 samp=20.4 lg=156030 logp_frac=0.992169
[run] w2_da_b50_shr_avg/gp_regr/rep1: wall=0.1s warm=0.0 samp=0.0 lg=49793 logp_frac=0.948133
[run] w2_da_b50_shr_avg/kronecker_gp/rep1: wall=17.4s warm=8.7 samp=5.8 lg=143222 logp_frac=0.958478
[run] w2_da_b50_shr_avg/accel_gp/rep1: wall=2.1s warm=0.4 samp=0.2 lg=227365 logp_frac=0.948799
[run] w2_da_b50_shr_avg/bym2_offset_only/rep1: FAILED chain 1 rc=-6, see /home/m0hawk/Documents/apin/stan/runs/w2_da_b50_shr_avg/bym2_offset_only/rep1/chain_1.log
[run] w2_da_b50_shr_avg/eight_schools_centered/rep1: wall=0.0s warm=0.0 samp=0.0 lg=176180 logp_frac=0.651189
[run] w2_da_b50_shr_avg/garch11/rep1: wall=0.3s warm=0.1 samp=0.1 lg=77003 logp_frac=0.97832
[run] w2_da_b50_shr_avg/lotka_volterra/rep1: wall=6.1s warm=1.4 samp=1.6 lg=136134 logp_frac=0.973006
[run] w2_da_b50_shr_avg/low_dim_gauss_mix/rep1: wall=5.5s warm=2.8 samp=1.5 lg=89048 logp_frac=0.995509
[run] w2_da_b50_shr_avg/arma11/rep1: FAILED chain 0 rc=-6, see /home/m0hawk/Documents/apin/stan/runs/w2_da_b50_shr_avg/arma11/rep1/chain_0.log
[run] w2_da_b50_shr_avg/eight_schools_noncentered/rep2: wall=0.0s warm=0.0 samp=0.0 lg=74852 logp_frac=0.727542
[run] w2_da_b50_shr_avg/blr/rep2: wall=0.1s warm=0.1 samp=0.0 lg=109865 logp_frac=0.878099
[run] w2_da_b50_shr_avg/kidscore_momiq/rep2: wall=0.3s warm=0.1 samp=0.1 lg=125278 logp_frac=0.936806
[run] w2_da_b50_shr_avg/lsat_model/rep2: wall=7.5s warm=4.1 samp=2.8 lg=152079 logp_frac=0.962743
[run] w2_da_b50_shr_avg/logmesquite_logvash/rep2: wall=0.1s warm=0.0 samp=0.0 lg=162889 logp_frac=0.888856
[run] w2_da_b50_shr_avg/wells_dist100_model/rep2: wall=0.8s warm=0.4 samp=0.3 lg=58639 logp_frac=0.99374
[run] w2_da_b50_shr_avg/diamonds/rep2: wall=4.4s warm=1.8 samp=2.6 lg=330617 logp_frac=0.993499
[run] w2_da_b50_shr_avg/radon_partially_pooled_noncentered/rep2: wall=14.0s warm=7.6 samp=5.4 lg=146807 logp_frac=0.99097
[run] w2_da_b50_shr_avg/radon_variable_intercept_slope_noncentered/rep2: wall=1.7s warm=0.9 samp=0.8 lg=118737 logp_frac=0.970488
[run] w2_da_b50_shr_avg/dogs_hierarchical/rep2: wall=0.9s warm=0.4 samp=0.3 lg=53979 logp_frac=0.9201
[run] w2_da_b50_shr_avg/pilots/rep2: wall=0.1s warm=0.0 samp=0.0 lg=209495 logp_frac=0.864702
[run] w2_da_b50_shr_avg/hier_2pl/rep2: wall=47.4s warm=23.9 samp=19.0 lg=153942 logp_frac=0.99265
[run] w2_da_b50_shr_avg/gp_regr/rep2: wall=0.1s warm=0.0 samp=0.0 lg=50186 logp_frac=0.950197
[run] w2_da_b50_shr_avg/kronecker_gp/rep2: wall=16.0s warm=7.4 samp=7.2 lg=156245 logp_frac=0.968454
[run] w2_da_b50_shr_avg/accel_gp/rep2: wall=1.0s warm=0.4 samp=0.2 lg=187135 logp_frac=0.952699
[run] w2_da_b50_shr_avg/bym2_offset_only/rep2: FAILED chain 2 rc=-6, see /home/m0hawk/Documents/apin/stan/runs/w2_da_b50_shr_avg/bym2_offset_only/rep2/chain_2.log
[run] w2_da_b50_shr_avg/eight_schools_centered/rep2: wall=0.0s warm=0.0 samp=0.0 lg=155770 logp_frac=0.734378
[run] w2_da_b50_shr_avg/garch11/rep2: wall=0.3s warm=0.1 samp=0.1 lg=77438 logp_frac=0.980801
[run] w2_da_b50_shr_avg/lotka_volterra/rep2: wall=3.6s warm=1.5 samp=1.1 lg=140695 logp_frac=0.97967
[run] w2_da_b50_shr_avg/low_dim_gauss_mix/rep2: wall=3.7s warm=2.3 samp=1.2 lg=77924 logp_frac=0.997499
[run] w2_da_b50_shr_avg/arma11/rep2: FAILED chain 0 rc=-6, see /home/m0hawk/Documents/apin/stan/runs/w2_da_b50_shr_avg/arma11/rep2/chain_0.log
W2_DA_B50_SHR_AVG GRID DONE
warning: Malware checks are experimental and may change without warning. Pass `--preview-features malware-check` to disable this warning.
170 ESS jobs
ess_bulk min=4 geomean=6 rhat_max=9.7080 -> /home/m0hawk/Documents/apin/stan/results/ess/w2_adam_b50_shr__accel_gp__rep1.json
ess_bulk min=4 geomean=4 rhat_max=-Inf -> /home/m0hawk/Documents/apin/stan/results/ess/w2_adam_b50_shr__accel_gp__rep2.json
ess_bulk min=4 geomean=4 rhat_max=-Inf -> /home/m0hawk/Documents/apin/stan/results/ess/w2_adam_b50_shr__blr__rep0.json
ess_bulk min=4 geomean=4 rhat_max=-Inf -> /home/m0hawk/Documents/apin/stan/results/ess/w2_adam_b50_shr__blr__rep1.json
ess_bulk min=4 geomean=4 rhat_max=-Inf -> /home/m0hawk/Documents/apin/stan/results/ess/w2_adam_b50_shr__blr__rep2.json
ess_bulk min=4 geomean=4 rhat_max=-Inf -> /home/m0hawk/Documents/apin/stan/results/ess/w2_adam_b50_shr__bym2_offset_only__rep0.json
ess_bulk min=4 geomean=4 rhat_max=-Inf -> /home/m0hawk/Documents/apin/stan/results/ess/w2_adam_b50_shr__diamonds__rep0.json
ess_bulk min=4 geomean=4 rhat_max=-Inf -> /home/m0hawk/Documents/apin/stan/results/ess/w2_adam_b50_shr__diamonds__rep1.json
ess_bulk min=4 geomean=4 rhat_max=-Inf -> /home/m0hawk/Documents/apin/stan/results/ess/w2_adam_b50_shr__diamonds__rep2.json
ess_bulk min=1503 geomean=3920 rhat_max=1.0043 -> /home/m0hawk/Documents/apin/stan/results/ess/w2_adam_b50_shr__dogs_hierarchical__rep0.json
ess_bulk min=1794 geomean=3924 rhat_max=1.0025 -> /home/m0hawk/Documents/apin/stan/results/ess/w2_adam_b50_shr__dogs_hierarchical__rep1.json
ess_bulk min=1470 geomean=3900 rhat_max=1.0034 -> /home/m0hawk/Documents/apin/stan/results/ess/w2_adam_b50_shr__dogs_hierarchical__rep2.json
ess_bulk min=53 geomean=273 rhat_max=1.0696 -> /home/m0hawk/Documents/apin/stan/results/ess/w2_adam_b50_shr__eight_schools_centered__rep0.json
ess_bulk min=38 geomean=122 rhat_max=1.0769 -> /home/m0hawk/Documents/apin/stan/results/ess/w2_adam_b50_shr__eight_schools_centered__rep1.json
ess_bulk min=99 geomean=306 rhat_max=1.0625 -> /home/m0hawk/Documents/apin/stan/results/ess/w2_adam_b50_shr__eight_schools_centered__rep2.json
ess_bulk min=1592 geomean=3013 rhat_max=1.0031 -> /home/m0hawk/Documents/apin/stan/results/ess/w2_adam_b50_shr__eight_schools_noncentered__rep0.json
ess_bulk min=1567 geomean=2845 rhat_max=1.0033 -> /home/m0hawk/Documents/apin/stan/results/ess/w2_adam_b50_shr__eight_schools_noncentered__rep1.json
ess_bulk min=1108 geomean=2900 rhat_max=1.0034 -> /home/m0hawk/Documents/apin/stan/results/ess/w2_adam_b50_shr__eight_schools_noncentered__rep2.json
ess_bulk min=874 geomean=1172 rhat_max=1.0057 -> /home/m0hawk/Documents/apin/stan/results/ess/w2_adam_b50_shr__garch11__rep0.json
ess_bulk min=981 geomean=1340 rhat_max=1.0039 -> /home/m0hawk/Documents/apin/stan/results/ess/w2_adam_b50_shr__garch11__rep1.json
ess_bulk min=759 geomean=1243 rhat_max=1.0050 -> /home/m0hawk/Documents/apin/stan/results/ess/w2_adam_b50_shr__garch11__rep2.json
ess_bulk min=3263 geomean=3671 rhat_max=1.0016 -> /home/m0hawk/Documents/apin/stan/results/ess/w2_adam_b50_shr__gp_regr__rep0.json
ess_bulk min=3672 geomean=3915 rhat_max=1.0031 -> /home/m0hawk/Documents/apin/stan/results/ess/w2_adam_b50_shr__gp_regr__rep1.json
ess_bulk min=3912 geomean=3968 rhat_max=1.0011 -> /home/m0hawk/Documents/apin/stan/results/ess/w2_adam_b50_shr__gp_regr__rep2.json
ess_bulk min=6 geomean=13 rhat_max=1.9789 -> /home/m0hawk/Documents/apin/stan/results/ess/w2_adam_b50_shr__hier_2pl__rep0.json
ess_bulk min=6 geomean=14 rhat_max=1.8202 -> /home/m0hawk/Documents/apin/stan/results/ess/w2_adam_b50_shr__hier_2pl__rep1.json
ess_bulk min=9 geomean=59 rhat_max=1.3683 -> /home/m0hawk/Documents/apin/stan/results/ess/w2_adam_b50_shr__hier_2pl__rep2.json
ess_bulk min=4 geomean=4 rhat_max=-Inf -> /home/m0hawk/Documents/apin/stan/results/ess/w2_adam_b50_shr__kidscore_momiq__rep0.json
ess_bulk min=4 geomean=4 rhat_max=-Inf -> /home/m0hawk/Documents/apin/stan/results/ess/w2_adam_b50_shr__kidscore_momiq__rep1.json
ess_bulk min=4 geomean=4 rhat_max=-Inf -> /home/m0hawk/Documents/apin/stan/results/ess/w2_adam_b50_shr__kidscore_momiq__rep2.json
ess_bulk min=69 geomean=396 rhat_max=1.0891 -> /home/m0hawk/Documents/apin/stan/results/ess/w2_adam_b50_shr__kronecker_gp__rep0.json
ess_bulk min=5 geomean=16 rhat_max=1.9927 -> /home/m0hawk/Documents/apin/stan/results/ess/w2_adam_b50_shr__kronecker_gp__rep1.json
ess_bulk min=7 geomean=21 rhat_max=1.8657 -> /home/m0hawk/Documents/apin/stan/results/ess/w2_adam_b50_shr__kronecker_gp__rep2.json
ess_bulk min=7 geomean=15 rhat_max=1.5694 -> /home/m0hawk/Documents/apin/stan/results/ess/w2_adam_b50_shr__logmesquite_logvash__rep0.json
ess_bulk min=82 geomean=220 rhat_max=1.0379 -> /home/m0hawk/Documents/apin/stan/results/ess/w2_adam_b50_shr__logmesquite_logvash__rep1.json
ess_bulk min=131 geomean=281 rhat_max=1.0235 -> /home/m0hawk/Documents/apin/stan/results/ess/w2_adam_b50_shr__logmesquite_logvash__rep2.json
ess_bulk min=221 geomean=1576 rhat_max=1.0084 -> /home/m0hawk/Documents/apin/stan/results/ess/w2_adam_b50_shr__lotka_volterra__rep0.json
ess_bulk min=5 geomean=9 rhat_max=3.6936 -> /home/m0hawk/Documents/apin/stan/results/ess/w2_adam_b50_shr__lotka_volterra__rep1.json
ess_bulk min=45 geomean=786 rhat_max=1.0912 -> /home/m0hawk/Documents/apin/stan/results/ess/w2_adam_b50_shr__lotka_volterra__rep2.json
ess_bulk min=7 geomean=8 rhat_max=1.5301 -> /home/m0hawk/Documents/apin/stan/results/ess/w2_adam_b50_shr__low_dim_gauss_mix__rep0.json
ess_bulk min=7 geomean=7 rhat_max=1.5683 -> /home/m0hawk/Documents/apin/stan/results/ess/w2_adam_b50_shr__low_dim_gauss_mix__rep1.json
ess_bulk min=7 geomean=7 rhat_max=1.5275 -> /home/m0hawk/Documents/apin/stan/results/ess/w2_adam_b50_shr__low_dim_gauss_mix__rep2.json
ess_bulk min=162 geomean=732 rhat_max=1.0302 -> /home/m0hawk/Documents/apin/stan/results/ess/w2_adam_b50_shr__lsat_model__rep1.json
ess_bulk min=7 geomean=64 rhat_max=1.5541 -> /home/m0hawk/Documents/apin/stan/results/ess/w2_adam_b50_shr__lsat_model__rep2.json
ess_bulk min=5 geomean=402 rhat_max=2.6039 -> /home/m0hawk/Documents/apin/stan/results/ess/w2_adam_b50_shr__pilots__rep0.json
ess_bulk min=5 geomean=564 rhat_max=2.2831 -> /home/m0hawk/Documents/apin/stan/results/ess/w2_adam_b50_shr__pilots__rep1.json
ess_bulk min=5 geomean=502 rhat_max=2.5075 -> /home/m0hawk/Documents/apin/stan/results/ess/w2_adam_b50_shr__pilots__rep2.json
ess_bulk min=4 geomean=4 rhat_max=-Inf -> /home/m0hawk/Documents/apin/stan/results/ess/w2_adam_b50_shr__radon_partially_pooled_noncentered__rep0.json
ess_bulk min=4 geomean=5 rhat_max=10.7023 -> /home/m0hawk/Documents/apin/stan/results/ess/w2_adam_b50_shr__radon_partially_pooled_noncentered__rep1.json
ess_bulk min=4 geomean=4 rhat_max=-Inf -> /home/m0hawk/Documents/apin/stan/results/ess/w2_adam_b50_shr__radon_partially_pooled_noncentered__rep2.json
ess_bulk min=7 geomean=18 rhat_max=1.5547 -> /home/m0hawk/Documents/apin/stan/results/ess/w2_adam_b50_shr__radon_variable_intercept_slope_noncentered__rep0.json
ess_bulk min=4 geomean=7 rhat_max=4.0063 -> /home/m0hawk/Documents/apin/stan/results/ess/w2_adam_b50_shr__radon_variable_intercept_slope_noncentered__rep1.json
ess_bulk min=4 geomean=5 rhat_max=9.6548 -> /home/m0hawk/Documents/apin/stan/results/ess/w2_adam_b50_shr__radon_variable_intercept_slope_noncentered__rep2.json
ess_bulk min=876 geomean=882 rhat_max=1.0033 -> /home/m0hawk/Documents/apin/stan/results/ess/w2_adam_b50_shr__wells_dist100_model__rep0.json
ess_bulk min=969 geomean=986 rhat_max=1.0046 -> /home/m0hawk/Documents/apin/stan/results/ess/w2_adam_b50_shr__wells_dist100_model__rep1.json
ess_bulk min=932 geomean=951 rhat_max=1.0033 -> /home/m0hawk/Documents/apin/stan/results/ess/w2_adam_b50_shr__wells_dist100_model__rep2.json
ess_bulk min=4 geomean=6 rhat_max=9.4791 -> /home/m0hawk/Documents/apin/stan/results/ess/w2_adam_b50_shr_c3__accel_gp__rep1.json
ess_bulk min=4 geomean=4 rhat_max=-Inf -> /home/m0hawk/Documents/apin/stan/results/ess/w2_adam_b50_shr_c3__accel_gp__rep2.json
ess_bulk min=4 geomean=4 rhat_max=-Inf -> /home/m0hawk/Documents/apin/stan/results/ess/w2_adam_b50_shr_c3__blr__rep0.json
ess_bulk min=4 geomean=4 rhat_max=-Inf -> /home/m0hawk/Documents/apin/stan/results/ess/w2_adam_b50_shr_c3__blr__rep1.json
ess_bulk min=4 geomean=4 rhat_max=-Inf -> /home/m0hawk/Documents/apin/stan/results/ess/w2_adam_b50_shr_c3__blr__rep2.json
ess_bulk min=4 geomean=4 rhat_max=-Inf -> /home/m0hawk/Documents/apin/stan/results/ess/w2_adam_b50_shr_c3__bym2_offset_only__rep0.json
ess_bulk min=4 geomean=4 rhat_max=-Inf -> /home/m0hawk/Documents/apin/stan/results/ess/w2_adam_b50_shr_c3__diamonds__rep0.json
ess_bulk min=4 geomean=4 rhat_max=-Inf -> /home/m0hawk/Documents/apin/stan/results/ess/w2_adam_b50_shr_c3__diamonds__rep1.json
ess_bulk min=4 geomean=4 rhat_max=-Inf -> /home/m0hawk/Documents/apin/stan/results/ess/w2_adam_b50_shr_c3__diamonds__rep2.json
ess_bulk min=1611 geomean=3924 rhat_max=1.0028 -> /home/m0hawk/Documents/apin/stan/results/ess/w2_adam_b50_shr_c3__dogs_hierarchical__rep0.json
ess_bulk min=1654 geomean=3916 rhat_max=1.0026 -> /home/m0hawk/Documents/apin/stan/results/ess/w2_adam_b50_shr_c3__dogs_hierarchical__rep1.json
ess_bulk min=1584 geomean=3905 rhat_max=1.0028 -> /home/m0hawk/Documents/apin/stan/results/ess/w2_adam_b50_shr_c3__dogs_hierarchical__rep2.json
ess_bulk min=90 geomean=225 rhat_max=1.0392 -> /home/m0hawk/Documents/apin/stan/results/ess/w2_adam_b50_shr_c3__eight_schools_centered__rep0.json
ess_bulk min=96 geomean=227 rhat_max=1.0295 -> /home/m0hawk/Documents/apin/stan/results/ess/w2_adam_b50_shr_c3__eight_schools_centered__rep1.json
ess_bulk min=76 geomean=308 rhat_max=1.0684 -> /home/m0hawk/Documents/apin/stan/results/ess/w2_adam_b50_shr_c3__eight_schools_centered__rep2.json
ess_bulk min=1512 geomean=2714 rhat_max=1.0029 -> /home/m0hawk/Documents/apin/stan/results/ess/w2_adam_b50_shr_c3__eight_schools_noncentered__rep0.json
ess_bulk min=1647 geomean=2598 rhat_max=1.0044 -> /home/m0hawk/Documents/apin/stan/results/ess/w2_adam_b50_shr_c3__eight_schools_noncentered__rep1.json
ess_bulk min=1283 geomean=2481 rhat_max=1.0031 -> /home/m0hawk/Documents/apin/stan/results/ess/w2_adam_b50_shr_c3__eight_schools_noncentered__rep2.json
ess_bulk min=911 geomean=1074 rhat_max=1.0068 -> /home/m0hawk/Documents/apin/stan/results/ess/w2_adam_b50_shr_c3__garch11__rep0.json
ess_bulk min=828 geomean=1072 rhat_max=1.0068 -> /home/m0hawk/Documents/apin/stan/results/ess/w2_adam_b50_shr_c3__garch11__rep1.json
ess_bulk min=903 geomean=1224 rhat_max=1.0041 -> /home/m0hawk/Documents/apin/stan/results/ess/w2_adam_b50_shr_c3__garch11__rep2.json
ess_bulk min=3344 geomean=3632 rhat_max=1.0022 -> /home/m0hawk/Documents/apin/stan/results/ess/w2_adam_b50_shr_c3__gp_regr__rep0.json
ess_bulk min=3073 geomean=3496 rhat_max=1.0019 -> /home/m0hawk/Documents/apin/stan/results/ess/w2_adam_b50_shr_c3__gp_regr__rep1.json
ess_bulk min=2911 geomean=3519 rhat_max=1.0010 -> /home/m0hawk/Documents/apin/stan/results/ess/w2_adam_b50_shr_c3__gp_regr__rep2.json
ess_bulk min=21 geomean=538 rhat_max=1.1451 -> /home/m0hawk/Documents/apin/stan/results/ess/w2_adam_b50_shr_c3__hier_2pl__rep0.json
ess_bulk min=6 geomean=14 rhat_max=1.8128 -> /home/m0hawk/Documents/apin/stan/results/ess/w2_adam_b50_shr_c3__hier_2pl__rep1.json
ess_bulk min=6 geomean=15 rhat_max=1.8979 -> /home/m0hawk/Documents/apin/stan/results/ess/w2_adam_b50_shr_c3__hier_2pl__rep2.json
ess_bulk min=4 geomean=4 rhat_max=-Inf -> /home/m0hawk/Documents/apin/stan/results/ess/w2_adam_b50_shr_c3__kidscore_momiq__rep0.json
ess_bulk min=4 geomean=4 rhat_max=-Inf -> /home/m0hawk/Documents/apin/stan/results/ess/w2_adam_b50_shr_c3__kidscore_momiq__rep1.json
ess_bulk min=4 geomean=4 rhat_max=-Inf -> /home/m0hawk/Documents/apin/stan/results/ess/w2_adam_b50_shr_c3__kidscore_momiq__rep2.json
ess_bulk min=54 geomean=338 rhat_max=1.0596 -> /home/m0hawk/Documents/apin/stan/results/ess/w2_adam_b50_shr_c3__kronecker_gp__rep0.json
ess_bulk min=16 geomean=61 rhat_max=1.1917 -> /home/m0hawk/Documents/apin/stan/results/ess/w2_adam_b50_shr_c3__kronecker_gp__rep1.json
ess_bulk min=20 geomean=272 rhat_max=1.1484 -> /home/m0hawk/Documents/apin/stan/results/ess/w2_adam_b50_shr_c3__kronecker_gp__rep2.json
ess_bulk min=7 geomean=16 rhat_max=1.5445 -> /home/m0hawk/Documents/apin/stan/results/ess/w2_adam_b50_shr_c3__logmesquite_logvash__rep0.json
ess_bulk min=4 geomean=5 rhat_max=3.4240 -> /home/m0hawk/Documents/apin/stan/results/ess/w2_adam_b50_shr_c3__logmesquite_logvash__rep1.json
ess_bulk min=7 geomean=9 rhat_max=1.5609 -> /home/m0hawk/Documents/apin/stan/results/ess/w2_adam_b50_shr_c3__logmesquite_logvash__rep2.json
ess_bulk min=7 geomean=26 rhat_max=1.4969 -> /home/m0hawk/Documents/apin/stan/results/ess/w2_adam_b50_shr_c3__lotka_volterra__rep0.json
ess_bulk min=5 geomean=9 rhat_max=3.6218 -> /home/m0hawk/Documents/apin/stan/results/ess/w2_adam_b50_shr_c3__lotka_volterra__rep1.json
ess_bulk min=132 geomean=1165 rhat_max=1.0285 -> /home/m0hawk/Documents/apin/stan/results/ess/w2_adam_b50_shr_c3__lotka_volterra__rep2.json
ess_bulk min=7 geomean=8 rhat_max=1.5349 -> /home/m0hawk/Documents/apin/stan/results/ess/w2_adam_b50_shr_c3__low_dim_gauss_mix__rep0.json
ess_bulk min=7 geomean=7 rhat_max=1.5436 -> /home/m0hawk/Documents/apin/stan/results/ess/w2_adam_b50_shr_c3__low_dim_gauss_mix__rep1.json
ess_bulk min=7 geomean=7 rhat_max=1.5266 -> /home/m0hawk/Documents/apin/stan/results/ess/w2_adam_b50_shr_c3__low_dim_gauss_mix__rep2.json
ess_bulk min=210 geomean=805 rhat_max=1.0201 -> /home/m0hawk/Documents/apin/stan/results/ess/w2_adam_b50_shr_c3__lsat_model__rep0.json
ess_bulk min=207 geomean=735 rhat_max=1.0195 -> /home/m0hawk/Documents/apin/stan/results/ess/w2_adam_b50_shr_c3__lsat_model__rep1.json
ess_bulk min=7 geomean=67 rhat_max=1.5539 -> /home/m0hawk/Documents/apin/stan/results/ess/w2_adam_b50_shr_c3__lsat_model__rep2.json
ess_bulk min=5 geomean=208 rhat_max=2.7354 -> /home/m0hawk/Documents/apin/stan/results/ess/w2_adam_b50_shr_c3__pilots__rep0.json
ess_bulk min=4 geomean=523 rhat_max=3.3187 -> /home/m0hawk/Documents/apin/stan/results/ess/w2_adam_b50_shr_c3__pilots__rep1.json
ess_bulk min=5 geomean=375 rhat_max=2.8827 -> /home/m0hawk/Documents/apin/stan/results/ess/w2_adam_b50_shr_c3__pilots__rep2.json
ess_bulk min=4 geomean=4 rhat_max=-Inf -> /home/m0hawk/Documents/apin/stan/results/ess/w2_adam_b50_shr_c3__radon_partially_pooled_noncentered__rep0.json
ess_bulk min=4 geomean=5 rhat_max=9.5327 -> /home/m0hawk/Documents/apin/stan/results/ess/w2_adam_b50_shr_c3__radon_partially_pooled_noncentered__rep1.json
ess_bulk min=4 geomean=4 rhat_max=-Inf -> /home/m0hawk/Documents/apin/stan/results/ess/w2_adam_b50_shr_c3__radon_partially_pooled_noncentered__rep2.json
ess_bulk min=7 geomean=18 rhat_max=1.5358 -> /home/m0hawk/Documents/apin/stan/results/ess/w2_adam_b50_shr_c3__radon_variable_intercept_slope_noncentered__rep0.json
ess_bulk min=4 geomean=7 rhat_max=4.1784 -> /home/m0hawk/Documents/apin/stan/results/ess/w2_adam_b50_shr_c3__radon_variable_intercept_slope_noncentered__rep1.json
ess_bulk min=4 geomean=7 rhat_max=4.2182 -> /home/m0hawk/Documents/apin/stan/results/ess/w2_adam_b50_shr_c3__radon_variable_intercept_slope_noncentered__rep2.json
ess_bulk min=857 geomean=877 rhat_max=1.0034 -> /home/m0hawk/Documents/apin/stan/results/ess/w2_adam_b50_shr_c3__wells_dist100_model__rep0.json
ess_bulk min=877 geomean=909 rhat_max=1.0024 -> /home/m0hawk/Documents/apin/stan/results/ess/w2_adam_b50_shr_c3__wells_dist100_model__rep1.json
ess_bulk min=751 geomean=754 rhat_max=1.0084 -> /home/m0hawk/Documents/apin/stan/results/ess/w2_adam_b50_shr_c3__wells_dist100_model__rep2.json
ess_bulk min=4 geomean=21 rhat_max=3.7091 -> /home/m0hawk/Documents/apin/stan/results/ess/w2_da_b50_shr_avg__accel_gp__rep1.json
ess_bulk min=4 geomean=16 rhat_max=4.3988 -> /home/m0hawk/Documents/apin/stan/results/ess/w2_da_b50_shr_avg__accel_gp__rep2.json
ess_bulk min=4 geomean=5 rhat_max=4.4570 -> /home/m0hawk/Documents/apin/stan/results/ess/w2_da_b50_shr_avg__blr__rep0.json
ess_bulk min=4 geomean=4 rhat_max=4.3060 -> /home/m0hawk/Documents/apin/stan/results/ess/w2_da_b50_shr_avg__blr__rep1.json
ess_bulk min=4 geomean=4 rhat_max=4.5281 -> /home/m0hawk/Documents/apin/stan/results/ess/w2_da_b50_shr_avg__blr__rep2.json
ess_bulk min=4 geomean=51 rhat_max=4.5547 -> /home/m0hawk/Documents/apin/stan/results/ess/w2_da_b50_shr_avg__bym2_offset_only__rep0.json
ess_bulk min=5 geomean=214 rhat_max=2.4529 -> /home/m0hawk/Documents/apin/stan/results/ess/w2_da_b50_shr_avg__diamonds__rep0.json
ess_bulk min=4 geomean=114 rhat_max=3.8371 -> /home/m0hawk/Documents/apin/stan/results/ess/w2_da_b50_shr_avg__diamonds__rep1.json
ess_bulk min=4 geomean=214 rhat_max=3.8385 -> /home/m0hawk/Documents/apin/stan/results/ess/w2_da_b50_shr_avg__diamonds__rep2.json
ess_bulk min=1504 geomean=3920 rhat_max=1.0058 -> /home/m0hawk/Documents/apin/stan/results/ess/w2_da_b50_shr_avg__dogs_hierarchical__rep0.json
ess_bulk min=1671 geomean=3911 rhat_max=1.0029 -> /home/m0hawk/Documents/apin/stan/results/ess/w2_da_b50_shr_avg__dogs_hierarchical__rep1.json
ess_bulk min=1640 geomean=3917 rhat_max=1.0040 -> /home/m0hawk/Documents/apin/stan/results/ess/w2_da_b50_shr_avg__dogs_hierarchical__rep2.json
ess_bulk min=65 geomean=313 rhat_max=1.0704 -> /home/m0hawk/Documents/apin/stan/results/ess/w2_da_b50_shr_avg__eight_schools_centered__rep0.json
ess_bulk min=75 geomean=177 rhat_max=1.0456 -> /home/m0hawk/Documents/apin/stan/results/ess/w2_da_b50_shr_avg__eight_schools_centered__rep1.json
ess_bulk min=23 geomean=295 rhat_max=1.1285 -> /home/m0hawk/Documents/apin/stan/results/ess/w2_da_b50_shr_avg__eight_schools_centered__rep2.json
ess_bulk min=1558 geomean=2985 rhat_max=1.0024 -> /home/m0hawk/Documents/apin/stan/results/ess/w2_da_b50_shr_avg__eight_schools_noncentered__rep0.json
ess_bulk min=1651 geomean=3082 rhat_max=1.0024 -> /home/m0hawk/Documents/apin/stan/results/ess/w2_da_b50_shr_avg__eight_schools_noncentered__rep1.json
ess_bulk min=1500 geomean=2986 rhat_max=1.0056 -> /home/m0hawk/Documents/apin/stan/results/ess/w2_da_b50_shr_avg__eight_schools_noncentered__rep2.json
ess_bulk min=763 geomean=1125 rhat_max=1.0092 -> /home/m0hawk/Documents/apin/stan/results/ess/w2_da_b50_shr_avg__garch11__rep0.json
ess_bulk min=971 geomean=1348 rhat_max=1.0055 -> /home/m0hawk/Documents/apin/stan/results/ess/w2_da_b50_shr_avg__garch11__rep1.json
ess_bulk min=1000 geomean=1168 rhat_max=1.0045 -> /home/m0hawk/Documents/apin/stan/results/ess/w2_da_b50_shr_avg__garch11__rep2.json
ess_bulk min=3510 geomean=3681 rhat_max=1.0010 -> /home/m0hawk/Documents/apin/stan/results/ess/w2_da_b50_shr_avg__gp_regr__rep0.json
ess_bulk min=3282 geomean=3646 rhat_max=1.0028 -> /home/m0hawk/Documents/apin/stan/results/ess/w2_da_b50_shr_avg__gp_regr__rep1.json
ess_bulk min=3486 geomean=3610 rhat_max=1.0004 -> /home/m0hawk/Documents/apin/stan/results/ess/w2_da_b50_shr_avg__gp_regr__rep2.json
ess_bulk min=86 geomean=1638 rhat_max=1.0476 -> /home/m0hawk/Documents/apin/stan/results/ess/w2_da_b50_shr_avg__hier_2pl__rep0.json
ess_bulk min=58 geomean=1479 rhat_max=1.0622 -> /home/m0hawk/Documents/apin/stan/results/ess/w2_da_b50_shr_avg__hier_2pl__rep1.json
ess_bulk min=21 geomean=1582 rhat_max=1.1503 -> /home/m0hawk/Documents/apin/stan/results/ess/w2_da_b50_shr_avg__hier_2pl__rep2.json
ess_bulk min=378 geomean=528 rhat_max=1.0071 -> /home/m0hawk/Documents/apin/stan/results/ess/w2_da_b50_shr_avg__kidscore_momiq__rep0.json
ess_bulk min=138 geomean=304 rhat_max=1.0365 -> /home/m0hawk/Documents/apin/stan/results/ess/w2_da_b50_shr_avg__kidscore_momiq__rep1.json
ess_bulk min=7 geomean=7 rhat_max=1.5987 -> /home/m0hawk/Documents/apin/stan/results/ess/w2_da_b50_shr_avg__kidscore_momiq__rep2.json
ess_bulk min=13 geomean=156 rhat_max=1.2328 -> /home/m0hawk/Documents/apin/stan/results/ess/w2_da_b50_shr_avg__kronecker_gp__rep0.json
ess_bulk min=16 geomean=166 rhat_max=1.2050 -> /home/m0hawk/Documents/apin/stan/results/ess/w2_da_b50_shr_avg__kronecker_gp__rep1.json
ess_bulk min=13 geomean=203 rhat_max=1.2491 -> /home/m0hawk/Documents/apin/stan/results/ess/w2_da_b50_shr_avg__kronecker_gp__rep2.json
ess_bulk min=327 geomean=577 rhat_max=1.0120 -> /home/m0hawk/Documents/apin/stan/results/ess/w2_da_b50_shr_avg__logmesquite_logvash__rep0.json
ess_bulk min=167 geomean=361 rhat_max=1.0202 -> /home/m0hawk/Documents/apin/stan/results/ess/w2_da_b50_shr_avg__logmesquite_logvash__rep1.json
ess_bulk min=250 geomean=435 rhat_max=1.0135 -> /home/m0hawk/Documents/apin/stan/results/ess/w2_da_b50_shr_avg__logmesquite_logvash__rep2.json
ess_bulk min=10 geomean=35 rhat_max=1.3140 -> /home/m0hawk/Documents/apin/stan/results/ess/w2_da_b50_shr_avg__lotka_volterra__rep0.json
ess_bulk min=7 geomean=25 rhat_max=1.6697 -> /home/m0hawk/Documents/apin/stan/results/ess/w2_da_b50_shr_avg__lotka_volterra__rep1.json
ess_bulk min=23 geomean=976 rhat_max=1.1133 -> /home/m0hawk/Documents/apin/stan/results/ess/w2_da_b50_shr_avg__lotka_volterra__rep2.json
ess_bulk min=1750 geomean=2420 rhat_max=1.0067 -> /home/m0hawk/Documents/apin/stan/results/ess/w2_da_b50_shr_avg__low_dim_gauss_mix__rep0.json
ess_bulk min=229 geomean=1151 rhat_max=1.0138 -> /home/m0hawk/Documents/apin/stan/results/ess/w2_da_b50_shr_avg__low_dim_gauss_mix__rep1.json
ess_bulk min=713 geomean=1479 rhat_max=1.0035 -> /home/m0hawk/Documents/apin/stan/results/ess/w2_da_b50_shr_avg__low_dim_gauss_mix__rep2.json
ess_bulk min=705 geomean=4126 rhat_max=1.0094 -> /home/m0hawk/Documents/apin/stan/results/ess/w2_da_b50_shr_avg__lsat_model__rep0.json
ess_bulk min=674 geomean=3094 rhat_max=1.0097 -> /home/m0hawk/Documents/apin/stan/results/ess/w2_da_b50_shr_avg__lsat_model__rep1.json
ess_bulk min=300 geomean=3829 rhat_max=1.0106 -> /home/m0hawk/Documents/apin/stan/results/ess/w2_da_b50_shr_avg__lsat_model__rep2.json
ess_bulk min=4 geomean=303 rhat_max=3.9841 -> /home/m0hawk/Documents/apin/stan/results/ess/w2_da_b50_shr_avg__pilots__rep0.json
ess_bulk min=5 geomean=326 rhat_max=2.9460 -> /home/m0hawk/Documents/apin/stan/results/ess/w2_da_b50_shr_avg__pilots__rep1.json
ess_bulk min=5 geomean=393 rhat_max=2.8830 -> /home/m0hawk/Documents/apin/stan/results/ess/w2_da_b50_shr_avg__pilots__rep2.json
ess_bulk min=106 geomean=1794 rhat_max=1.0506 -> /home/m0hawk/Documents/apin/stan/results/ess/w2_da_b50_shr_avg__radon_partially_pooled_noncentered__rep0.json
ess_bulk min=131 geomean=3265 rhat_max=1.0322 -> /home/m0hawk/Documents/apin/stan/results/ess/w2_da_b50_shr_avg__radon_partially_pooled_noncentered__rep1.json
ess_bulk min=37 geomean=1595 rhat_max=1.0743 -> /home/m0hawk/Documents/apin/stan/results/ess/w2_da_b50_shr_avg__radon_partially_pooled_noncentered__rep2.json
ess_bulk min=112 geomean=1761 rhat_max=1.0216 -> /home/m0hawk/Documents/apin/stan/results/ess/w2_da_b50_shr_avg__radon_variable_intercept_slope_noncentered__rep0.json
ess_bulk min=99 geomean=1569 rhat_max=1.0418 -> /home/m0hawk/Documents/apin/stan/results/ess/w2_da_b50_shr_avg__radon_variable_intercept_slope_noncentered__rep1.json
ess_bulk min=5 geomean=124 rhat_max=2.3336 -> /home/m0hawk/Documents/apin/stan/results/ess/w2_da_b50_shr_avg__radon_variable_intercept_slope_noncentered__rep2.json
ess_bulk min=593 geomean=701 rhat_max=1.0105 -> /home/m0hawk/Documents/apin/stan/results/ess/w2_da_b50_shr_avg__wells_dist100_model__rep0.json
ess_bulk min=930 geomean=951 rhat_max=1.0024 -> /home/m0hawk/Documents/apin/stan/results/ess/w2_da_b50_shr_avg__wells_dist100_model__rep1.json
ess_bulk min=1102 geomean=1103 rhat_max=1.0035 -> /home/m0hawk/Documents/apin/stan/results/ess/w2_da_b50_shr_avg__wells_dist100_model__rep2.json
ESS DONE
warning: Malware checks are experimental and may change without warning. Pass `--preview-features malware-check` to disable this warning.
           variant  n_models  geo_ess_per_sec  geo_wall  geo_ess_per_grad  total_div_rate  total_td_rate  n_configs_rhat_bad
      clang_native        21       423.061616  2.253736          0.007819        0.008024       0.121083                   3
           default        21       481.278007  1.995224          0.008109        0.007714       0.113619                   4
            nutpie        21       473.277717  1.653804          0.003074        0.019381       0.001524                   4
              oexp        17       456.340801  1.874413          0.007969        0.008603       0.116544                   3
           pf_full        10        22.056315 21.952823          0.001274        0.024325       0.260275                   3
           pf_w200        10        23.926098 16.034789          0.001048        0.023200       0.179250                   4
   w2_adam_b50_shr        20        25.303786  1.350972          0.000206       -0.001000      -0.001000                   9
w2_adam_b50_shr_c3        20        22.673251  1.382730          0.000181       -0.001000      -0.001000                   9
 w2_da_b50_shr_avg        20        82.942639  1.090712          0.000683       -0.001000      -0.001000                  13
            walnut        21        52.106239  1.156098          0.000461       -0.001000      -0.001000                  17
   walnut_adam_b50        21        21.662804  1.200283          0.000160       -0.001000      -0.001000                   9
walnut_adam_b50_c3        21        22.818416  1.229800          0.000171       -0.001000      -0.001000                  10
     walnut_belief        21        98.663366  0.867254          0.000693       -0.001000      -0.001000                  15
         walnut_da        11        36.885925  1.652690          0.000420       -0.001000      -0.001000                   8
     walnut_da_avg        14        37.356967  1.654864          0.000418       -0.001000      -0.001000                  10
     walnut_da_b50        21        77.192783  0.943601          0.000573       -0.001000      -0.001000                  16
        walnut_dem        19         9.863699  2.071826          0.000093       -0.001000      -0.001000                  15
wrote /home/m0hawk/Documents/apin/stan/dashboard.html (20 KB)
upload response: {
  "ok": true,
  "draftId": "gbcfyftfncsi",
  "versionId": "drnj4UOoHfFT6z0eGE0d",
  "versionNumber": 12,
  "title": "nindan \u2014 Stan wall-clock \u2192 ESS",
  "requestId": "pFOhyKyYT76ATuLnYqVb7A",
  "publicUrl": "https://gbcfyftfncsi.postplan.dev",
  "rawUrl": "https://postplan.dev/d/gbcfyftfncsi/raw",
  "warnings": []
}
