warning: Malware checks are experimental and may change without warning. Pass `--preview-features malware-check` to disable this warning.
[run] w3_mst31/eight_schools_noncentered/rep0: wall=0.0s warm=0.0 samp=0.0 lg=70770 logp_frac=0.697683
[run] w3_mst31/blr/rep0: wall=0.1s warm=0.0 samp=0.0 lg=256004 logp_frac=0.959591
[run] w3_mst31/kidscore_momiq/rep0: wall=0.4s warm=0.2 samp=0.2 lg=256004 logp_frac=0.988652
[run] w3_mst31/lsat_model/rep0: wall=12.8s warm=5.1 samp=2.2 lg=169152 logp_frac=0.962206
[run] w3_mst31/logmesquite_logvash/rep0: wall=0.2s warm=0.1 samp=0.1 lg=204498 logp_frac=0.966545
[run] w3_mst31/wells_dist100_model/rep0: wall=0.9s warm=0.5 samp=0.5 lg=53478 logp_frac=0.991058
[run] w3_mst31/diamonds/rep0: wall=3.2s warm=1.5 samp=1.5 lg=256004 logp_frac=0.995951
[run] w3_mst31/radon_partially_pooled_noncentered/rep0: wall=32.4s warm=14.9 samp=16.3 lg=255992 logp_frac=0.994914
[run] w3_mst31/radon_variable_intercept_slope_noncentered/rep0: wall=3.5s warm=1.0 samp=0.6 lg=145762 logp_frac=0.966234
[run] w3_mst31/dogs_hierarchical/rep0: wall=1.1s warm=0.4 samp=0.4 lg=48877 logp_frac=0.91058
[run] w3_mst31/pilots/rep0: wall=0.2s warm=0.1 samp=0.0 lg=332053 logp_frac=0.89633
[run] w3_mst31/hier_2pl/rep0: wall=122.1s warm=49.4 samp=47.4 lg=274982 logp_frac=0.996519
[run] w3_mst31/gp_regr/rep0: wall=0.1s warm=0.0 samp=0.0 lg=47356 logp_frac=0.948283
[run] w3_mst31/kronecker_gp/rep0: wall=52.1s warm=26.4 samp=23.5 lg=365439 logp_frac=0.984615
[run] w3_mst31/accel_gp/rep0: wall=1.7s warm=0.9 samp=0.7 lg=256004 logp_frac=0.986665
[run] w3_mst31/bym2_offset_only/rep0: wall=17.0s warm=6.5 samp=6.9 lg=256004 logp_frac=0.934478
[run] w3_mst31/eight_schools_centered/rep0: wall=0.1s warm=0.0 samp=0.0 lg=157255 logp_frac=0.767884
[run] w3_mst31/garch11/rep0: wall=-0.3s warm=-0.5 samp=0.1 lg=74983 logp_frac=0.974747
[run] w3_mst31/lotka_volterra/rep0: wall=8.1s warm=2.7 samp=3.0 lg=202035 logp_frac=0.985964
[run] w3_mst31/low_dim_gauss_mix/rep0: wall=9.9s warm=6.6 samp=3.3 lg=103690 logp_frac=0.996276
[run] w3_mst31/arma11/rep0: wall=0.6s warm=0.3 samp=0.3 lg=256004 logp_frac=0.991175
[run] w3_mst31/eight_schools_noncentered/rep1: wall=0.0s warm=0.0 samp=0.0 lg=69206 logp_frac=0.681996
[run] w3_mst31/blr/rep1: wall=0.1s warm=0.1 samp=0.0 lg=256004 logp_frac=0.959663
[run] w3_mst31/kidscore_momiq/rep1: wall=0.4s warm=0.2 samp=0.2 lg=256004 logp_frac=0.989343
[run] w3_mst31/lsat_model/rep1: wall=7.2s warm=4.3 samp=2.5 lg=130430 logp_frac=0.957763
[run] w3_mst31/logmesquite_logvash/rep1: wall=0.1s warm=0.1 samp=0.0 lg=174173 logp_frac=0.90566
[run] w3_mst31/wells_dist100_model/rep1: wall=1.0s warm=0.5 samp=0.4 lg=56319 logp_frac=0.992092
[run] w3_mst31/diamonds/rep1: wall=3.3s warm=1.6 samp=1.6 lg=256232 logp_frac=0.995256
[run] w3_mst31/radon_partially_pooled_noncentered/rep1: wall=32.1s warm=16.0 samp=16.6 lg=223528 logp_frac=0.994365
[run] w3_mst31/radon_variable_intercept_slope_noncentered/rep1: wall=3.8s warm=1.8 samp=1.7 lg=187168 logp_frac=0.98292
[run] w3_mst31/dogs_hierarchical/rep1: wall=1.0s warm=0.4 samp=0.4 lg=47312 logp_frac=0.909562
[run] w3_mst31/pilots/rep1: wall=0.2s warm=0.1 samp=0.0 lg=278248 logp_frac=0.884451
[run] w3_mst31/hier_2pl/rep1: wall=147.3s warm=51.1 samp=47.5 lg=301052 logp_frac=0.996914
[run] w3_mst31/gp_regr/rep1: wall=0.1s warm=0.0 samp=0.0 lg=45956 logp_frac=0.937801
[run] w3_mst31/kronecker_gp/rep1: FAILED chain 2 rc=-6, see /home/m0hawk/Documents/apin/stan/runs/w3_mst31/kronecker_gp/rep1/chain_2.log
[run] w3_mst31/accel_gp/rep1: wall=5.3s warm=0.6 samp=0.6 lg=546043 logp_frac=0.982213
[run] w3_mst31/bym2_offset_only/rep1: wall=16.2s warm=6.7 samp=6.4 lg=256004 logp_frac=0.936245
[run] w3_mst31/eight_schools_centered/rep1: wall=0.0s warm=0.0 samp=0.0 lg=142972 logp_frac=0.719817
[run] w3_mst31/garch11/rep1: wall=0.3s warm=0.1 samp=0.1 lg=73569 logp_frac=0.972618
[run] w3_mst31/lotka_volterra/rep1: wall=9.3s warm=2.5 samp=2.6 lg=194086 logp_frac=0.985718
[run] w3_mst31/low_dim_gauss_mix/rep1: wall=12.9s warm=5.9 samp=6.6 lg=175031 logp_frac=0.997284
[run] w3_mst31/arma11/rep1: wall=0.6s warm=0.3 samp=0.3 lg=256004 logp_frac=0.98824
[run] w3_mst31/eight_schools_noncentered/rep2: wall=0.0s warm=0.0 samp=0.0 lg=69309 logp_frac=0.632236
[run] w3_mst31/blr/rep2: wall=0.1s warm=0.1 samp=0.0 lg=256004 logp_frac=0.953323
[run] w3_mst31/kidscore_momiq/rep2: wall=0.4s warm=0.2 samp=0.2 lg=256004 logp_frac=0.984101
[run] w3_mst31/lsat_model/rep2: wall=14.4s warm=4.9 samp=2.6 lg=196287 logp_frac=0.95385
[run] w3_mst31/logmesquite_logvash/rep2: wall=0.1s warm=0.1 samp=0.0 lg=177671 logp_frac=0.876036
[run] w3_mst31/wells_dist100_model/rep2: wall=1.0s warm=0.5 samp=0.5 lg=54744 logp_frac=0.987806
[run] w3_mst31/diamonds/rep2: wall=4.2s warm=1.6 samp=1.7 lg=271247 logp_frac=0.994309
[run] w3_mst31/radon_partially_pooled_noncentered/rep2: wall=34.3s warm=17.0 samp=16.5 lg=256050 logp_frac=0.99426
[run] w3_mst31/radon_variable_intercept_slope_noncentered/rep2: wall=3.7s warm=1.0 samp=0.6 lg=185387 logp_frac=0.959492
[run] w3_mst31/dogs_hierarchical/rep2: wall=1.2s warm=0.5 samp=0.5 lg=50732 logp_frac=0.903574
[run] w3_mst31/pilots/rep2: wall=0.2s warm=0.1 samp=0.1 lg=306694 logp_frac=0.895932
[run] w3_mst31/hier_2pl/rep2: wall=125.5s warm=58.2 samp=56.4 lg=237490 logp_frac=0.993692
[run] w3_mst31/gp_regr/rep2: wall=0.1s warm=0.0 samp=0.0 lg=47130 logp_frac=0.926299
[run] w3_mst31/kronecker_gp/rep2: wall=54.0s warm=19.7 samp=31.5 lg=360246 logp_frac=0.985813
[run] w3_mst31/accel_gp/rep2: wall=1.5s warm=0.7 samp=0.7 lg=256004 logp_frac=0.979491
[run] w3_mst31/bym2_offset_only/rep2: wall=17.0s warm=6.5 samp=7.1 lg=256004 logp_frac=0.927954
[run] w3_mst31/eight_schools_centered/rep2: wall=0.0s warm=0.0 samp=0.0 lg=141762 logp_frac=0.663312
[run] w3_mst31/garch11/rep2: wall=0.3s warm=0.2 samp=0.1 lg=73538 logp_frac=0.96487
[run] w3_mst31/lotka_volterra/rep2: wall=6.6s warm=2.0 samp=1.5 lg=140319 logp_frac=0.969464
[run] w3_mst31/low_dim_gauss_mix/rep2: wall=14.6s warm=7.9 samp=6.7 lg=143795 logp_frac=0.995775
[run] w3_mst31/arma11/rep2: FAILED chain 3 rc=-6, see /home/m0hawk/Documents/apin/stan/runs/w3_mst31/arma11/rep2/chain_3.log
W3_MST31 GRID DONE
warning: Malware checks are experimental and may change without warning. Pass `--preview-features malware-check` to disable this warning.
[run] w3_mst63/eight_schools_noncentered/rep0: wall=0.0s warm=0.0 samp=0.0 lg=70770 logp_frac=0.648368
[run] w3_mst63/blr/rep0: wall=0.1s warm=0.1 samp=0.1 lg=256004 logp_frac=0.951349
[run] w3_mst63/kidscore_momiq/rep0: wall=0.5s warm=0.2 samp=0.2 lg=256004 logp_frac=0.985137
[run] w3_mst63/lsat_model/rep0: wall=15.3s warm=6.3 samp=2.7 lg=169152 logp_frac=0.960256
[run] w3_mst63/logmesquite_logvash/rep0: wall=0.2s warm=0.1 samp=0.1 lg=204498 logp_frac=0.95659
[run] w3_mst63/wells_dist100_model/rep0: wall=1.1s warm=0.6 samp=0.5 lg=53478 logp_frac=0.987257
[run] w3_mst63/diamonds/rep0: wall=4.0s warm=1.9 samp=2.0 lg=256004 logp_frac=0.992941
[run] w3_mst63/radon_partially_pooled_noncentered/rep0: wall=44.8s warm=21.4 samp=21.9 lg=255992 logp_frac=0.994302
[run] w3_mst63/radon_variable_intercept_slope_noncentered/rep0: wall=3.8s warm=1.1 samp=0.8 lg=145762 logp_frac=0.958366
[run] w3_mst63/dogs_hierarchical/rep0: wall=1.1s warm=0.4 samp=0.5 lg=48877 logp_frac=0.905819
[run] w3_mst63/pilots/rep0: wall=0.2s warm=0.1 samp=0.1 lg=332053 logp_frac=0.889323
[run] w3_mst63/hier_2pl/rep0: wall=132.8s warm=50.5 samp=57.0 lg=274982 logp_frac=0.99612
[run] w3_mst63/gp_regr/rep0: wall=0.1s warm=0.0 samp=0.0 lg=47356 logp_frac=0.927438
[run] w3_mst63/kronecker_gp/rep0: wall=52.0s warm=25.9 samp=24.2 lg=365439 logp_frac=0.984056
[run] w3_mst63/accel_gp/rep0: wall=1.8s warm=0.9 samp=0.8 lg=256004 logp_frac=0.983993
[run] w3_mst63/bym2_offset_only/rep0: wall=18.7s warm=7.1 samp=7.4 lg=256004 logp_frac=0.93661
[run] w3_mst63/eight_schools_centered/rep0: wall=0.1s warm=0.0 samp=0.0 lg=157255 logp_frac=0.717742
[run] w3_mst63/garch11/rep0: wall=0.4s warm=0.2 samp=0.2 lg=74983 logp_frac=0.964228
[run] w3_mst63/lotka_volterra/rep0: wall=9.2s warm=2.7 samp=3.7 lg=202035 logp_frac=0.983644
[run] w3_mst63/low_dim_gauss_mix/rep0: wall=10.8s warm=7.3 samp=3.5 lg=103690 logp_frac=0.995047
[run] w3_mst63/arma11/rep0: wall=0.7s warm=0.3 samp=0.3 lg=256004 logp_frac=0.988633
[run] w3_mst63/eight_schools_noncentered/rep1: wall=0.0s warm=0.0 samp=0.0 lg=69206 logp_frac=0.657939
[run] w3_mst63/blr/rep1: wall=0.1s warm=0.1 samp=0.1 lg=256004 logp_frac=0.954585
[run] w3_mst63/kidscore_momiq/rep1: wall=0.5s warm=0.2 samp=0.2 lg=256004 logp_frac=0.984232
[run] w3_mst63/lsat_model/rep1: wall=8.9s warm=5.0 samp=3.2 lg=130430 logp_frac=0.958381
[run] w3_mst63/logmesquite_logvash/rep1: wall=0.1s warm=0.1 samp=0.1 lg=174173 logp_frac=0.871332
[run] w3_mst63/wells_dist100_model/rep1: wall=1.1s warm=0.5 samp=0.5 lg=56319 logp_frac=0.98789
[run] w3_mst63/diamonds/rep1: wall=3.3s warm=1.2 samp=1.9 lg=256232 logp_frac=0.993233
[run] w3_mst63/radon_partially_pooled_noncentered/rep1: wall=48.5s warm=25.2 samp=23.0 lg=223528 logp_frac=0.994733
[run] w3_mst63/radon_variable_intercept_slope_noncentered/rep1: wall=4.7s warm=2.4 samp=2.1 lg=187168 logp_frac=0.97916
[run] w3_mst63/dogs_hierarchical/rep1: wall=1.3s warm=0.5 samp=0.5 lg=47312 logp_frac=0.901617
[run] w3_mst63/pilots/rep1: wall=0.2s warm=0.1 samp=0.1 lg=278248 logp_frac=0.874445
[run] w3_mst63/hier_2pl/rep1: wall=206.4s warm=75.4 samp=75.2 lg=301052 logp_frac=0.996087
[run] w3_mst63/gp_regr/rep1: wall=0.1s warm=0.0 samp=0.0 lg=45956 logp_frac=0.928267
[run] w3_mst63/kronecker_gp/rep1: FAILED chain 2 rc=-6, see /home/m0hawk/Documents/apin/stan/runs/w3_mst63/kronecker_gp/rep1/chain_2.log
[run] w3_mst63/accel_gp/rep1: wall=7.7s warm=0.7 samp=0.7 lg=546043 logp_frac=0.979568
[run] w3_mst63/bym2_offset_only/rep1: wall=19.8s warm=7.3 samp=8.7 lg=256004 logp_frac=0.928163
[run] w3_mst63/eight_schools_centered/rep1: wall=0.1s warm=0.0 samp=0.0 lg=142972 logp_frac=0.683235
[run] w3_mst63/garch11/rep1: wall=0.4s warm=0.2 samp=0.2 lg=73569 logp_frac=0.956325
[run] w3_mst63/lotka_volterra/rep1: wall=11.2s warm=3.2 samp=3.0 lg=194086 logp_frac=0.9839
[run] w3_mst63/low_dim_gauss_mix/rep1: wall=14.6s warm=6.9 samp=7.7 lg=175031 logp_frac=0.996572
[run] w3_mst63/arma11/rep1: wall=0.7s warm=0.3 samp=0.3 lg=256004 logp_frac=0.986742
[run] w3_mst63/eight_schools_noncentered/rep2: wall=0.0s warm=0.0 samp=0.0 lg=69309 logp_frac=0.64824
[run] w3_mst63/blr/rep2: wall=0.1s warm=0.1 samp=0.1 lg=256004 logp_frac=0.952252
[run] w3_mst63/kidscore_momiq/rep2: wall=0.5s warm=0.2 samp=0.2 lg=256004 logp_frac=0.983563
[run] w3_mst63/lsat_model/rep2: wall=15.2s warm=5.5 samp=2.7 lg=196287 logp_frac=0.952137
[run] w3_mst63/logmesquite_logvash/rep2: wall=0.1s warm=0.1 samp=0.0 lg=177671 logp_frac=0.869674
[run] w3_mst63/wells_dist100_model/rep2: wall=1.1s warm=0.6 samp=0.5 lg=54744 logp_frac=0.985125
[run] w3_mst63/diamonds/rep2: wall=4.1s warm=1.9 samp=2.0 lg=271247 logp_frac=0.992503
[run] w3_mst63/radon_partially_pooled_noncentered/rep2: wall=44.3s warm=21.2 samp=20.5 lg=256050 logp_frac=0.994251
[run] w3_mst63/radon_variable_intercept_slope_noncentered/rep2: wall=4.3s warm=1.0 samp=0.7 lg=185387 logp_frac=0.95775
[run] w3_mst63/dogs_hierarchical/rep2: wall=1.3s warm=0.6 samp=0.5 lg=50732 logp_frac=0.895678
[run] w3_mst63/pilots/rep2: wall=0.2s warm=0.1 samp=0.1 lg=306694 logp_frac=0.894489
[run] w3_mst63/hier_2pl/rep2: wall=107.1s warm=55.5 samp=46.2 lg=237490 logp_frac=0.994026
[run] w3_mst63/gp_regr/rep2: wall=0.1s warm=0.0 samp=0.0 lg=47130 logp_frac=0.929648
[run] w3_mst63/kronecker_gp/rep2: wall=45.2s warm=17.3 samp=26.1 lg=360246 logp_frac=0.985538
[run] w3_mst63/accel_gp/rep2: wall=1.1s warm=0.5 samp=0.5 lg=256004 logp_frac=0.981373
[run] w3_mst63/bym2_offset_only/rep2: wall=16.5s warm=6.3 samp=6.4 lg=256004 logp_frac=0.929251
[run] w3_mst63/eight_schools_centered/rep2: wall=0.0s warm=0.0 samp=0.0 lg=141762 logp_frac=0.643642
[run] w3_mst63/garch11/rep2: wall=-0.4s warm=-0.5 samp=0.1 lg=73538 logp_frac=0.966471
[run] w3_mst63/lotka_volterra/rep2: wall=5.9s warm=2.1 samp=1.4 lg=140319 logp_frac=0.971025
[run] w3_mst63/low_dim_gauss_mix/rep2: wall=13.4s warm=6.9 samp=6.5 lg=143795 logp_frac=0.997237
[run] w3_mst63/arma11/rep2: FAILED chain 3 rc=-6, see /home/m0hawk/Documents/apin/stan/runs/w3_mst63/arma11/rep2/chain_3.log
W3_MST63 GRID DONE
warning: Malware checks are experimental and may change without warning. Pass `--preview-features malware-check` to disable this warning.
[run] w3_mdt7/eight_schools_noncentered/rep0: wall=0.0s warm=0.0 samp=0.0 lg=70770 logp_frac=0.636125
[run] w3_mdt7/blr/rep0: wall=0.1s warm=0.1 samp=0.0 lg=256004 logp_frac=0.952506
[run] w3_mdt7/kidscore_momiq/rep0: wall=0.4s warm=0.2 samp=0.2 lg=256004 logp_frac=0.985543
[run] w3_mdt7/lsat_model/rep0: wall=13.3s warm=5.9 samp=2.5 lg=169105 logp_frac=0.955534
[run] w3_mdt7/logmesquite_logvash/rep0: wall=0.2s warm=0.1 samp=0.1 lg=205389 logp_frac=0.961523
[run] w3_mdt7/wells_dist100_model/rep0: wall=1.0s warm=0.5 samp=0.5 lg=53478 logp_frac=0.989418
[run] w3_mdt7/diamonds/rep0: wall=3.5s warm=1.8 samp=1.6 lg=256004 logp_frac=0.994534
[run] w3_mdt7/radon_partially_pooled_noncentered/rep0: wall=33.3s warm=16.8 samp=16.2 lg=255992 logp_frac=0.994054
[run] w3_mdt7/radon_variable_intercept_slope_noncentered/rep0: wall=3.5s warm=0.9 samp=0.6 lg=145762 logp_frac=0.961265
[run] w3_mdt7/dogs_hierarchical/rep0: wall=1.1s warm=0.4 samp=0.4 lg=48877 logp_frac=0.904389
[run] w3_mdt7/pilots/rep0: wall=0.2s warm=0.1 samp=0.1 lg=315563 logp_frac=0.890485
[run] w3_mdt7/hier_2pl/rep0: wall=122.4s warm=49.2 samp=46.2 lg=274982 logp_frac=0.996453
[run] w3_mdt7/gp_regr/rep0: wall=0.1s warm=0.0 samp=0.0 lg=47356 logp_frac=0.928947
[run] w3_mdt7/kronecker_gp/rep0: wall=43.9s warm=22.0 samp=20.2 lg=365439 logp_frac=0.983532
[run] w3_mdt7/accel_gp/rep0: wall=1.6s warm=0.8 samp=0.7 lg=256004 logp_frac=0.984996
[run] w3_mdt7/bym2_offset_only/rep0: wall=14.5s warm=6.2 samp=5.2 lg=256004 logp_frac=0.927033
[run] w3_mdt7/eight_schools_centered/rep0: wall=0.0s warm=0.0 samp=0.0 lg=151696 logp_frac=0.634493
[run] w3_mdt7/garch11/rep0: wall=0.3s warm=0.1 samp=0.1 lg=74983 logp_frac=0.968527
[run] w3_mdt7/lotka_volterra/rep0: wall=7.3s warm=2.4 samp=2.8 lg=202035 logp_frac=0.985716
[run] w3_mdt7/low_dim_gauss_mix/rep0: wall=9.2s warm=6.1 samp=3.0 lg=103690 logp_frac=0.994897
[run] w3_mdt7/arma11/rep0: wall=0.6s warm=0.3 samp=0.3 lg=256004 logp_frac=0.988065
[run] w3_mdt7/eight_schools_noncentered/rep1: wall=0.0s warm=0.0 samp=0.0 lg=69206 logp_frac=0.656102
[run] w3_mdt7/blr/rep1: wall=0.1s warm=0.0 samp=0.0 lg=256004 logp_frac=0.952153
[run] w3_mdt7/kidscore_momiq/rep1: wall=0.4s warm=0.2 samp=0.2 lg=256004 logp_frac=0.986276
[run] w3_mdt7/lsat_model/rep1: wall=6.1s warm=3.8 samp=2.2 lg=130430 logp_frac=0.959801
[run] w3_mdt7/logmesquite_logvash/rep1: wall=0.1s warm=0.0 samp=0.0 lg=173439 logp_frac=0.890887
[run] w3_mdt7/wells_dist100_model/rep1: wall=0.9s warm=0.4 samp=0.4 lg=56319 logp_frac=0.990137
[run] w3_mdt7/diamonds/rep1: wall=3.1s warm=1.5 samp=1.4 lg=256232 logp_frac=0.994671
[run] w3_mdt7/radon_partially_pooled_noncentered/rep1: wall=29.9s warm=14.9 samp=14.7 lg=223528 logp_frac=0.993836
[run] w3_mdt7/radon_variable_intercept_slope_noncentered/rep1: wall=3.7s warm=1.8 samp=1.7 lg=187168 logp_frac=0.982706
[run] w3_mdt7/dogs_hierarchical/rep1: wall=1.1s warm=0.4 samp=0.4 lg=47312 logp_frac=0.907247
[run] w3_mdt7/pilots/rep1: wall=0.2s warm=0.1 samp=0.0 lg=281502 logp_frac=0.87815
[run] w3_mdt7/hier_2pl/rep1: wall=141.2s warm=47.3 samp=49.5 lg=301052 logp_frac=0.996286
[run] w3_mdt7/gp_regr/rep1: wall=0.1s warm=0.0 samp=0.0 lg=45956 logp_frac=0.930435
[run] w3_mdt7/kronecker_gp/rep1: FAILED chain 2 rc=-6, see /home/m0hawk/Documents/apin/stan/runs/w3_mdt7/kronecker_gp/rep1/chain_2.log
[run] w3_mdt7/accel_gp/rep1: wall=6.1s warm=0.6 samp=0.6 lg=572653 logp_frac=0.981464
[run] w3_mdt7/bym2_offset_only/rep1: wall=14.5s warm=5.4 samp=5.9 lg=256004 logp_frac=0.933713
[run] w3_mdt7/eight_schools_centered/rep1: wall=0.0s warm=0.0 samp=0.0 lg=138080 logp_frac=0.678025
[run] w3_mdt7/garch11/rep1: wall=0.3s warm=0.2 samp=0.1 lg=73678 logp_frac=0.965366
[run] w3_mdt7/lotka_volterra/rep1: wall=9.0s warm=2.5 samp=2.8 lg=198624 logp_frac=0.98462
[run] w3_mdt7/low_dim_gauss_mix/rep1: wall=12.4s warm=6.5 samp=5.5 lg=175031 logp_frac=0.997424
[run] w3_mdt7/arma11/rep1: wall=0.6s warm=0.2 samp=0.3 lg=256004 logp_frac=0.98916
[run] w3_mdt7/eight_schools_noncentered/rep2: wall=0.0s warm=0.0 samp=0.0 lg=69309 logp_frac=0.668343
[run] w3_mdt7/blr/rep2: wall=0.1s warm=0.0 samp=0.0 lg=256004 logp_frac=0.954543
[run] w3_mdt7/kidscore_momiq/rep2: wall=0.4s warm=0.2 samp=0.2 lg=256004 logp_frac=0.986353
[run] w3_mdt7/lsat_model/rep2: wall=13.5s warm=4.7 samp=2.3 lg=196287 logp_frac=0.956213
[run] w3_mdt7/logmesquite_logvash/rep2: wall=0.1s warm=0.1 samp=0.0 lg=177577 logp_frac=0.882394
[run] w3_mdt7/wells_dist100_model/rep2: wall=0.9s warm=0.5 samp=0.4 lg=54744 logp_frac=0.988068
[run] w3_mdt7/diamonds/rep2: wall=4.1s warm=1.5 samp=1.6 lg=271247 logp_frac=0.994723
[run] w3_mdt7/radon_partially_pooled_noncentered/rep2: wall=33.3s warm=16.0 samp=16.1 lg=256050 logp_frac=0.994028
[run] w3_mdt7/radon_variable_intercept_slope_noncentered/rep2: wall=3.5s warm=0.9 samp=0.6 lg=185387 logp_frac=0.960468
[run] w3_mdt7/dogs_hierarchical/rep2: wall=1.1s warm=0.4 samp=0.4 lg=50732 logp_frac=0.905706
[run] w3_mdt7/pilots/rep2: wall=0.2s warm=0.1 samp=0.1 lg=306694 logp_frac=0.899297
[run] w3_mdt7/hier_2pl/rep2: wall=97.4s warm=46.9 samp=40.2 lg=237490 logp_frac=0.993422
[run] w3_mdt7/gp_regr/rep2: wall=0.1s warm=0.0 samp=0.0 lg=47130 logp_frac=0.929278
[run] w3_mdt7/kronecker_gp/rep2: wall=52.3s warm=18.2 samp=30.9 lg=360246 logp_frac=0.985806
[run] w3_mdt7/accel_gp/rep2: wall=1.3s warm=0.6 samp=0.6 lg=256004 logp_frac=0.981961
[run] w3_mdt7/bym2_offset_only/rep2: wall=16.5s warm=6.8 samp=5.9 lg=256004 logp_frac=0.922936
[run] w3_mdt7/eight_schools_centered/rep2: wall=0.1s warm=0.0 samp=0.0 lg=146396 logp_frac=0.650264
[run] w3_mdt7/garch11/rep2: wall=0.3s warm=0.1 samp=0.1 lg=73538 logp_frac=0.965897
[run] w3_mdt7/lotka_volterra/rep2: wall=7.8s warm=2.1 samp=1.3 lg=159595 logp_frac=0.97138
[run] w3_mdt7/low_dim_gauss_mix/rep2: wall=13.5s warm=6.9 samp=6.6 lg=143795 logp_frac=0.997093
[run] w3_mdt7/arma11/rep2: FAILED chain 3 rc=-6, see /home/m0hawk/Documents/apin/stan/runs/w3_mdt7/arma11/rep2/chain_3.log
W3_MDT7 GRID DONE
warning: Malware checks are experimental and may change without warning. Pass `--preview-features malware-check` to disable this warning.
183 ESS jobs
ess_bulk min=4 geomean=4 rhat_max=-Inf -> /home/m0hawk/Documents/apin/stan/results/ess/w3_mdt7__accel_gp__rep0.json
ess_bulk min=4 geomean=6 rhat_max=7.0889 -> /home/m0hawk/Documents/apin/stan/results/ess/w3_mdt7__accel_gp__rep1.json
ess_bulk min=4 geomean=4 rhat_max=-Inf -> /home/m0hawk/Documents/apin/stan/results/ess/w3_mdt7__accel_gp__rep2.json
ess_bulk min=4 geomean=4 rhat_max=-Inf -> /home/m0hawk/Documents/apin/stan/results/ess/w3_mdt7__arma11__rep0.json
ess_bulk min=4 geomean=4 rhat_max=-Inf -> /home/m0hawk/Documents/apin/stan/results/ess/w3_mdt7__arma11__rep1.json
ess_bulk min=4 geomean=4 rhat_max=-Inf -> /home/m0hawk/Documents/apin/stan/results/ess/w3_mdt7__blr__rep0.json
ess_bulk min=4 geomean=4 rhat_max=-Inf -> /home/m0hawk/Documents/apin/stan/results/ess/w3_mdt7__blr__rep1.json
ess_bulk min=4 geomean=4 rhat_max=-Inf -> /home/m0hawk/Documents/apin/stan/results/ess/w3_mdt7__blr__rep2.json
ess_bulk min=4 geomean=4 rhat_max=-Inf -> /home/m0hawk/Documents/apin/stan/results/ess/w3_mdt7__bym2_offset_only__rep0.json
ess_bulk min=4 geomean=4 rhat_max=-Inf -> /home/m0hawk/Documents/apin/stan/results/ess/w3_mdt7__bym2_offset_only__rep1.json
ess_bulk min=4 geomean=4 rhat_max=-Inf -> /home/m0hawk/Documents/apin/stan/results/ess/w3_mdt7__bym2_offset_only__rep2.json
ess_bulk min=4 geomean=4 rhat_max=-Inf -> /home/m0hawk/Documents/apin/stan/results/ess/w3_mdt7__diamonds__rep0.json
ess_bulk min=4 geomean=4 rhat_max=-Inf -> /home/m0hawk/Documents/apin/stan/results/ess/w3_mdt7__diamonds__rep1.json
ess_bulk min=4 geomean=4 rhat_max=-Inf -> /home/m0hawk/Documents/apin/stan/results/ess/w3_mdt7__diamonds__rep2.json
ess_bulk min=1788 geomean=3928 rhat_max=1.0025 -> /home/m0hawk/Documents/apin/stan/results/ess/w3_mdt7__dogs_hierarchical__rep0.json
ess_bulk min=1565 geomean=3916 rhat_max=1.0032 -> /home/m0hawk/Documents/apin/stan/results/ess/w3_mdt7__dogs_hierarchical__rep1.json
ess_bulk min=1495 geomean=3914 rhat_max=1.0031 -> /home/m0hawk/Documents/apin/stan/results/ess/w3_mdt7__dogs_hierarchical__rep2.json
ess_bulk min=78 geomean=370 rhat_max=1.0424 -> /home/m0hawk/Documents/apin/stan/results/ess/w3_mdt7__eight_schools_centered__rep0.json
ess_bulk min=117 geomean=358 rhat_max=1.0395 -> /home/m0hawk/Documents/apin/stan/results/ess/w3_mdt7__eight_schools_centered__rep1.json
ess_bulk min=108 geomean=375 rhat_max=1.0229 -> /home/m0hawk/Documents/apin/stan/results/ess/w3_mdt7__eight_schools_centered__rep2.json
ess_bulk min=1592 geomean=3013 rhat_max=1.0031 -> /home/m0hawk/Documents/apin/stan/results/ess/w3_mdt7__eight_schools_noncentered__rep0.json
ess_bulk min=1598 geomean=3152 rhat_max=1.0026 -> /home/m0hawk/Documents/apin/stan/results/ess/w3_mdt7__eight_schools_noncentered__rep1.json
ess_bulk min=1721 geomean=3003 rhat_max=1.0056 -> /home/m0hawk/Documents/apin/stan/results/ess/w3_mdt7__eight_schools_noncentered__rep2.json
ess_bulk min=885 geomean=1217 rhat_max=1.0033 -> /home/m0hawk/Documents/apin/stan/results/ess/w3_mdt7__garch11__rep0.json
ess_bulk min=915 geomean=1341 rhat_max=1.0030 -> /home/m0hawk/Documents/apin/stan/results/ess/w3_mdt7__garch11__rep1.json
ess_bulk min=946 geomean=1251 rhat_max=1.0031 -> /home/m0hawk/Documents/apin/stan/results/ess/w3_mdt7__garch11__rep2.json
ess_bulk min=3559 geomean=3813 rhat_max=1.0037 -> /home/m0hawk/Documents/apin/stan/results/ess/w3_mdt7__gp_regr__rep0.json
ess_bulk min=3585 geomean=3822 rhat_max=1.0032 -> /home/m0hawk/Documents/apin/stan/results/ess/w3_mdt7__gp_regr__rep1.json
ess_bulk min=3740 geomean=3845 rhat_max=1.0032 -> /home/m0hawk/Documents/apin/stan/results/ess/w3_mdt7__gp_regr__rep2.json
ess_bulk min=4 geomean=5 rhat_max=19.9175 -> /home/m0hawk/Documents/apin/stan/results/ess/w3_mdt7__hier_2pl__rep0.json
ess_bulk min=5 geomean=12 rhat_max=2.0961 -> /home/m0hawk/Documents/apin/stan/results/ess/w3_mdt7__hier_2pl__rep1.json
ess_bulk min=7 geomean=23 rhat_max=1.6397 -> /home/m0hawk/Documents/apin/stan/results/ess/w3_mdt7__hier_2pl__rep2.json
ess_bulk min=4 geomean=4 rhat_max=-Inf -> /home/m0hawk/Documents/apin/stan/results/ess/w3_mdt7__kidscore_momiq__rep0.json
ess_bulk min=4 geomean=4 rhat_max=-Inf -> /home/m0hawk/Documents/apin/stan/results/ess/w3_mdt7__kidscore_momiq__rep1.json
ess_bulk min=4 geomean=4 rhat_max=-Inf -> /home/m0hawk/Documents/apin/stan/results/ess/w3_mdt7__kidscore_momiq__rep2.json
ess_bulk min=7 geomean=20 rhat_max=1.5814 -> /home/m0hawk/Documents/apin/stan/results/ess/w3_mdt7__kronecker_gp__rep0.json
ess_bulk min=7 geomean=21 rhat_max=1.5796 -> /home/m0hawk/Documents/apin/stan/results/ess/w3_mdt7__kronecker_gp__rep2.json
ess_bulk min=7 geomean=12 rhat_max=1.6195 -> /home/m0hawk/Documents/apin/stan/results/ess/w3_mdt7__logmesquite_logvash__rep0.json
ess_bulk min=154 geomean=296 rhat_max=1.0289 -> /home/m0hawk/Documents/apin/stan/results/ess/w3_mdt7__logmesquite_logvash__rep1.json
ess_bulk min=129 geomean=235 rhat_max=1.0298 -> /home/m0hawk/Documents/apin/stan/results/ess/w3_mdt7__logmesquite_logvash__rep2.json
ess_bulk min=170 geomean=1472 rhat_max=1.0409 -> /home/m0hawk/Documents/apin/stan/results/ess/w3_mdt7__lotka_volterra__rep0.json
ess_bulk min=5 geomean=9 rhat_max=2.7260 -> /home/m0hawk/Documents/apin/stan/results/ess/w3_mdt7__lotka_volterra__rep1.json
ess_bulk min=58 geomean=917 rhat_max=1.0595 -> /home/m0hawk/Documents/apin/stan/results/ess/w3_mdt7__lotka_volterra__rep2.json
ess_bulk min=7 geomean=8 rhat_max=1.5309 -> /home/m0hawk/Documents/apin/stan/results/ess/w3_mdt7__low_dim_gauss_mix__rep0.json
ess_bulk min=4 geomean=5 rhat_max=3.4051 -> /home/m0hawk/Documents/apin/stan/results/ess/w3_mdt7__low_dim_gauss_mix__rep1.json
ess_bulk min=7 geomean=7 rhat_max=1.5291 -> /home/m0hawk/Documents/apin/stan/results/ess/w3_mdt7__low_dim_gauss_mix__rep2.json
ess_bulk min=7 geomean=55 rhat_max=1.5481 -> /home/m0hawk/Documents/apin/stan/results/ess/w3_mdt7__lsat_model__rep0.json
ess_bulk min=197 geomean=824 rhat_max=1.0192 -> /home/m0hawk/Documents/apin/stan/results/ess/w3_mdt7__lsat_model__rep1.json
ess_bulk min=4 geomean=12 rhat_max=3.4756 -> /home/m0hawk/Documents/apin/stan/results/ess/w3_mdt7__lsat_model__rep2.json
ess_bulk min=4 geomean=404 rhat_max=3.4119 -> /home/m0hawk/Documents/apin/stan/results/ess/w3_mdt7__pilots__rep0.json
ess_bulk min=4 geomean=346 rhat_max=3.7442 -> /home/m0hawk/Documents/apin/stan/results/ess/w3_mdt7__pilots__rep1.json
ess_bulk min=4 geomean=450 rhat_max=3.3121 -> /home/m0hawk/Documents/apin/stan/results/ess/w3_mdt7__pilots__rep2.json
ess_bulk min=4 geomean=4 rhat_max=-Inf -> /home/m0hawk/Documents/apin/stan/results/ess/w3_mdt7__radon_partially_pooled_noncentered__rep0.json
ess_bulk min=4 geomean=6 rhat_max=3.7399 -> /home/m0hawk/Documents/apin/stan/results/ess/w3_mdt7__radon_partially_pooled_noncentered__rep1.json
ess_bulk min=4 geomean=4 rhat_max=-Inf -> /home/m0hawk/Documents/apin/stan/results/ess/w3_mdt7__radon_partially_pooled_noncentered__rep2.json
ess_bulk min=7 geomean=18 rhat_max=1.5550 -> /home/m0hawk/Documents/apin/stan/results/ess/w3_mdt7__radon_variable_intercept_slope_noncentered__rep0.json
ess_bulk min=4 geomean=7 rhat_max=3.7151 -> /home/m0hawk/Documents/apin/stan/results/ess/w3_mdt7__radon_variable_intercept_slope_noncentered__rep1.json
ess_bulk min=4 geomean=7 rhat_max=4.1447 -> /home/m0hawk/Documents/apin/stan/results/ess/w3_mdt7__radon_variable_intercept_slope_noncentered__rep2.json
ess_bulk min=797 geomean=814 rhat_max=1.0066 -> /home/m0hawk/Documents/apin/stan/results/ess/w3_mdt7__wells_dist100_model__rep0.json
ess_bulk min=724 geomean=743 rhat_max=1.0035 -> /home/m0hawk/Documents/apin/stan/results/ess/w3_mdt7__wells_dist100_model__rep1.json
ess_bulk min=993 geomean=1004 rhat_max=1.0014 -> /home/m0hawk/Documents/apin/stan/results/ess/w3_mdt7__wells_dist100_model__rep2.json
ess_bulk min=4 geomean=4 rhat_max=-Inf -> /home/m0hawk/Documents/apin/stan/results/ess/w3_mst31__accel_gp__rep0.json
ess_bulk min=4 geomean=6 rhat_max=5.5614 -> /home/m0hawk/Documents/apin/stan/results/ess/w3_mst31__accel_gp__rep1.json
ess_bulk min=4 geomean=4 rhat_max=-Inf -> /home/m0hawk/Documents/apin/stan/results/ess/w3_mst31__accel_gp__rep2.json
ess_bulk min=4 geomean=4 rhat_max=-Inf -> /home/m0hawk/Documents/apin/stan/results/ess/w3_mst31__arma11__rep0.json
ess_bulk min=4 geomean=4 rhat_max=-Inf -> /home/m0hawk/Documents/apin/stan/results/ess/w3_mst31__arma11__rep1.json
ess_bulk min=4 geomean=4 rhat_max=-Inf -> /home/m0hawk/Documents/apin/stan/results/ess/w3_mst31__blr__rep0.json
ess_bulk min=4 geomean=4 rhat_max=-Inf -> /home/m0hawk/Documents/apin/stan/results/ess/w3_mst31__blr__rep1.json
ess_bulk min=4 geomean=4 rhat_max=-Inf -> /home/m0hawk/Documents/apin/stan/results/ess/w3_mst31__blr__rep2.json
ess_bulk min=4 geomean=4 rhat_max=-Inf -> /home/m0hawk/Documents/apin/stan/results/ess/w3_mst31__bym2_offset_only__rep0.json
ess_bulk min=4 geomean=4 rhat_max=-Inf -> /home/m0hawk/Documents/apin/stan/results/ess/w3_mst31__bym2_offset_only__rep1.json
ess_bulk min=4 geomean=4 rhat_max=-Inf -> /home/m0hawk/Documents/apin/stan/results/ess/w3_mst31__bym2_offset_only__rep2.json
ess_bulk min=4 geomean=4 rhat_max=-Inf -> /home/m0hawk/Documents/apin/stan/results/ess/w3_mst31__diamonds__rep0.json
ess_bulk min=4 geomean=4 rhat_max=-Inf -> /home/m0hawk/Documents/apin/stan/results/ess/w3_mst31__diamonds__rep1.json
ess_bulk min=4 geomean=4 rhat_max=-Inf -> /home/m0hawk/Documents/apin/stan/results/ess/w3_mst31__diamonds__rep2.json
ess_bulk min=1788 geomean=3928 rhat_max=1.0025 -> /home/m0hawk/Documents/apin/stan/results/ess/w3_mst31__dogs_hierarchical__rep0.json
ess_bulk min=1565 geomean=3916 rhat_max=1.0032 -> /home/m0hawk/Documents/apin/stan/results/ess/w3_mst31__dogs_hierarchical__rep1.json
ess_bulk min=1495 geomean=3914 rhat_max=1.0031 -> /home/m0hawk/Documents/apin/stan/results/ess/w3_mst31__dogs_hierarchical__rep2.json
ess_bulk min=67 geomean=210 rhat_max=1.0603 -> /home/m0hawk/Documents/apin/stan/results/ess/w3_mst31__eight_schools_centered__rep0.json
ess_bulk min=113 geomean=344 rhat_max=1.0348 -> /home/m0hawk/Documents/apin/stan/results/ess/w3_mst31__eight_schools_centered__rep1.json
ess_bulk min=126 geomean=415 rhat_max=1.0275 -> /home/m0hawk/Documents/apin/stan/results/ess/w3_mst31__eight_schools_centered__rep2.json
ess_bulk min=1592 geomean=3013 rhat_max=1.0031 -> /home/m0hawk/Documents/apin/stan/results/ess/w3_mst31__eight_schools_noncentered__rep0.json
ess_bulk min=1598 geomean=3152 rhat_max=1.0026 -> /home/m0hawk/Documents/apin/stan/results/ess/w3_mst31__eight_schools_noncentered__rep1.json
ess_bulk min=1721 geomean=3003 rhat_max=1.0056 -> /home/m0hawk/Documents/apin/stan/results/ess/w3_mst31__eight_schools_noncentered__rep2.json
ess_bulk min=885 geomean=1217 rhat_max=1.0033 -> /home/m0hawk/Documents/apin/stan/results/ess/w3_mst31__garch11__rep0.json
ess_bulk min=963 geomean=1409 rhat_max=1.0034 -> /home/m0hawk/Documents/apin/stan/results/ess/w3_mst31__garch11__rep1.json
ess_bulk min=946 geomean=1251 rhat_max=1.0031 -> /home/m0hawk/Documents/apin/stan/results/ess/w3_mst31__garch11__rep2.json
ess_bulk min=3559 geomean=3813 rhat_max=1.0037 -> /home/m0hawk/Documents/apin/stan/results/ess/w3_mst31__gp_regr__rep0.json
ess_bulk min=3585 geomean=3822 rhat_max=1.0032 -> /home/m0hawk/Documents/apin/stan/results/ess/w3_mst31__gp_regr__rep1.json
ess_bulk min=3740 geomean=3845 rhat_max=1.0032 -> /home/m0hawk/Documents/apin/stan/results/ess/w3_mst31__gp_regr__rep2.json
ess_bulk min=4 geomean=5 rhat_max=19.9175 -> /home/m0hawk/Documents/apin/stan/results/ess/w3_mst31__hier_2pl__rep0.json
ess_bulk min=5 geomean=12 rhat_max=2.0961 -> /home/m0hawk/Documents/apin/stan/results/ess/w3_mst31__hier_2pl__rep1.json
ess_bulk min=7 geomean=23 rhat_max=1.6397 -> /home/m0hawk/Documents/apin/stan/results/ess/w3_mst31__hier_2pl__rep2.json
ess_bulk min=4 geomean=4 rhat_max=-Inf -> /home/m0hawk/Documents/apin/stan/results/ess/w3_mst31__kidscore_momiq__rep0.json
ess_bulk min=4 geomean=4 rhat_max=-Inf -> /home/m0hawk/Documents/apin/stan/results/ess/w3_mst31__kidscore_momiq__rep1.json
ess_bulk min=4 geomean=4 rhat_max=-Inf -> /home/m0hawk/Documents/apin/stan/results/ess/w3_mst31__kidscore_momiq__rep2.json
ess_bulk min=7 geomean=20 rhat_max=1.5814 -> /home/m0hawk/Documents/apin/stan/results/ess/w3_mst31__kronecker_gp__rep0.json
ess_bulk min=7 geomean=21 rhat_max=1.5796 -> /home/m0hawk/Documents/apin/stan/results/ess/w3_mst31__kronecker_gp__rep2.json
ess_bulk min=7 geomean=13 rhat_max=1.5707 -> /home/m0hawk/Documents/apin/stan/results/ess/w3_mst31__logmesquite_logvash__rep0.json
ess_bulk min=130 geomean=280 rhat_max=1.0436 -> /home/m0hawk/Documents/apin/stan/results/ess/w3_mst31__logmesquite_logvash__rep1.json
ess_bulk min=126 geomean=237 rhat_max=1.0282 -> /home/m0hawk/Documents/apin/stan/results/ess/w3_mst31__logmesquite_logvash__rep2.json
ess_bulk min=170 geomean=1472 rhat_max=1.0409 -> /home/m0hawk/Documents/apin/stan/results/ess/w3_mst31__lotka_volterra__rep0.json
ess_bulk min=5 geomean=9 rhat_max=2.4897 -> /home/m0hawk/Documents/apin/stan/results/ess/w3_mst31__lotka_volterra__rep1.json
ess_bulk min=7 geomean=22 rhat_max=1.5673 -> /home/m0hawk/Documents/apin/stan/results/ess/w3_mst31__lotka_volterra__rep2.json
ess_bulk min=7 geomean=8 rhat_max=1.5309 -> /home/m0hawk/Documents/apin/stan/results/ess/w3_mst31__low_dim_gauss_mix__rep0.json
ess_bulk min=4 geomean=5 rhat_max=3.4051 -> /home/m0hawk/Documents/apin/stan/results/ess/w3_mst31__low_dim_gauss_mix__rep1.json
ess_bulk min=7 geomean=7 rhat_max=1.5291 -> /home/m0hawk/Documents/apin/stan/results/ess/w3_mst31__low_dim_gauss_mix__rep2.json
ess_bulk min=7 geomean=56 rhat_max=1.5554 -> /home/m0hawk/Documents/apin/stan/results/ess/w3_mst31__lsat_model__rep0.json
ess_bulk min=197 geomean=824 rhat_max=1.0192 -> /home/m0hawk/Documents/apin/stan/results/ess/w3_mst31__lsat_model__rep1.json
ess_bulk min=4 geomean=12 rhat_max=3.4756 -> /home/m0hawk/Documents/apin/stan/results/ess/w3_mst31__lsat_model__rep2.json
ess_bulk min=5 geomean=417 rhat_max=3.0685 -> /home/m0hawk/Documents/apin/stan/results/ess/w3_mst31__pilots__rep0.json
ess_bulk min=4 geomean=351 rhat_max=3.9009 -> /home/m0hawk/Documents/apin/stan/results/ess/w3_mst31__pilots__rep1.json
ess_bulk min=4 geomean=450 rhat_max=3.3121 -> /home/m0hawk/Documents/apin/stan/results/ess/w3_mst31__pilots__rep2.json
ess_bulk min=4 geomean=4 rhat_max=-Inf -> /home/m0hawk/Documents/apin/stan/results/ess/w3_mst31__radon_partially_pooled_noncentered__rep0.json
ess_bulk min=4 geomean=6 rhat_max=3.7399 -> /home/m0hawk/Documents/apin/stan/results/ess/w3_mst31__radon_partially_pooled_noncentered__rep1.json
ess_bulk min=4 geomean=4 rhat_max=-Inf -> /home/m0hawk/Documents/apin/stan/results/ess/w3_mst31__radon_partially_pooled_noncentered__rep2.json
ess_bulk min=7 geomean=18 rhat_max=1.5550 -> /home/m0hawk/Documents/apin/stan/results/ess/w3_mst31__radon_variable_intercept_slope_noncentered__rep0.json
ess_bulk min=4 geomean=7 rhat_max=3.7151 -> /home/m0hawk/Documents/apin/stan/results/ess/w3_mst31__radon_variable_intercept_slope_noncentered__rep1.json
ess_bulk min=4 geomean=7 rhat_max=4.1447 -> /home/m0hawk/Documents/apin/stan/results/ess/w3_mst31__radon_variable_intercept_slope_noncentered__rep2.json
ess_bulk min=797 geomean=814 rhat_max=1.0066 -> /home/m0hawk/Documents/apin/stan/results/ess/w3_mst31__wells_dist100_model__rep0.json
ess_bulk min=724 geomean=743 rhat_max=1.0035 -> /home/m0hawk/Documents/apin/stan/results/ess/w3_mst31__wells_dist100_model__rep1.json
ess_bulk min=993 geomean=1004 rhat_max=1.0014 -> /home/m0hawk/Documents/apin/stan/results/ess/w3_mst31__wells_dist100_model__rep2.json
ess_bulk min=4 geomean=4 rhat_max=-Inf -> /home/m0hawk/Documents/apin/stan/results/ess/w3_mst63__accel_gp__rep0.json
ess_bulk min=4 geomean=6 rhat_max=5.5614 -> /home/m0hawk/Documents/apin/stan/results/ess/w3_mst63__accel_gp__rep1.json
ess_bulk min=4 geomean=4 rhat_max=-Inf -> /home/m0hawk/Documents/apin/stan/results/ess/w3_mst63__accel_gp__rep2.json
ess_bulk min=4 geomean=4 rhat_max=-Inf -> /home/m0hawk/Documents/apin/stan/results/ess/w3_mst63__arma11__rep0.json
ess_bulk min=4 geomean=4 rhat_max=-Inf -> /home/m0hawk/Documents/apin/stan/results/ess/w3_mst63__arma11__rep1.json
ess_bulk min=4 geomean=4 rhat_max=-Inf -> /home/m0hawk/Documents/apin/stan/results/ess/w3_mst63__blr__rep0.json
ess_bulk min=4 geomean=4 rhat_max=-Inf -> /home/m0hawk/Documents/apin/stan/results/ess/w3_mst63__blr__rep1.json
ess_bulk min=4 geomean=4 rhat_max=-Inf -> /home/m0hawk/Documents/apin/stan/results/ess/w3_mst63__blr__rep2.json
ess_bulk min=4 geomean=4 rhat_max=-Inf -> /home/m0hawk/Documents/apin/stan/results/ess/w3_mst63__bym2_offset_only__rep0.json
ess_bulk min=4 geomean=4 rhat_max=-Inf -> /home/m0hawk/Documents/apin/stan/results/ess/w3_mst63__bym2_offset_only__rep1.json
ess_bulk min=4 geomean=4 rhat_max=-Inf -> /home/m0hawk/Documents/apin/stan/results/ess/w3_mst63__bym2_offset_only__rep2.json
ess_bulk min=4 geomean=4 rhat_max=-Inf -> /home/m0hawk/Documents/apin/stan/results/ess/w3_mst63__diamonds__rep0.json
ess_bulk min=4 geomean=4 rhat_max=-Inf -> /home/m0hawk/Documents/apin/stan/results/ess/w3_mst63__diamonds__rep1.json
ess_bulk min=4 geomean=4 rhat_max=-Inf -> /home/m0hawk/Documents/apin/stan/results/ess/w3_mst63__diamonds__rep2.json
ess_bulk min=1788 geomean=3928 rhat_max=1.0025 -> /home/m0hawk/Documents/apin/stan/results/ess/w3_mst63__dogs_hierarchical__rep0.json
ess_bulk min=1565 geomean=3916 rhat_max=1.0032 -> /home/m0hawk/Documents/apin/stan/results/ess/w3_mst63__dogs_hierarchical__rep1.json
ess_bulk min=1495 geomean=3914 rhat_max=1.0031 -> /home/m0hawk/Documents/apin/stan/results/ess/w3_mst63__dogs_hierarchical__rep2.json
ess_bulk min=67 geomean=210 rhat_max=1.0603 -> /home/m0hawk/Documents/apin/stan/results/ess/w3_mst63__eight_schools_centered__rep0.json
ess_bulk min=113 geomean=344 rhat_max=1.0348 -> /home/m0hawk/Documents/apin/stan/results/ess/w3_mst63__eight_schools_centered__rep1.json
ess_bulk min=126 geomean=415 rhat_max=1.0275 -> /home/m0hawk/Documents/apin/stan/results/ess/w3_mst63__eight_schools_centered__rep2.json
ess_bulk min=1592 geomean=3013 rhat_max=1.0031 -> /home/m0hawk/Documents/apin/stan/results/ess/w3_mst63__eight_schools_noncentered__rep0.json
ess_bulk min=1598 geomean=3152 rhat_max=1.0026 -> /home/m0hawk/Documents/apin/stan/results/ess/w3_mst63__eight_schools_noncentered__rep1.json
ess_bulk min=1721 geomean=3003 rhat_max=1.0056 -> /home/m0hawk/Documents/apin/stan/results/ess/w3_mst63__eight_schools_noncentered__rep2.json
ess_bulk min=885 geomean=1217 rhat_max=1.0033 -> /home/m0hawk/Documents/apin/stan/results/ess/w3_mst63__garch11__rep0.json
ess_bulk min=963 geomean=1409 rhat_max=1.0034 -> /home/m0hawk/Documents/apin/stan/results/ess/w3_mst63__garch11__rep1.json
ess_bulk min=946 geomean=1251 rhat_max=1.0031 -> /home/m0hawk/Documents/apin/stan/results/ess/w3_mst63__garch11__rep2.json
ess_bulk min=3559 geomean=3813 rhat_max=1.0037 -> /home/m0hawk/Documents/apin/stan/results/ess/w3_mst63__gp_regr__rep0.json
ess_bulk min=3585 geomean=3822 rhat_max=1.0032 -> /home/m0hawk/Documents/apin/stan/results/ess/w3_mst63__gp_regr__rep1.json
ess_bulk min=3740 geomean=3845 rhat_max=1.0032 -> /home/m0hawk/Documents/apin/stan/results/ess/w3_mst63__gp_regr__rep2.json
ess_bulk min=4 geomean=5 rhat_max=19.9175 -> /home/m0hawk/Documents/apin/stan/results/ess/w3_mst63__hier_2pl__rep0.json
ess_bulk min=5 geomean=12 rhat_max=2.0961 -> /home/m0hawk/Documents/apin/stan/results/ess/w3_mst63__hier_2pl__rep1.json
ess_bulk min=7 geomean=23 rhat_max=1.6397 -> /home/m0hawk/Documents/apin/stan/results/ess/w3_mst63__hier_2pl__rep2.json
ess_bulk min=4 geomean=4 rhat_max=-Inf -> /home/m0hawk/Documents/apin/stan/results/ess/w3_mst63__kidscore_momiq__rep0.json
ess_bulk min=4 geomean=4 rhat_max=-Inf -> /home/m0hawk/Documents/apin/stan/results/ess/w3_mst63__kidscore_momiq__rep1.json
ess_bulk min=4 geomean=4 rhat_max=-Inf -> /home/m0hawk/Documents/apin/stan/results/ess/w3_mst63__kidscore_momiq__rep2.json
ess_bulk min=7 geomean=20 rhat_max=1.5814 -> /home/m0hawk/Documents/apin/stan/results/ess/w3_mst63__kronecker_gp__rep0.json
ess_bulk min=7 geomean=21 rhat_max=1.5796 -> /home/m0hawk/Documents/apin/stan/results/ess/w3_mst63__kronecker_gp__rep2.json
ess_bulk min=7 geomean=13 rhat_max=1.5707 -> /home/m0hawk/Documents/apin/stan/results/ess/w3_mst63__logmesquite_logvash__rep0.json
ess_bulk min=130 geomean=280 rhat_max=1.0436 -> /home/m0hawk/Documents/apin/stan/results/ess/w3_mst63__logmesquite_logvash__rep1.json
ess_bulk min=126 geomean=237 rhat_max=1.0282 -> /home/m0hawk/Documents/apin/stan/results/ess/w3_mst63__logmesquite_logvash__rep2.json
ess_bulk min=170 geomean=1472 rhat_max=1.0409 -> /home/m0hawk/Documents/apin/stan/results/ess/w3_mst63__lotka_volterra__rep0.json
ess_bulk min=5 geomean=9 rhat_max=2.4897 -> /home/m0hawk/Documents/apin/stan/results/ess/w3_mst63__lotka_volterra__rep1.json
ess_bulk min=7 geomean=22 rhat_max=1.5673 -> /home/m0hawk/Documents/apin/stan/results/ess/w3_mst63__lotka_volterra__rep2.json
ess_bulk min=7 geomean=8 rhat_max=1.5309 -> /home/m0hawk/Documents/apin/stan/results/ess/w3_mst63__low_dim_gauss_mix__rep0.json
ess_bulk min=4 geomean=5 rhat_max=3.4051 -> /home/m0hawk/Documents/apin/stan/results/ess/w3_mst63__low_dim_gauss_mix__rep1.json
ess_bulk min=7 geomean=7 rhat_max=1.5291 -> /home/m0hawk/Documents/apin/stan/results/ess/w3_mst63__low_dim_gauss_mix__rep2.json
ess_bulk min=7 geomean=56 rhat_max=1.5554 -> /home/m0hawk/Documents/apin/stan/results/ess/w3_mst63__lsat_model__rep0.json
ess_bulk min=197 geomean=824 rhat_max=1.0192 -> /home/m0hawk/Documents/apin/stan/results/ess/w3_mst63__lsat_model__rep1.json
ess_bulk min=4 geomean=12 rhat_max=3.4756 -> /home/m0hawk/Documents/apin/stan/results/ess/w3_mst63__lsat_model__rep2.json
ess_bulk min=5 geomean=417 rhat_max=3.0685 -> /home/m0hawk/Documents/apin/stan/results/ess/w3_mst63__pilots__rep0.json
ess_bulk min=4 geomean=351 rhat_max=3.9009 -> /home/m0hawk/Documents/apin/stan/results/ess/w3_mst63__pilots__rep1.json
ess_bulk min=4 geomean=450 rhat_max=3.3121 -> /home/m0hawk/Documents/apin/stan/results/ess/w3_mst63__pilots__rep2.json
ess_bulk min=4 geomean=4 rhat_max=-Inf -> /home/m0hawk/Documents/apin/stan/results/ess/w3_mst63__radon_partially_pooled_noncentered__rep0.json
ess_bulk min=4 geomean=6 rhat_max=3.7399 -> /home/m0hawk/Documents/apin/stan/results/ess/w3_mst63__radon_partially_pooled_noncentered__rep1.json
ess_bulk min=4 geomean=4 rhat_max=-Inf -> /home/m0hawk/Documents/apin/stan/results/ess/w3_mst63__radon_partially_pooled_noncentered__rep2.json
ess_bulk min=7 geomean=18 rhat_max=1.5550 -> /home/m0hawk/Documents/apin/stan/results/ess/w3_mst63__radon_variable_intercept_slope_noncentered__rep0.json
ess_bulk min=4 geomean=7 rhat_max=3.7151 -> /home/m0hawk/Documents/apin/stan/results/ess/w3_mst63__radon_variable_intercept_slope_noncentered__rep1.json
ess_bulk min=4 geomean=7 rhat_max=4.1447 -> /home/m0hawk/Documents/apin/stan/results/ess/w3_mst63__radon_variable_intercept_slope_noncentered__rep2.json
ess_bulk min=797 geomean=814 rhat_max=1.0066 -> /home/m0hawk/Documents/apin/stan/results/ess/w3_mst63__wells_dist100_model__rep0.json
ess_bulk min=724 geomean=743 rhat_max=1.0035 -> /home/m0hawk/Documents/apin/stan/results/ess/w3_mst63__wells_dist100_model__rep1.json
ess_bulk min=993 geomean=1004 rhat_max=1.0014 -> /home/m0hawk/Documents/apin/stan/results/ess/w3_mst63__wells_dist100_model__rep2.json
ESS DONE
warning: Malware checks are experimental and may change without warning. Pass `--preview-features malware-check` to disable this warning.
           variant  n_models  geo_ess_per_sec  geo_wall  geo_ess_per_grad  total_div_rate  total_td_rate  n_configs_rhat_bad
      clang_native        21       423.061616  2.253736          0.007819        0.008024       0.121083                   3
           default        21       481.278007  1.995224          0.008109        0.007714       0.113619                   4
            nutpie        21       473.277717  1.653804          0.003074        0.019381       0.001524                   4
              oexp        17       456.340801  1.874413          0.007969        0.008603       0.116544                   3
           pf_full        10        22.056315 21.952823          0.001274        0.024325       0.260275                   3
           pf_w200        10        23.926098 16.034789          0.001048        0.023200       0.179250                   4
   w2_adam_b50_shr        20        25.303786  1.350972          0.000206       -0.001000      -0.001000                   9
w2_adam_b50_shr_c3        20        22.673251  1.382730          0.000181       -0.001000      -0.001000                   9
 w2_da_b50_shr_avg        20        82.942639  1.090712          0.000683       -0.001000      -0.001000                  13
           w3_mdt7        21        19.712374  1.416709          0.000175       -0.001000      -0.001000                   9
          w3_mst31        21        17.629232  1.475697          0.000160       -0.001000      -0.001000                   9
          w3_mst63        21        15.804496  1.645044          0.000160       -0.001000      -0.001000                   9
            walnut        21        52.106239  1.156098          0.000461       -0.001000      -0.001000                  17
   walnut_adam_b50        21        21.662804  1.200283          0.000160       -0.001000      -0.001000                   9
walnut_adam_b50_c3        21        22.818416  1.229800          0.000171       -0.001000      -0.001000                  10
     walnut_belief        21        98.663366  0.867254          0.000693       -0.001000      -0.001000                  15
         walnut_da        11        36.885925  1.652690          0.000420       -0.001000      -0.001000                   8
     walnut_da_avg        14        37.356967  1.654864          0.000418       -0.001000      -0.001000                  10
     walnut_da_b50        21        77.192783  0.943601          0.000573       -0.001000      -0.001000                  16
        walnut_dem        19         9.863699  2.071826          0.000093       -0.001000      -0.001000                  15
wrote /home/m0hawk/Documents/apin/stan/dashboard.html (22 KB)
upload response: {
  "ok": true,
  "draftId": "gbcfyftfncsi",
  "versionId": "lg8iqOEvATA91EDOOz3X",
  "versionNumber": 16,
  "title": "nindan \u2014 Stan wall-clock \u2192 ESS",
  "requestId": "-_9Zy7hwSq6BJQqo9fVATg",
  "publicUrl": "https://gbcfyftfncsi.postplan.dev",
  "rawUrl": "https://postplan.dev/d/gbcfyftfncsi/raw",
  "warnings": []
}
