warning: Malware checks are experimental and may change without warning. Pass `--preview-features malware-check` to disable this warning.
[run] walnut/eight_schools_noncentered/rep0: wall=0.0s warm=0.0 samp=0.0 lg=68824 logp_frac=0.697441
[run] walnut/blr/rep0: wall=0.1s warm=0.1 samp=0.0 lg=207224 logp_frac=0.915021
[run] walnut/kidscore_momiq/rep0: wall=0.4s warm=0.2 samp=0.2 lg=186910 logp_frac=0.93493
[run] walnut/lsat_model/rep0: wall=9.2s warm=4.7 samp=4.1 lg=142083 logp_frac=0.950257
[run] walnut/logmesquite_logvash/rep0: wall=0.1s warm=0.1 samp=0.1 lg=151645 logp_frac=0.892007
[run] walnut/wells_dist100_model/rep0: wall=1.0s warm=0.5 samp=0.5 lg=53390 logp_frac=0.992273
[run] walnut/diamonds/rep0: wall=3.6s warm=1.4 samp=1.1 lg=216407 logp_frac=0.984761
[run] walnut/radon_partially_pooled_noncentered/rep0: wall=34.3s warm=18.0 samp=16.1 lg=186397 logp_frac=0.987256
[run] walnut/radon_variable_intercept_slope_noncentered/rep0: wall=2.2s warm=1.1 samp=1.0 lg=126705 logp_frac=0.961673
[run] walnut/dogs_hierarchical/rep0: wall=1.1s warm=0.5 samp=0.4 lg=48264 logp_frac=0.912241
[run] walnut/pilots/rep0: wall=0.1s warm=0.1 samp=0.0 lg=192711 logp_frac=0.810265
[run] walnut/hier_2pl/rep0: wall=66.1s warm=36.2 samp=29.6 lg=153860 logp_frac=0.989812
[run] walnut/gp_regr/rep0: wall=0.1s warm=0.0 samp=0.0 lg=45474 logp_frac=0.949513
[run] walnut/kronecker_gp/rep0: wall=21.7s warm=7.7 samp=8.1 lg=153894 logp_frac=0.965308
[run] walnut/accel_gp/rep0: wall=2.0s warm=1.2 samp=0.8 lg=262446 logp_frac=0.953487
[run] walnut/bym2_offset_only/rep0: wall=22.9s warm=9.7 samp=3.8 lg=266038 logp_frac=0.866193
[run] walnut/eight_schools_centered/rep0: wall=0.1s warm=0.0 samp=0.0 lg=184499 logp_frac=0.715177
[run] walnut/garch11/rep0: wall=0.3s warm=0.1 samp=0.2 lg=73222 logp_frac=0.97394
[run] walnut/lotka_volterra/rep0: wall=5.6s warm=2.1 samp=2.1 lg=134240 logp_frac=0.97392
[run] walnut/low_dim_gauss_mix/rep0: wall=19.9s warm=3.1 samp=2.4 lg=151369 logp_frac=0.993722
[run] walnut/arma11/rep0: wall=0.6s warm=0.1 samp=0.1 lg=212052 logp_frac=0.959909
[run] walnut/eight_schools_noncentered/rep1: wall=0.0s warm=0.0 samp=0.0 lg=69515 logp_frac=0.686403
[run] walnut/blr/rep1: wall=0.1s warm=0.0 samp=0.1 lg=227622 logp_frac=0.961787
[run] walnut/kidscore_momiq/rep1: wall=0.4s warm=0.2 samp=0.2 lg=192807 logp_frac=0.930812
[run] walnut/lsat_model/rep1: wall=9.2s warm=4.3 samp=4.4 lg=141436 logp_frac=0.947405
[run] walnut/logmesquite_logvash/rep1: wall=0.1s warm=0.0 samp=0.0 lg=147226 logp_frac=0.895858
[run] walnut/wells_dist100_model/rep1: wall=1.1s warm=0.5 samp=0.5 lg=54651 logp_frac=0.989441
[run] walnut/diamonds/rep1: wall=3.9s warm=1.5 samp=0.9 lg=215214 logp_frac=0.984558
[run] walnut/radon_partially_pooled_noncentered/rep1: wall=23.3s warm=11.8 samp=10.7 lg=146973 logp_frac=0.98732
[run] walnut/radon_variable_intercept_slope_noncentered/rep1: wall=2.7s warm=0.9 samp=0.8 lg=130644 logp_frac=0.951361
[run] walnut/dogs_hierarchical/rep1: wall=1.2s warm=0.5 samp=0.4 lg=48624 logp_frac=0.900415
[run] walnut/pilots/rep1: wall=0.1s warm=0.0 samp=0.0 lg=176083 logp_frac=0.839438
[run] walnut/hier_2pl/rep1: wall=69.0s warm=37.5 samp=31.2 lg=151660 logp_frac=0.989576
[run] walnut/gp_regr/rep1: wall=0.1s warm=0.0 samp=0.0 lg=45174 logp_frac=0.936059
[run] walnut/kronecker_gp/rep1: wall=20.5s warm=9.2 samp=9.4 lg=147921 logp_frac=0.965482
[run] walnut/accel_gp/rep1: wall=1.4s warm=0.7 samp=0.5 lg=216914 logp_frac=0.94804
[run] walnut/bym2_offset_only/rep1: wall=16.1s warm=6.9 samp=5.6 lg=256004 logp_frac=0.915682
[run] walnut/eight_schools_centered/rep1: wall=0.1s warm=0.0 samp=0.0 lg=164992 logp_frac=0.702016
[run] walnut/garch11/rep1: wall=0.3s warm=0.1 samp=0.1 lg=71292 logp_frac=0.973768
[run] walnut/lotka_volterra/rep1: wall=39.7s warm=1.4 samp=1.5 lg=158254 logp_frac=0.973782
[run] walnut/low_dim_gauss_mix/rep1: wall=4.9s warm=3.2 samp=1.7 lg=69574 logp_frac=0.995753
[run] walnut/arma11/rep1: wall=0.6s warm=0.3 samp=0.3 lg=220120 logp_frac=0.989558
[run] walnut/eight_schools_noncentered/rep2: wall=0.0s warm=0.0 samp=0.0 lg=70209 logp_frac=0.699284
[run] walnut/blr/rep2: wall=0.1s warm=0.0 samp=0.1 lg=265368 logp_frac=0.954166
[run] walnut/kidscore_momiq/rep2: wall=0.4s warm=0.2 samp=0.1 lg=149224 logp_frac=0.941811
[run] walnut/lsat_model/rep2: wall=8.6s warm=4.1 samp=4.0 lg=144900 logp_frac=0.954733
[run] walnut/logmesquite_logvash/rep2: wall=0.1s warm=0.0 samp=0.1 lg=149963 logp_frac=0.883223
[run] walnut/wells_dist100_model/rep2: wall=1.0s warm=0.4 samp=0.4 lg=53982 logp_frac=0.992334
[run] walnut/diamonds/rep2: wall=1.7s warm=0.2 samp=1.4 lg=207153 logp_frac=0.987554
[run] walnut/radon_partially_pooled_noncentered/rep2: wall=26.1s warm=11.9 samp=9.7 lg=159677 logp_frac=0.98743
[run] walnut/radon_variable_intercept_slope_noncentered/rep2: wall=2.6s warm=1.1 samp=1.0 lg=140330 logp_frac=0.962523
[run] walnut/dogs_hierarchical/rep2: wall=1.1s warm=0.5 samp=0.4 lg=49562 logp_frac=0.914571
[run] walnut/pilots/rep2: wall=-1.3s warm=0.1 samp=-1.4 lg=205404 logp_frac=1.00594
[run] walnut/hier_2pl/rep2: wall=65.7s warm=34.4 samp=27.8 lg=152558 logp_frac=0.989679
[run] walnut/gp_regr/rep2: wall=0.1s warm=0.0 samp=0.0 lg=45955 logp_frac=0.951384
[run] walnut/kronecker_gp/rep2: wall=22.1s warm=11.1 samp=9.1 lg=150940 logp_frac=0.962853
[run] walnut/accel_gp/rep2: wall=1.8s warm=0.6 samp=0.6 lg=254889 logp_frac=0.949565
[run] walnut/bym2_offset_only/rep2: wall=18.3s warm=6.7 samp=7.6 lg=267023 logp_frac=0.868727
[run] walnut/eight_schools_centered/rep2: wall=0.1s warm=0.0 samp=0.0 lg=145650 logp_frac=0.775956
[run] walnut/garch11/rep2: wall=0.3s warm=0.1 samp=0.1 lg=72896 logp_frac=0.976727
[run] walnut/lotka_volterra/rep2: wall=3.9s warm=1.5 samp=1.5 lg=131962 logp_frac=0.972575
[run] walnut/low_dim_gauss_mix/rep2: wall=6.1s warm=3.5 samp=1.5 lg=82602 logp_frac=0.996259
[run] walnut/arma11/rep2: wall=0.6s warm=0.3 samp=0.3 lg=206081 logp_frac=0.990942
WALNUT GRID DONE
